Component: ARM Compiler 5.06 update 3 (build 300) Tool: armlink [4d35c9]

==============================================================================

Section Cross References

    startup_stm32f429xx.o(RESET) refers to startup_stm32f429xx.o(STACK) for __initial_sp
    startup_stm32f429xx.o(RESET) refers to startup_stm32f429xx.o(.text) for Reset_Handler
    startup_stm32f429xx.o(RESET) refers to stm32f4xx_it.o(i.NMI_Handler) for NMI_Handler
    startup_stm32f429xx.o(RESET) refers to stm32f4xx_it.o(i.HardFault_Handler) for HardFault_Handler
    startup_stm32f429xx.o(RESET) refers to stm32f4xx_it.o(i.MemManage_Handler) for MemManage_Handler
    startup_stm32f429xx.o(RESET) refers to stm32f4xx_it.o(i.BusFault_Handler) for BusFault_Handler
    startup_stm32f429xx.o(RESET) refers to stm32f4xx_it.o(i.UsageFault_Handler) for UsageFault_Handler
    startup_stm32f429xx.o(RESET) refers to stm32f4xx_it.o(i.SVC_Handler) for SVC_Handler
    startup_stm32f429xx.o(RESET) refers to stm32f4xx_it.o(i.DebugMon_Handler) for DebugMon_Handler
    startup_stm32f429xx.o(RESET) refers to stm32f4xx_it.o(i.PendSV_Handler) for PendSV_Handler
    startup_stm32f429xx.o(RESET) refers to stm32f4xx_it.o(i.SysTick_Handler) for SysTick_Handler
    startup_stm32f429xx.o(RESET) refers to stm32f4xx_it.o(i.EXTI0_IRQHandler) for EXTI0_IRQHandler
    startup_stm32f429xx.o(.text) refers to system_stm32f4xx.o(i.SystemInit) for SystemInit
    startup_stm32f429xx.o(.text) refers to entry.o(.ARM.Collect$$$$00000000) for __main
    system_stm32f4xx.o(i.SystemCoreClockUpdate) refers to system_stm32f4xx.o(.data) for .data
    system_stm32f4xx.o(i.SystemCoreClockUpdate) refers to system_stm32f4xx.o(.constdata) for .constdata
    stm32f429i_discovery.o(i.BSP_LED_Init) refers to stm32f4xx_hal_gpio.o(i.HAL_GPIO_Init) for HAL_GPIO_Init
    stm32f429i_discovery.o(i.BSP_LED_Init) refers to stm32f4xx_hal_gpio.o(i.HAL_GPIO_WritePin) for HAL_GPIO_WritePin
    stm32f429i_discovery.o(i.BSP_LED_Init) refers to stm32f429i_discovery.o(.constdata) for .constdata
    stm32f429i_discovery.o(i.BSP_LED_Init) refers to stm32f429i_discovery.o(.data) for .data
    stm32f429i_discovery.o(i.BSP_LED_Off) refers to stm32f4xx_hal_gpio.o(i.HAL_GPIO_WritePin) for HAL_GPIO_WritePin
    stm32f429i_discovery.o(i.BSP_LED_Off) refers to stm32f429i_discovery.o(.constdata) for .constdata
    stm32f429i_discovery.o(i.BSP_LED_Off) refers to stm32f429i_discovery.o(.data) for .data
    stm32f429i_discovery.o(i.BSP_LED_On) refers to stm32f4xx_hal_gpio.o(i.HAL_GPIO_WritePin) for HAL_GPIO_WritePin
    stm32f429i_discovery.o(i.BSP_LED_On) refers to stm32f429i_discovery.o(.constdata) for .constdata
    stm32f429i_discovery.o(i.BSP_LED_On) refers to stm32f429i_discovery.o(.data) for .data
    stm32f429i_discovery.o(i.BSP_LED_Toggle) refers to stm32f4xx_hal_gpio.o(i.HAL_GPIO_TogglePin) for HAL_GPIO_TogglePin
    stm32f429i_discovery.o(i.BSP_LED_Toggle) refers to stm32f429i_discovery.o(.constdata) for .constdata
    stm32f429i_discovery.o(i.BSP_LED_Toggle) refers to stm32f429i_discovery.o(.data) for .data
    stm32f429i_discovery.o(i.BSP_PB_GetState) refers to stm32f4xx_hal_gpio.o(i.HAL_GPIO_ReadPin) for HAL_GPIO_ReadPin
    stm32f429i_discovery.o(i.BSP_PB_GetState) refers to stm32f429i_discovery.o(.constdata) for .constdata
    stm32f429i_discovery.o(i.BSP_PB_GetState) refers to stm32f429i_discovery.o(.data) for .data
    stm32f429i_discovery.o(i.BSP_PB_Init) refers to stm32f4xx_hal_gpio.o(i.HAL_GPIO_Init) for HAL_GPIO_Init
    stm32f429i_discovery.o(i.BSP_PB_Init) refers to stm32f4xx_hal_cortex.o(i.HAL_NVIC_SetPriority) for HAL_NVIC_SetPriority
    stm32f429i_discovery.o(i.BSP_PB_Init) refers to stm32f4xx_hal_cortex.o(i.HAL_NVIC_EnableIRQ) for HAL_NVIC_EnableIRQ
    stm32f429i_discovery.o(i.BSP_PB_Init) refers to stm32f429i_discovery.o(.constdata) for .constdata
    stm32f429i_discovery.o(i.BSP_PB_Init) refers to stm32f429i_discovery.o(.data) for .data
    stm32f429i_discovery.o(i.GYRO_IO_Init) refers to stm32f4xx_hal_gpio.o(i.HAL_GPIO_Init) for HAL_GPIO_Init
    stm32f429i_discovery.o(i.GYRO_IO_Init) refers to stm32f4xx_hal_gpio.o(i.HAL_GPIO_WritePin) for HAL_GPIO_WritePin
    stm32f429i_discovery.o(i.GYRO_IO_Init) refers to stm32f429i_discovery.o(i.SPIx_Init) for SPIx_Init
    stm32f429i_discovery.o(i.GYRO_IO_Read) refers to stm32f4xx_hal_gpio.o(i.HAL_GPIO_WritePin) for HAL_GPIO_WritePin
    stm32f429i_discovery.o(i.GYRO_IO_Read) refers to stm32f4xx_hal_spi.o(i.HAL_SPI_TransmitReceive) for HAL_SPI_TransmitReceive
    stm32f429i_discovery.o(i.GYRO_IO_Read) refers to stm32f4xx_hal_spi.o(i.HAL_SPI_DeInit) for HAL_SPI_DeInit
    stm32f429i_discovery.o(i.GYRO_IO_Read) refers to stm32f429i_discovery.o(i.SPIx_Init) for SPIx_Init
    stm32f429i_discovery.o(i.GYRO_IO_Read) refers to stm32f429i_discovery.o(.data) for .data
    stm32f429i_discovery.o(i.GYRO_IO_Read) refers to stm32f429i_discovery.o(.bss) for .bss
[...]
    Removing stm32f4xx_ll_fmc.o(i.FMC_NORSRAM_Timing_Init), (100 bytes).
    Removing stm32f4xx_ll_fmc.o(i.FMC_NORSRAM_WriteOperation_Disable), (16 bytes).
    Removing stm32f4xx_ll_fmc.o(i.FMC_NORSRAM_WriteOperation_Enable), (16 bytes).
    Removing stm32f4xx_ll_fmc.o(i.FMC_PCCARD_AttributeSpace_Timing_Init), (28 bytes).
    Removing stm32f4xx_ll_fmc.o(i.FMC_PCCARD_CommonSpace_Timing_Init), (28 bytes).
    Removing stm32f4xx_ll_fmc.o(i.FMC_PCCARD_DeInit), (30 bytes).
    Removing stm32f4xx_ll_fmc.o(i.FMC_PCCARD_IOSpace_Timing_Init), (28 bytes).
    Removing stm32f4xx_ll_fmc.o(i.FMC_PCCARD_Init), (38 bytes).
    Removing stm32f4xx_ll_fmc.o(i.FMC_SDRAM_DeInit), (30 bytes).
    Removing stm32f4xx_ll_fmc.o(i.FMC_SDRAM_GetModeStatus), (18 bytes).
    Removing stm32f4xx_ll_fmc.o(i.FMC_SDRAM_SetAutoRefreshNumber), (12 bytes).
    Removing stm32f4xx_ll_fmc.o(i.FMC_SDRAM_WriteProtection_Disable), (16 bytes).
    Removing stm32f4xx_ll_fmc.o(i.FMC_SDRAM_WriteProtection_Enable), (16 bytes).
    Removing stm32f4xx_hal_ltdc.o(.rev16_text), (4 bytes).
    Removing stm32f4xx_hal_ltdc.o(.revsh_text), (4 bytes).
    Removing stm32f4xx_hal_ltdc.o(.rrx_text), (6 bytes).
    Removing stm32f4xx_hal_ltdc.o(i.HAL_LTDC_ConfigCLUT), (144 bytes).
    Removing stm32f4xx_hal_ltdc.o(i.HAL_LTDC_ConfigColorKeying), (78 bytes).
    Removing stm32f4xx_hal_ltdc.o(i.HAL_LTDC_ConfigColorKeying_NoReload), (74 bytes).
    Removing stm32f4xx_hal_ltdc.o(i.HAL_LTDC_ConfigLayer_NoReload), (84 bytes).
    Removing stm32f4xx_hal_ltdc.o(i.HAL_LTDC_DeInit), (24 bytes).
    Removing stm32f4xx_hal_ltdc.o(i.HAL_LTDC_DisableCLUT), (64 bytes).
    Removing stm32f4xx_hal_ltdc.o(i.HAL_LTDC_DisableCLUT_NoReload), (60 bytes).
    Removing stm32f4xx_hal_ltdc.o(i.HAL_LTDC_DisableColorKeying), (64 bytes).
    Removing stm32f4xx_hal_ltdc.o(i.HAL_LTDC_DisableColorKeying_NoReload), (60 bytes).
    Removing stm32f4xx_hal_ltdc.o(i.HAL_LTDC_DisableDither), (52 bytes).
    Removing stm32f4xx_hal_ltdc.o(i.HAL_LTDC_EnableCLUT), (64 bytes).
    Removing stm32f4xx_hal_ltdc.o(i.HAL_LTDC_EnableCLUT_NoReload), (60 bytes).
    Removing stm32f4xx_hal_ltdc.o(i.HAL_LTDC_EnableColorKeying), (64 bytes).
    Removing stm32f4xx_hal_ltdc.o(i.HAL_LTDC_EnableColorKeying_NoReload), (60 bytes).
    Removing stm32f4xx_hal_ltdc.o(i.HAL_LTDC_ErrorCallback), (2 bytes).
    Removing stm32f4xx_hal_ltdc.o(i.HAL_LTDC_GetError), (6 bytes).
    Removing stm32f4xx_hal_ltdc.o(i.HAL_LTDC_GetState), (6 bytes).
    Removing stm32f4xx_hal_ltdc.o(i.HAL_LTDC_IRQHandler), (218 bytes).
    Removing stm32f4xx_hal_ltdc.o(i.HAL_LTDC_LineEventCallback), (2 bytes).
    Removing stm32f4xx_hal_ltdc.o(i.HAL_LTDC_MspDeInit), (2 bytes).
    Removing stm32f4xx_hal_ltdc.o(i.HAL_LTDC_ProgramLineEvent), (72 bytes).
    Removing stm32f4xx_hal_ltdc.o(i.HAL_LTDC_Reload), (56 bytes).
    Removing stm32f4xx_hal_ltdc.o(i.HAL_LTDC_ReloadEventCallback), (2 bytes).
    Removing stm32f4xx_hal_ltdc.o(i.HAL_LTDC_SetAddress), (70 bytes).
    Removing stm32f4xx_hal_ltdc.o(i.HAL_LTDC_SetAddress_NoReload), (66 bytes).
    Removing stm32f4xx_hal_ltdc.o(i.HAL_LTDC_SetAlpha), (70 bytes).
    Removing stm32f4xx_hal_ltdc.o(i.HAL_LTDC_SetAlpha_NoReload), (66 bytes).
    Removing stm32f4xx_hal_ltdc.o(i.HAL_LTDC_SetPitch), (144 bytes).
    Removing stm32f4xx_hal_ltdc.o(i.HAL_LTDC_SetPitch_NoReload), (122 bytes).
    Removing stm32f4xx_hal_ltdc.o(i.HAL_LTDC_SetPixelFormat), (70 bytes).
    Removing stm32f4xx_hal_ltdc.o(i.HAL_LTDC_SetPixelFormat_NoReload), (66 bytes).
    Removing stm32f4xx_hal_ltdc.o(i.HAL_LTDC_SetWindowPosition), (84 bytes).
    Removing stm32f4xx_hal_ltdc.o(i.HAL_LTDC_SetWindowPosition_NoReload), (80 bytes).
    Removing stm32f4xx_hal_ltdc.o(i.HAL_LTDC_SetWindowSize), (84 bytes).
    Removing stm32f4xx_hal_ltdc.o(i.HAL_LTDC_SetWindowSize_NoReload), (80 bytes).
    Removing stm32f4xx_hal_ltdc_ex.o(.rev16_text), (4 bytes).
    Removing stm32f4xx_hal_ltdc_ex.o(.revsh_text), (4 bytes).
    Removing stm32f4xx_hal_ltdc_ex.o(.rrx_text), (6 bytes).
    Removing stm32f4xx_hal_i2c_ex.o(.rev16_text), (4 bytes).
    Removing stm32f4xx_hal_i2c_ex.o(.revsh_text), (4 bytes).
    Removing stm32f4xx_hal_i2c_ex.o(.rrx_text), (6 bytes).
    Removing stm32f4xx_hal_i2c_ex.o(i.HAL_I2CEx_ConfigAnalogFilter), (66 bytes).
    Removing stm32f4xx_hal_i2c_ex.o(i.HAL_I2CEx_ConfigDigitalFilter), (62 bytes).
    Removing stm32f4xx_hal_i2s_ex.o(.rev16_text), (4 bytes).
    Removing stm32f4xx_hal_i2s_ex.o(.revsh_text), (4 bytes).
    Removing stm32f4xx_hal_i2s_ex.o(.rrx_text), (6 bytes).
    Removing stm32f4xx_hal_i2c.o(.rev16_text), (4 bytes).
    Removing stm32f4xx_hal_i2c.o(.revsh_text), (4 bytes).
    Removing stm32f4xx_hal_i2c.o(.rrx_text), (6 bytes).
    Removing stm32f4xx_hal_i2c.o(i.HAL_I2C_AbortCpltCallback), (2 bytes).
    Removing stm32f4xx_hal_i2c.o(i.HAL_I2C_AddrCallback), (2 bytes).
    Removing stm32f4xx_hal_i2c.o(i.HAL_I2C_DeInit), (54 bytes).
    Removing stm32f4xx_hal_i2c.o(i.HAL_I2C_DisableListen_IT), (64 bytes).
    Removing stm32f4xx_hal_i2c.o(i.HAL_I2C_ER_IRQHandler), (344 bytes).
    Removing stm32f4xx_hal_i2c.o(i.HAL_I2C_EV_IRQHandler), (1764 bytes).
    Removing stm32f4xx_hal_i2c.o(i.HAL_I2C_EnableListen_IT), (60 bytes).
    Removing stm32f4xx_hal_i2c.o(i.HAL_I2C_ErrorCallback), (2 bytes).
    Removing stm32f4xx_hal_i2c.o(i.HAL_I2C_GetError), (4 bytes).
    Removing stm32f4xx_hal_i2c.o(i.HAL_I2C_GetMode), (6 bytes).
    Removing stm32f4xx_hal_i2c.o(i.HAL_I2C_GetState), (6 bytes).
    Removing stm32f4xx_hal_i2c.o(i.HAL_I2C_Init), (264 bytes).
    Removing stm32f4xx_hal_i2c.o(i.HAL_I2C_IsDeviceReady), (348 bytes).
    Removing stm32f4xx_hal_i2c.o(i.HAL_I2C_ListenCpltCallback), (2 bytes).
    Removing stm32f4xx_hal_i2c.o(i.HAL_I2C_MasterRxCpltCallback), (2 bytes).
    Removing stm32f4xx_hal_i2c.o(i.HAL_I2C_MasterTxCpltCallback), (2 bytes).
    Removing stm32f4xx_hal_i2c.o(i.HAL_I2C_Master_Abort_IT), (86 bytes).
    Removing stm32f4xx_hal_i2c.o(i.HAL_I2C_Master_Receive), (912 bytes).
    Removing stm32f4xx_hal_i2c.o(i.HAL_I2C_Master_Receive_DMA), (316 bytes).
    Removing stm32f4xx_hal_i2c.o(i.HAL_I2C_Master_Receive_IT), (236 bytes).
    Removing stm32f4xx_hal_i2c.o(i.HAL_I2C_Master_Sequential_Receive_IT), (248 bytes).
    Removing stm32f4xx_hal_i2c.o(i.HAL_I2C_Master_Sequential_Transmit_IT), (244 bytes).
    Removing stm32f4xx_hal_i2c.o(i.HAL_I2C_Master_Transmit), (540 bytes).
    Removing stm32f4xx_hal_i2c.o(i.HAL_I2C_Master_Transmit_DMA), (316 bytes).
    Removing stm32f4xx_hal_i2c.o(i.HAL_I2C_Master_Transmit_IT), (224 bytes).
    Removing stm32f4xx_hal_i2c.o(i.HAL_I2C_MemRxCpltCallback), (2 bytes).
    Removing stm32f4xx_hal_i2c.o(i.HAL_I2C_MemTxCpltCallback), (2 bytes).
    Removing stm32f4xx_hal_i2c.o(i.HAL_I2C_Mem_Read), (704 bytes).
    Removing stm32f4xx_hal_i2c.o(i.HAL_I2C_Mem_Read_DMA), (412 bytes).
    Removing stm32f4xx_hal_i2c.o(i.HAL_I2C_Mem_Read_IT), (252 bytes).
    Removing stm32f4xx_hal_i2c.o(i.HAL_I2C_Mem_Write), (428 bytes).
    Removing stm32f4xx_hal_i2c.o(i.HAL_I2C_Mem_Write_DMA), (316 bytes).
    Removing stm32f4xx_hal_i2c.o(i.HAL_I2C_Mem_Write_IT), (236 bytes).
    Removing stm32f4xx_hal_i2c.o(i.HAL_I2C_MspDeInit), (2 bytes).
    Removing stm32f4xx_hal_i2c.o(i.HAL_I2C_MspInit), (2 bytes).
    Removing stm32f4xx_hal_i2c.o(i.HAL_I2C_SlaveRxCpltCallback), (2 bytes).
    Removing stm32f4xx_hal_i2c.o(i.HAL_I2C_SlaveTxCpltCallback), (2 bytes).
    Removing stm32f4xx_hal_i2c.o(i.HAL_I2C_Slave_Receive), (500 bytes).
    Removing stm32f4xx_hal_i2c.o(i.HAL_I2C_Slave_Receive_DMA), (252 bytes).
    Removing stm32f4xx_hal_i2c.o(i.HAL_I2C_Slave_Receive_IT), (208 bytes).
    Removing stm32f4xx_hal_i2c.o(i.HAL_I2C_Slave_Sequential_Receive_IT), (150 bytes).
    Removing stm32f4xx_hal_i2c.o(i.HAL_I2C_Slave_Sequential_Transmit_IT), (150 bytes).
    Removing stm32f4xx_hal_i2c.o(i.HAL_I2C_Slave_Transmit), (368 bytes).
    Removing stm32f4xx_hal_i2c.o(i.HAL_I2C_Slave_Transmit_DMA), (252 bytes).
    Removing stm32f4xx_hal_i2c.o(i.HAL_I2C_Slave_Transmit_IT), (208 bytes).
    Removing stm32f4xx_hal_i2c.o(i.I2C_DMAAbort), (78 bytes).
    Removing stm32f4xx_hal_i2c.o(i.I2C_DMAError), (54 bytes).
    Removing stm32f4xx_hal_i2c.o(i.I2C_DMAXferCplt), (136 bytes).
    Removing stm32f4xx_hal_i2c.o(i.I2C_ITError), (308 bytes).
    Removing stm32f4xx_hal_i2c.o(i.I2C_RequestMemoryRead), (276 bytes).
    Removing stm32f4xx_hal_i2c.o(i.I2C_RequestMemoryWrite), (180 bytes).
    Removing stm32f4xx_hal_i2c.o(i.I2C_WaitOnFlagUntilTimeout), (158 bytes).
    Removing stm32f4xx_hal_i2c.o(i.I2C_WaitOnMasterAddressFlagUntilTimeout), (180 bytes).
    Removing stm32f4xx_hal_i2c.o(i.I2C_WaitOnTXEFlagUntilTimeout), (124 bytes).
    Removing stm32f4xx_hal_rcc.o(.rev16_text), (4 bytes).
    Removing stm32f4xx_hal_rcc.o(.revsh_text), (4 bytes).
    Removing stm32f4xx_hal_rcc.o(.rrx_text), (6 bytes).
    Removing stm32f4xx_hal_rcc.o(i.HAL_RCC_CSSCallback), (2 bytes).
    Removing stm32f4xx_hal_rcc.o(i.HAL_RCC_DeInit), (4 bytes).
    Removing stm32f4xx_hal_rcc.o(i.HAL_RCC_DisableCSS), (12 bytes).
    Removing stm32f4xx_hal_rcc.o(i.HAL_RCC_EnableCSS), (12 bytes).
    Removing stm32f4xx_hal_rcc.o(i.HAL_RCC_GetClockConfig), (64 bytes).
    Removing stm32f4xx_hal_rcc.o(i.HAL_RCC_GetHCLKFreq), (12 bytes).
    Removing stm32f4xx_hal_rcc.o(i.HAL_RCC_GetOscConfig), (216 bytes).
    Removing stm32f4xx_hal_rcc.o(i.HAL_RCC_GetPCLK1Freq), (32 bytes).
    Removing stm32f4xx_hal_rcc.o(i.HAL_RCC_GetPCLK2Freq), (32 bytes).
    Removing stm32f4xx_hal_rcc.o(i.HAL_RCC_MCOConfig), (148 bytes).
    Removing stm32f4xx_hal_rcc.o(i.HAL_RCC_NMI_IRQHandler), (36 bytes).
    Removing stm32f4xx_hal_rcc_ex.o(.rev16_text), (4 bytes).
    Removing stm32f4xx_hal_rcc_ex.o(.revsh_text), (4 bytes).
    Removing stm32f4xx_hal_rcc_ex.o(.rrx_text), (6 bytes).
    Removing stm32f4xx_hal_rcc_ex.o(i.HAL_RCCEx_DisablePLLI2S), (60 bytes).
    Removing stm32f4xx_hal_rcc_ex.o(i.HAL_RCCEx_DisablePLLSAI), (60 bytes).
    Removing stm32f4xx_hal_rcc_ex.o(i.HAL_RCCEx_EnablePLLI2S), (128 bytes).
    Removing stm32f4xx_hal_rcc_ex.o(i.HAL_RCCEx_EnablePLLSAI), (128 bytes).
    Removing stm32f4xx_hal_rcc_ex.o(i.HAL_RCCEx_GetPeriphCLKConfig), (140 bytes).
    Removing stm32f4xx_hal_rcc_ex.o(i.HAL_RCCEx_GetPeriphCLKFreq), (100 bytes).
    Removing stm32f4xx_hal_rcc_ex.o(i.HAL_RCC_DeInit), (412 bytes).
    Removing stm32f4xx_hal_pwr_ex.o(.rev16_text), (4 bytes).
    Removing stm32f4xx_hal_pwr_ex.o(.revsh_text), (4 bytes).
    Removing stm32f4xx_hal_pwr_ex.o(.rrx_text), (6 bytes).
    Removing stm32f4xx_hal_pwr_ex.o(i.HAL_PWREx_ControlVoltageScaling), (208 bytes).
    Removing stm32f4xx_hal_pwr_ex.o(i.HAL_PWREx_DisableBkUpReg), (64 bytes).
    Removing stm32f4xx_hal_pwr_ex.o(i.HAL_PWREx_DisableFlashPowerDown), (12 bytes).
    Removing stm32f4xx_hal_pwr_ex.o(i.HAL_PWREx_DisableOverDrive), (120 bytes).
    Removing stm32f4xx_hal_pwr_ex.o(i.HAL_PWREx_EnableBkUpReg), (64 bytes).
    Removing stm32f4xx_hal_pwr_ex.o(i.HAL_PWREx_EnableFlashPowerDown), (12 bytes).
    Removing stm32f4xx_hal_pwr_ex.o(i.HAL_PWREx_EnterUnderDriveSTOPMode), (96 bytes).
    Removing stm32f4xx_hal_pwr_ex.o(i.HAL_PWREx_GetVoltageRange), (16 bytes).
    Removing stm32f4xx_hal_pwr.o(.rev16_text), (4 bytes).
    Removing stm32f4xx_hal_pwr.o(.revsh_text), (4 bytes).
    Removing stm32f4xx_hal_pwr.o(.rrx_text), (6 bytes).
    Removing stm32f4xx_hal_pwr.o(i.HAL_PWR_ConfigPVD), (152 bytes).
    Removing stm32f4xx_hal_pwr.o(i.HAL_PWR_DeInit), (24 bytes).
    Removing stm32f4xx_hal_pwr.o(i.HAL_PWR_DisableBkUpAccess), (12 bytes).
    Removing stm32f4xx_hal_pwr.o(i.HAL_PWR_DisablePVD), (12 bytes).
    Removing stm32f4xx_hal_pwr.o(i.HAL_PWR_DisableSEVOnPend), (16 bytes).
    Removing stm32f4xx_hal_pwr.o(i.HAL_PWR_DisableSleepOnExit), (16 bytes).
    Removing stm32f4xx_hal_pwr.o(i.HAL_PWR_DisableWakeUpPin), (16 bytes).
    Removing stm32f4xx_hal_pwr.o(i.HAL_PWR_EnableBkUpAccess), (12 bytes).
    Removing stm32f4xx_hal_pwr.o(i.HAL_PWR_EnablePVD), (12 bytes).
    Removing stm32f4xx_hal_pwr.o(i.HAL_PWR_EnableSEVOnPend), (16 bytes).
    Removing stm32f4xx_hal_pwr.o(i.HAL_PWR_EnableSleepOnExit), (16 bytes).
    Removing stm32f4xx_hal_pwr.o(i.HAL_PWR_EnableWakeUpPin), (16 bytes).
    Removing stm32f4xx_hal_pwr.o(i.HAL_PWR_EnterSLEEPMode), (32 bytes).
    Removing stm32f4xx_hal_pwr.o(i.HAL_PWR_EnterSTANDBYMode), (32 bytes).
    Removing stm32f4xx_hal_pwr.o(i.HAL_PWR_EnterSTOPMode), (52 bytes).
    Removing stm32f4xx_hal_pwr.o(i.HAL_PWR_PVDCallback), (2 bytes).
    Removing stm32f4xx_hal_pwr.o(i.HAL_PWR_PVD_IRQHandler), (32 bytes).
    Removing ili9341.o(i.ili9341_ReadData), (4 bytes).
    Removing ili9341.o(i.ili9341_WriteData), (4 bytes).
    Removing ili9341.o(i.ili9341_WriteReg), (4 bytes).
    Removing main.o(.rev16_text), (4 bytes).
    Removing main.o(.revsh_text), (4 bytes).
    Removing main.o(.rrx_text), (6 bytes).
    Removing main.o(i.LCD_Config), (156 bytes).
    Removing main.o(i.LTDC_switch_framebuffer), (64 bytes).
    Removing main.o(i.ct_screen_backbuffer_ptr), (24 bytes).
    Removing main.o(i.ct_screen_init), (86 bytes).
    Removing main.o(i.init_bird), (148 bytes).
    Removing main.o(i.process_input), (84 bytes).
    Removing main.o(.data), (4 bytes).
    Removing stm32f4xx_it.o(.rev16_text), (4 bytes).
    Removing stm32f4xx_it.o(.revsh_text), (4 bytes).
    Removing stm32f4xx_it.o(.rrx_text), (6 bytes).
    Removing graphics.o(.rev16_text), (4 bytes).
    Removing graphics.o(.revsh_text), (4 bytes).
    Removing graphics.o(.rrx_text), (6 bytes).
    Removing graphics.o(i.BufferToScreen), (64 bytes).
    Removing graphics.o(i.CopySDRam), (26 bytes).
    Removing graphics.o(i.Cross_Product_3D), (86 bytes).
    Removing graphics.o(i.Dot_Product_3D), (38 bytes).
    Removing graphics.o(i.DrawBitmap), (26 bytes).
    Removing graphics.o(i.DrawBottomTriangle), (138 bytes).
    Removing graphics.o(i.DrawTopTriangle), (184 bytes).
    Removing graphics.o(i.DrawTriangle), (234 bytes).
    Removing graphics.o(i.Draw_Line), (310 bytes).
    Removing graphics.o(i.Draw_Object_Solid), (860 bytes).
    Removing graphics.o(i.InitSprite), (90 bytes).
    Removing graphics.o(i.Make_Vector_3D), (50 bytes).
    Removing graphics.o(i.Mat_Copy_4x4), (130 bytes).
    Removing graphics.o(i.Mat_Identity_4x4), (80 bytes).
    Removing graphics.o(i.Mat_Mul_1x4_4x4), (232 bytes).
    Removing graphics.o(i.Mat_Mul_4x4_4x4), (264 bytes).
    Removing graphics.o(i.Mat_Zero_4x4), (76 bytes).
    Removing graphics.o(i.Remove_Backfaces_And_Shade), (764 bytes).
    Removing graphics.o(i.Rotate_Polygon3D_YAxis), (312 bytes).
    Removing graphics.o(i.Transform_LocalToWorld), (86 bytes).
    Removing graphics.o(i.Transform_WorldToCamera), (82 bytes).
    Removing graphics.o(i.Vector_Mag_3D), (56 bytes).
    Removing graphics.o(i.blit), (82 bytes).
    Removing graphics.o(i.erase_spr), (2 bytes).
    Removing graphics.o(i.fcos), (80 bytes).
    Removing graphics.o(i.floatToRGB565), (44 bytes).
    Removing graphics.o(i.fsin), (76 bytes).
    Removing graphics.o(i.swap), (10 bytes).
    Removing graphics.o(.bss), (12 bytes).
    Removing graphics.o(.constdata), (182 bytes).
    Removing graphics.o(.data), (16 bytes).
    Removing dadd.o(.text), (334 bytes).
    Removing dmul.o(.text), (228 bytes).
    Removing ddiv.o(.text), (222 bytes).
    Removing dfixi.o(.text), (62 bytes).
    Removing f2d.o(.text), (38 bytes).
    Removing d2f.o(.text), (56 bytes).
    Removing fepilogue.o(.text), (110 bytes).
    Removing depilogue.o(.text), (186 bytes).
    Removing dneg.o(.text), (6 bytes).
    Removing dsqrt.o(.text), (162 bytes).
    Removing cdcmple.o(.text), (48 bytes).
    Removing dflti.o(.text), (34 bytes).
    Removing dfltui.o(.text), (26 bytes).

521 unused section(s) (total 52388 bytes) removed from the image.

==============================================================================

Image Symbol Table

    Local Symbols

    Symbol Name                              Value     Ov Type        Size  Object(Section)

    ../Src/main.c                            0x00000000   Number         0  main.o ABSOLUTE
    ../Src/stm32f4xx_it.c                    0x00000000   Number         0  stm32f4xx_it.o ABSOLUTE
    ../Src/system_stm32f4xx.c                0x00000000   Number         0  system_stm32f4xx.o ABSOLUTE
    ../clib/microlib/division.c              0x00000000   Number         0  uldiv.o ABSOLUTE
    ../clib/microlib/errno.c                 0x00000000   Number         0  errno.o ABSOLUTE
    ../clib/microlib/init/entry.s            0x00000000   Number         0  entry11a.o ABSOLUTE
    ../clib/microlib/init/entry.s            0x00000000   Number         0  entry2.o ABSOLUTE
    ../clib/microlib/init/entry.s            0x00000000   Number         0  entry8b.o ABSOLUTE
    ../clib/microlib/init/entry.s            0x00000000   Number         0  entry5.o ABSOLUTE
    ../clib/microlib/init/entry.s            0x00000000   Number         0  entry7a.o ABSOLUTE
    ../clib/microlib/init/entry.s            0x00000000   Number         0  entry7b.o ABSOLUTE
    ../clib/microlib/init/entry.s            0x00000000   Number         0  entry10b.o ABSOLUTE
    ../clib/microlib/init/entry.s            0x00000000   Number         0  entry8a.o ABSOLUTE
    ../clib/microlib/init/entry.s            0x00000000   Number         0  entry10a.o ABSOLUTE
    ../clib/microlib/init/entry.s            0x00000000   Number         0  entry9b.o ABSOLUTE
    ../clib/microlib/init/entry.s            0x00000000   Number         0  entry.o ABSOLUTE
    ../clib/microlib/init/entry.s            0x00000000   Number         0  entry9a.o ABSOLUTE
    ../clib/microlib/init/entry.s            0x00000000   Number         0  entry11b.o ABSOLUTE
    ../clib/microlib/longlong.c              0x00000000   Number         0  llsshr.o ABSOLUTE
    ../clib/microlib/longlong.c              0x00000000   Number         0  llushr.o ABSOLUTE
    ../clib/microlib/longlong.c              0x00000000   Number         0  llshl.o ABSOLUTE
    ../clib/microlib/malloc/malloc.c         0x00000000   Number         0  mallocr.o ABSOLUTE
    ../clib/microlib/malloc/malloc.c         0x00000000   Number         0  malloca.o ABSOLUTE
    ../clib/microlib/malloc/malloc.c         0x00000000   Number         0  mallocra.o ABSOLUTE
    ../clib/microlib/malloc/malloc.c         0x00000000   Number         0  malloc.o ABSOLUTE
    ../clib/microlib/malloc/mvars.c          0x00000000   Number         0  mvars.o ABSOLUTE
    ../clib/microlib/stdlib/rand.c           0x00000000   Number         0  rand.o ABSOLUTE
    ../clib/microlib/string/memcpy.c         0x00000000   Number         0  memcpyb.o ABSOLUTE
    ../clib/microlib/string/memcpy.c         0x00000000   Number         0  memcpya.o ABSOLUTE
    ../clib/microlib/stubs.s                 0x00000000   Number         0  iusefp.o ABSOLUTE
    ../fplib/microlib/d2f.c                  0x00000000   Number         0  d2f.o ABSOLUTE
    ../fplib/microlib/f2d.c                  0x00000000   Number         0  f2d.o ABSOLUTE
    ../fplib/microlib/fpadd.c                0x00000000   Number         0  dadd.o ABSOLUTE
    ../fplib/microlib/fpdiv.c                0x00000000   Number         0  ddiv.o ABSOLUTE
    ../fplib/microlib/fpepilogue.c           0x00000000   Number         0  depilogue.o ABSOLUTE
    ../fplib/microlib/fpepilogue.c           0x00000000   Number         0  fepilogue.o ABSOLUTE
    ../fplib/microlib/fpfix.c                0x00000000   Number         0  dfixi.o ABSOLUTE
    ../fplib/microlib/fpflt.c                0x00000000   Number         0  dfltui.o ABSOLUTE
    ../fplib/microlib/fpflt.c                0x00000000   Number         0  dflti.o ABSOLUTE
    ../fplib/microlib/fpmul.c                0x00000000   Number         0  dmul.o ABSOLUTE
    ../fplib/microlib/fpneg.c                0x00000000   Number         0  dneg.o ABSOLUTE
    ../fplib/microlib/fpsqrt.c               0x00000000   Number         0  dsqrt.o ABSOLUTE
    ../mathlib/cos.c                         0x00000000   Number         0  cos_x.o ABSOLUTE
    ../mathlib/cos.c                         0x00000000   Number         0  cos.o ABSOLUTE
    ../mathlib/cos_i.c                       0x00000000   Number         0  cos_i.o ABSOLUTE
    ../mathlib/dunder.c                      0x00000000   Number         0  dunder.o ABSOLUTE
    ../mathlib/fabs.c                        0x00000000   Number         0  fabs.o ABSOLUTE
    ../mathlib/fpclassify.c                  0x00000000   Number         0  fpclassify.o ABSOLUTE
    ../mathlib/poly.c                        0x00000000   Number         0  poly.o ABSOLUTE
    ../mathlib/rred.c                        0x00000000   Number         0  rred.o ABSOLUTE
    ../mathlib/sin.c                         0x00000000   Number         0  sin.o ABSOLUTE
    ../mathlib/sin.c                         0x00000000   Number         0  sin_x.o ABSOLUTE
    ../mathlib/sin_i.c                       0x00000000   Number         0  sin_i_x.o ABSOLUTE
    ../mathlib/sin_i.c                       0x00000000   Number         0  sin_i.o ABSOLUTE
    ../mathlib/sqrt.c                        0x00000000   Number         0  sqrt_x.o ABSOLUTE
    ../mathlib/sqrt.c                        0x00000000   Number         0  sqrt.o ABSOLUTE
    ..\Drivers\BSP\Components\ili9341\ili9341.c 0x00000000   Number         0  ili9341.o ABSOLUTE
    ..\Drivers\BSP\STM32F429I-Discovery\stm32f429i_discovery.c 0x00000000   Number         0  stm32f429i_discovery.o ABSOLUTE
    ..\Drivers\BSP\STM32F429I-Discovery\stm32f429i_discovery_lcd.c 0x00000000   Number         0  stm32f429i_discovery_lcd.o ABSOLUTE
    ..\Drivers\BSP\STM32F429I-Discovery\stm32f429i_discovery_sdram.c 0x00000000   Number         0  stm32f429i_discovery_sdram.o ABSOLUTE
    ..\Drivers\STM32F4xx_HAL_Driver\Src\stm32f4xx_hal.c 0x00000000   Number         0  stm32f4xx_hal.o ABSOLUTE
    ..\Drivers\STM32F4xx_HAL_Driver\Src\stm32f4xx_hal_cortex.c 0x00000000   Number         0  stm32f4xx_hal_cortex.o ABSOLUTE
    ..\Drivers\STM32F4xx_HAL_Driver\Src\stm32f4xx_hal_dma.c 0x00000000   Number         0  stm32f4xx_hal_dma.o ABSOLUTE
    ..\Drivers\STM32F4xx_HAL_Driver\Src\stm32f4xx_hal_dma2d.c 0x00000000   Number         0  stm32f4xx_hal_dma2d.o ABSOLUTE
    ..\Drivers\STM32F4xx_HAL_Driver\Src\stm32f4xx_hal_dma_ex.c 0x00000000   Number         0  stm32f4xx_hal_dma_ex.o ABSOLUTE
    ..\Drivers\STM32F4xx_HAL_Driver\Src\stm32f4xx_hal_gpio.c 0x00000000   Number         0  stm32f4xx_hal_gpio.o ABSOLUTE
    ..\Drivers\STM32F4xx_HAL_Driver\Src\stm32f4xx_hal_i2c.c 0x00000000   Number         0  stm32f4xx_hal_i2c.o ABSOLUTE
    ..\Drivers\STM32F4xx_HAL_Driver\Src\stm32f4xx_hal_i2c_ex.c 0x00000000   Number         0  stm32f4xx_hal_i2c_ex.o ABSOLUTE
    ..\Drivers\STM32F4xx_HAL_Driver\Src\stm32f4xx_hal_i2s.c 0x00000000   Number         0  stm32f4xx_hal_i2s.o ABSOLUTE
    ..\Drivers\STM32F4xx_HAL_Driver\Src\stm32f4xx_hal_i2s_ex.c 0x00000000   Number         0  stm32f4xx_hal_i2s_ex.o ABSOLUTE
    ..\Drivers\STM32F4xx_HAL_Driver\Src\stm32f4xx_hal_ltdc.c 0x00000000   Number         0  stm32f4xx_hal_ltdc.o ABSOLUTE
    ..\Drivers\STM32F4xx_HAL_Driver\Src\stm32f4xx_hal_ltdc_ex.c 0x00000000   Number         0  stm32f4xx_hal_ltdc_ex.o ABSOLUTE
    ..\Drivers\STM32F4xx_HAL_Driver\Src\stm32f4xx_hal_pwr.c 0x00000000   Number         0  stm32f4xx_hal_pwr.o ABSOLUTE
    ..\Drivers\STM32F4xx_HAL_Driver\Src\stm32f4xx_hal_pwr_ex.c 0x00000000   Number         0  stm32f4xx_hal_pwr_ex.o ABSOLUTE
    ..\Drivers\STM32F4xx_HAL_Driver\Src\stm32f4xx_hal_rcc.c 0x00000000   Number         0  stm32f4xx_hal_rcc.o ABSOLUTE
    ..\Drivers\STM32F4xx_HAL_Driver\Src\stm32f4xx_hal_rcc_ex.c 0x00000000   Number         0  stm32f4xx_hal_rcc_ex.o ABSOLUTE
    ..\Drivers\STM32F4xx_HAL_Driver\Src\stm32f4xx_hal_sdram.c 0x00000000   Number         0  stm32f4xx_hal_sdram.o ABSOLUTE
    ..\Drivers\STM32F4xx_HAL_Driver\Src\stm32f4xx_hal_spi.c 0x00000000   Number         0  stm32f4xx_hal_spi.o ABSOLUTE
    ..\Drivers\STM32F4xx_HAL_Driver\Src\stm32f4xx_hal_sram.c 0x00000000   Number         0  stm32f4xx_hal_sram.o ABSOLUTE
    ..\Drivers\STM32F4xx_HAL_Driver\Src\stm32f4xx_hal_uart.c 0x00000000   Number         0  stm32f4xx_hal_uart.o ABSOLUTE
    ..\Drivers\STM32F4xx_HAL_Driver\Src\stm32f4xx_hal_usart.c 0x00000000   Number         0  stm32f4xx_hal_usart.o ABSOLUTE
    ..\Drivers\STM32F4xx_HAL_Driver\Src\stm32f4xx_ll_dma.c 0x00000000   Number         0  stm32f4xx_ll_dma.o ABSOLUTE
    ..\Drivers\STM32F4xx_HAL_Driver\Src\stm32f4xx_ll_dma2d.c 0x00000000   Number         0  stm32f4xx_ll_dma2d.o ABSOLUTE
    ..\Drivers\STM32F4xx_HAL_Driver\Src\stm32f4xx_ll_fmc.c 0x00000000   Number         0  stm32f4xx_ll_fmc.o ABSOLUTE
    ..\Drivers\STM32F4xx_HAL_Driver\Src\stm32f4xx_ll_fsmc.c 0x00000000   Number         0  stm32f4xx_ll_fsmc.o ABSOLUTE
    ..\Drivers\STM32F4xx_HAL_Driver\Src\stm32f4xx_ll_gpio.c 0x00000000   Number         0  stm32f4xx_ll_gpio.o ABSOLUTE
    ..\Drivers\STM32F4xx_HAL_Driver\Src\stm32f4xx_ll_pwr.c 0x00000000   Number         0  stm32f4xx_ll_pwr.o ABSOLUTE
    ..\Drivers\STM32F4xx_HAL_Driver\Src\stm32f4xx_ll_rcc.c 0x00000000   Number         0  stm32f4xx_ll_rcc.o ABSOLUTE
    ..\Drivers\STM32F4xx_HAL_Driver\Src\stm32f4xx_ll_spi.c 0x00000000   Number         0  stm32f4xx_ll_spi.o ABSOLUTE
    ..\Drivers\STM32F4xx_HAL_Driver\Src\stm32f4xx_ll_usart.c 0x00000000   Number         0  stm32f4xx_ll_usart.o ABSOLUTE
    ..\Drivers\STM32F4xx_HAL_Driver\Src\stm32f4xx_ll_usb.c 0x00000000   Number         0  stm32f4xx_ll_usb.o ABSOLUTE
    ..\Src\Graphics.c                        0x00000000   Number         0  graphics.o ABSOLUTE
    ..\Src\main.c                            0x00000000   Number         0  main.o ABSOLUTE
    ..\Src\stm32f4xx_it.c                    0x00000000   Number         0  stm32f4xx_it.o ABSOLUTE
    ..\Src\system_stm32f4xx.c                0x00000000   Number         0  system_stm32f4xx.o ABSOLUTE
    ..\\Drivers\\BSP\\STM32F429I-Discovery\\stm32f429i_discovery.c 0x00000000   Number         0  stm32f429i_discovery.o ABSOLUTE
    ..\\Drivers\\BSP\\STM32F429I-Discovery\\stm32f429i_discovery_lcd.c 0x00000000   Number         0  stm32f429i_discovery_lcd.o ABSOLUTE
    ..\\Drivers\\BSP\\STM32F429I-Discovery\\stm32f429i_discovery_sdram.c 0x00000000   Number         0  stm32f429i_discovery_sdram.o ABSOLUTE
    ..\\Drivers\\STM32F4xx_HAL_Driver\\Src\\stm32f4xx_hal.c 0x00000000   Number         0  stm32f4xx_hal.o ABSOLUTE
    ..\\Drivers\\STM32F4xx_HAL_Driver\\Src\\stm32f4xx_hal_cortex.c 0x00000000   Number         0  stm32f4xx_hal_cortex.o ABSOLUTE
    ..\\Drivers\\STM32F4xx_HAL_Driver\\Src\\stm32f4xx_hal_dma.c 0x00000000   Number         0  stm32f4xx_hal_dma.o ABSOLUTE
    ..\\Drivers\\STM32F4xx_HAL_Driver\\Src\\stm32f4xx_hal_dma2d.c 0x00000000   Number         0  stm32f4xx_hal_dma2d.o ABSOLUTE
    ..\\Drivers\\STM32F4xx_HAL_Driver\\Src\\stm32f4xx_hal_dma_ex.c 0x00000000   Number         0  stm32f4xx_hal_dma_ex.o ABSOLUTE
    ..\\Drivers\\STM32F4xx_HAL_Driver\\Src\\stm32f4xx_hal_gpio.c 0x00000000   Number         0  stm32f4xx_hal_gpio.o ABSOLUTE
    ..\\Drivers\\STM32F4xx_HAL_Driver\\Src\\stm32f4xx_hal_i2c.c 0x00000000   Number         0  stm32f4xx_hal_i2c.o ABSOLUTE
    ..\\Drivers\\STM32F4xx_HAL_Driver\\Src\\stm32f4xx_hal_i2c_ex.c 0x00000000   Number         0  stm32f4xx_hal_i2c_ex.o ABSOLUTE
    ..\\Drivers\\STM32F4xx_HAL_Driver\\Src\\stm32f4xx_hal_i2s.c 0x00000000   Number         0  stm32f4xx_hal_i2s.o ABSOLUTE
    ..\\Drivers\\STM32F4xx_HAL_Driver\\Src\\stm32f4xx_hal_i2s_ex.c 0x00000000   Number         0  stm32f4xx_hal_i2s_ex.o ABSOLUTE
    ..\\Drivers\\STM32F4xx_HAL_Driver\\Src\\stm32f4xx_hal_ltdc.c 0x00000000   Number         0  stm32f4xx_hal_ltdc.o ABSOLUTE
    ..\\Drivers\\STM32F4xx_HAL_Driver\\Src\\stm32f4xx_hal_ltdc_ex.c 0x00000000   Number         0  stm32f4xx_hal_ltdc_ex.o ABSOLUTE
    ..\\Drivers\\STM32F4xx_HAL_Driver\\Src\\stm32f4xx_hal_pwr.c 0x00000000   Number         0  stm32f4xx_hal_pwr.o ABSOLUTE
    ..\\Drivers\\STM32F4xx_HAL_Driver\\Src\\stm32f4xx_hal_pwr_ex.c 0x00000000   Number         0  stm32f4xx_hal_pwr_ex.o ABSOLUTE
    ..\\Drivers\\STM32F4xx_HAL_Driver\\Src\\stm32f4xx_hal_rcc.c 0x00000000   Number         0  stm32f4xx_hal_rcc.o ABSOLUTE
    ..\\Drivers\\STM32F4xx_HAL_Driver\\Src\\stm32f4xx_hal_rcc_ex.c 0x00000000   Number         0  stm32f4xx_hal_rcc_ex.o ABSOLUTE
    ..\\Drivers\\STM32F4xx_HAL_Driver\\Src\\stm32f4xx_hal_sdram.c 0x00000000   Number         0  stm32f4xx_hal_sdram.o ABSOLUTE
    ..\\Drivers\\STM32F4xx_HAL_Driver\\Src\\stm32f4xx_hal_spi.c 0x00000000   Number         0  stm32f4xx_hal_spi.o ABSOLUTE
    ..\\Drivers\\STM32F4xx_HAL_Driver\\Src\\stm32f4xx_hal_sram.c 0x00000000   Number         0  stm32f4xx_hal_sram.o ABSOLUTE
    ..\\Drivers\\STM32F4xx_HAL_Driver\\Src\\stm32f4xx_hal_uart.c 0x00000000   Number         0  stm32f4xx_hal_uart.o ABSOLUTE
    ..\\Drivers\\STM32F4xx_HAL_Driver\\Src\\stm32f4xx_hal_usart.c 0x00000000   Number         0  stm32f4xx_hal_usart.o ABSOLUTE
    ..\\Drivers\\STM32F4xx_HAL_Driver\\Src\\stm32f4xx_ll_fmc.c 0x00000000   Number         0  stm32f4xx_ll_fmc.o ABSOLUTE
    ..\\Drivers\\STM32F4xx_HAL_Driver\\Src\\stm32f4xx_ll_fsmc.c 0x00000000   Number         0  stm32f4xx_ll_fsmc.o ABSOLUTE
    ..\\Drivers\\STM32F4xx_HAL_Driver\\Src\\stm32f4xx_ll_usb.c 0x00000000   Number         0  stm32f4xx_ll_usb.o ABSOLUTE
    ..\\Src\\Graphics.c                      0x00000000   Number         0  graphics.o ABSOLUTE
    cdcmple.s                                0x00000000   Number         0  cdcmple.o ABSOLUTE
    dc.s                                     0x00000000   Number         0  dc.o ABSOLUTE
    handlers.s                               0x00000000   Number         0  handlers.o ABSOLUTE
    init.s                                   0x00000000   Number         0  init.o ABSOLUTE
    startup_stm32f429xx.s                    0x00000000   Number         0  startup_stm32f429xx.o ABSOLUTE
    RESET                                    0x08000000   Section      428  startup_stm32f429xx.o(RESET)
    .ARM.Collect$$$$00000000                 0x080001ac   Section        0  entry.o(.ARM.Collect$$$$00000000)
    .ARM.Collect$$$$00000001                 0x080001ac   Section        4  entry2.o(.ARM.Collect$$$$00000001)
    .ARM.Collect$$$$00000004                 0x080001b0   Section        4  entry5.o(.ARM.Collect$$$$00000004)
    .ARM.Collect$$$$00000008                 0x080001b4   Section        0  entry7b.o(.ARM.Collect$$$$00000008)
    .ARM.Collect$$$$0000000A                 0x080001b4   Section        0  entry8b.o(.ARM.Collect$$$$0000000A)
    .ARM.Collect$$$$0000000B                 0x080001b4   Section        8  entry9a.o(.ARM.Collect$$$$0000000B)
    .ARM.Collect$$$$0000000D                 0x080001bc   Section        0  entry10a.o(.ARM.Collect$$$$0000000D)
    .ARM.Collect$$$$0000000F                 0x080001bc   Section        0  entry11a.o(.ARM.Collect$$$$0000000F)
    .ARM.Collect$$$$00002712                 0x080001bc   Section        4  entry2.o(.ARM.Collect$$$$00002712)
    __lit__00000000                          0x080001bc   Data           4  entry2.o(.ARM.Collect$$$$00002712)
    .text                                    0x080001c0   Section       36  startup_stm32f429xx.o(.text)
    $v0                                      0x080001c0   Number         0  startup_stm32f429xx.o(.text)
    .text                                    0x080001e4   Section        0  uldiv.o(.text)
    .text                                    0x08000248   Section        0  rand.o(.text)
    .text                                    0x0800026c   Section        0  llshl.o(.text)
    .text                                    0x0800028a   Section        0  llushr.o(.text)
    .text                                    0x080002ac   Section       36  init.o(.text)
    i.BSP_LCD_DrawBitmap                     0x080002d0   Section        0  stm32f429i_discovery_lcd.o(i.BSP_LCD_DrawBitmap)
    i.BSP_LCD_GetXSize                       0x08000394   Section        0  stm32f429i_discovery_lcd.o(i.BSP_LCD_GetXSize)
    i.BSP_LCD_GetYSize                       0x080003a0   Section        0  stm32f429i_discovery_lcd.o(i.BSP_LCD_GetYSize)
    i.BSP_LCD_Init                           0x080003ac   Section        0  stm32f429i_discovery_lcd.o(i.BSP_LCD_Init)
    i.BSP_LCD_LayerDefaultInit               0x08000444   Section        0  stm32f429i_discovery_lcd.o(i.BSP_LCD_LayerDefaultInit)
    i.BSP_LCD_MspInit                        0x080004d4   Section        0  stm32f429i_discovery_lcd.o(i.BSP_LCD_MspInit)
    i.BSP_LCD_SelectLayer                    0x08000600   Section        0  stm32f429i_discovery_lcd.o(i.BSP_LCD_SelectLayer)
    i.BSP_LCD_SetLayerVisible                0x0800060c   Section        0  stm32f429i_discovery_lcd.o(i.BSP_LCD_SetLayerVisible)
    i.BSP_LED_Init                           0x08000638   Section        0  stm32f429i_discovery.o(i.BSP_LED_Init)
    i.BSP_LED_Toggle                         0x08000694   Section        0  stm32f429i_discovery.o(i.BSP_LED_Toggle)
    i.BSP_PB_GetState                        0x080006ac   Section        0  stm32f429i_discovery.o(i.BSP_PB_GetState)
    i.BSP_PB_Init                            0x080006c4   Section        0  stm32f429i_discovery.o(i.BSP_PB_Init)
    i.BSP_SDRAM_Init                         0x0800074c   Section        0  stm32f429i_discovery_sdram.o(i.BSP_SDRAM_Init)
    i.BSP_SDRAM_Initialization_sequence      0x080007c8   Section        0  stm32f429i_discovery_sdram.o(i.BSP_SDRAM_Initialization_sequence)
    i.BSP_SDRAM_MspInit                      0x08000858   Section        0  stm32f429i_discovery_sdram.o(i.BSP_SDRAM_MspInit)
    i.BusFault_Handler                       0x080009c0   Section        0  stm32f4xx_it.o(i.BusFault_Handler)
    i.DMA2D_SetConfig                        0x080009c2   Section        0  stm32f4xx_hal_dma2d.o(i.DMA2D_SetConfig)
    DMA2D_SetConfig                          0x080009c3   Thumb Code   178  stm32f4xx_hal_dma2d.o(i.DMA2D_SetConfig)
    i.DebugMon_Handler                       0x08000a74   Section        0  stm32f4xx_it.o(i.DebugMon_Handler)
    i.DrawSprite                             0x08000a76   Section        0  graphics.o(i.DrawSprite)
    i.EXTI0_IRQHandler                       0x08000af8   Section        0  stm32f4xx_it.o(i.EXTI0_IRQHandler)
    i.FMC_SDRAM_Init                         0x08000afe   Section        0  stm32f4xx_ll_fmc.o(i.FMC_SDRAM_Init)
    i.FMC_SDRAM_ProgramRefreshRate           0x08000b5a   Section        0  stm32f4xx_ll_fmc.o(i.FMC_SDRAM_ProgramRefreshRate)
    i.FMC_SDRAM_SendCommand                  0x08000b66   Section        0  stm32f4xx_ll_fmc.o(i.FMC_SDRAM_SendCommand)
    i.FMC_SDRAM_Timing_Init                  0x08000bb8   Section        0  stm32f4xx_ll_fmc.o(i.FMC_SDRAM_Timing_Init)
    i.Grape_frame                            0x08000c48   Section        0  graphics.o(i.Grape_frame)
    i.HAL_DMA2D_ConfigLayer                  0x08000ce8   Section        0  stm32f4xx_hal_dma2d.o(i.HAL_DMA2D_ConfigLayer)
    i.HAL_DMA2D_Init                         0x08000d94   Section        0  stm32f4xx_hal_dma2d.o(i.HAL_DMA2D_Init)
    i.HAL_DMA2D_MspInit                      0x08000dee   Section        0  stm32f4xx_hal_dma2d.o(i.HAL_DMA2D_MspInit)
    i.HAL_DMA2D_PollForTransfer              0x08000df0   Section        0  stm32f4xx_hal_dma2d.o(i.HAL_DMA2D_PollForTransfer)
    i.HAL_DMA2D_Start                        0x08000f3a   Section        0  stm32f4xx_hal_dma2d.o(i.HAL_DMA2D_Start)
    i.HAL_DMA_DeInit                         0x08000f74   Section        0  stm32f4xx_hal_dma.o(i.HAL_DMA_DeInit)
    i.HAL_DMA_Init                           0x08000ff4   Section        0  stm32f4xx_hal_dma.o(i.HAL_DMA_Init)
    i.HAL_Delay                              0x08001148   Section        0  stm32f4xx_hal.o(i.HAL_Delay)
    i.HAL_GPIO_EXTI_Callback                 0x08001170   Section        0  stm32f4xx_hal_gpio.o(i.HAL_GPIO_EXTI_Callback)
    i.HAL_GPIO_EXTI_IRQHandler               0x08001174   Section        0  stm32f4xx_hal_gpio.o(i.HAL_GPIO_EXTI_IRQHandler)
    i.HAL_GPIO_Init                          0x0800118c   Section        0  stm32f4xx_hal_gpio.o(i.HAL_GPIO_Init)
    i.HAL_GPIO_ReadPin                       0x080013e8   Section        0  stm32f4xx_hal_gpio.o(i.HAL_GPIO_ReadPin)
    i.HAL_GPIO_TogglePin                     0x080013f2   Section        0  stm32f4xx_hal_gpio.o(i.HAL_GPIO_TogglePin)
    i.HAL_GPIO_WritePin                      0x080013fa   Section        0  stm32f4xx_hal_gpio.o(i.HAL_GPIO_WritePin)
    i.HAL_GetTick                            0x08001404   Section        0  stm32f4xx_hal.o(i.HAL_GetTick)
    i.HAL_IncTick                            0x08001410   Section        0  stm32f4xx_hal.o(i.HAL_IncTick)
    i.HAL_Init                               0x08001420   Section        0  stm32f4xx_hal.o(i.HAL_Init)
    i.HAL_InitTick                           0x08001454   Section        0  stm32f4xx_hal.o(i.HAL_InitTick)
    i.HAL_LTDC_ConfigLayer                   0x08001494   Section        0  stm32f4xx_hal_ltdc.o(i.HAL_LTDC_ConfigLayer)
    i.HAL_LTDC_EnableDither                  0x080014ec   Section        0  stm32f4xx_hal_ltdc.o(i.HAL_LTDC_EnableDither)
    i.HAL_LTDC_Init                          0x08001520   Section        0  stm32f4xx_hal_ltdc.o(i.HAL_LTDC_Init)
    i.HAL_LTDC_MspInit                       0x08001620   Section        0  stm32f4xx_hal_ltdc.o(i.HAL_LTDC_MspInit)
    i.HAL_MspInit                            0x08001622   Section        0  stm32f4xx_hal.o(i.HAL_MspInit)
    i.HAL_NVIC_EnableIRQ                     0x08001624   Section        0  stm32f4xx_hal_cortex.o(i.HAL_NVIC_EnableIRQ)
    i.HAL_NVIC_SetPriority                   0x0800163c   Section        0  stm32f4xx_hal_cortex.o(i.HAL_NVIC_SetPriority)
    i.HAL_NVIC_SetPriorityGrouping           0x080016a0   Section        0  stm32f4xx_hal_cortex.o(i.HAL_NVIC_SetPriorityGrouping)
    i.HAL_PWREx_EnableOverDrive              0x080016c4   Section        0  stm32f4xx_hal_pwr_ex.o(i.HAL_PWREx_EnableOverDrive)
    i.HAL_RCCEx_PeriphCLKConfig              0x0800173c   Section        0  stm32f4xx_hal_rcc_ex.o(i.HAL_RCCEx_PeriphCLKConfig)
    i.HAL_RCC_ClockConfig                    0x080019b4   Section        0  stm32f4xx_hal_rcc.o(i.HAL_RCC_ClockConfig)
    i.HAL_RCC_GetSysClockFreq                0x08001b0c   Section        0  stm32f4xx_hal_rcc.o(i.HAL_RCC_GetSysClockFreq)
    i.HAL_RCC_OscConfig                      0x08001b80   Section        0  stm32f4xx_hal_rcc.o(i.HAL_RCC_OscConfig)
    i.HAL_SDRAM_Init                         0x08001f20   Section        0  stm32f4xx_hal_sdram.o(i.HAL_SDRAM_Init)
    i.HAL_SDRAM_MspInit                      0x08001f62   Section        0  stm32f4xx_hal_sdram.o(i.HAL_SDRAM_MspInit)
    i.HAL_SDRAM_ProgramRefreshRate           0x08001f64   Section        0  stm32f4xx_hal_sdram.o(i.HAL_SDRAM_ProgramRefreshRate)
    i.HAL_SDRAM_SendCommand                  0x08001f88   Section        0  stm32f4xx_hal_sdram.o(i.HAL_SDRAM_SendCommand)
    i.HAL_SPI_DeInit                         0x08001fb6   Section        0  stm32f4xx_hal_spi.o(i.HAL_SPI_DeInit)
    i.HAL_SPI_GetState                       0x08001fe6   Section        0  stm32f4xx_hal_spi.o(i.HAL_SPI_GetState)
    i.HAL_SPI_Init                           0x08001fec   Section        0  stm32f4xx_hal_spi.o(i.HAL_SPI_Init)
    i.HAL_SPI_MspDeInit                      0x08002078   Section        0  stm32f4xx_hal_spi.o(i.HAL_SPI_MspDeInit)
    i.HAL_SPI_MspInit                        0x0800207a   Section        0  stm32f4xx_hal_spi.o(i.HAL_SPI_MspInit)
    i.HAL_SPI_Receive                        0x0800207c   Section        0  stm32f4xx_hal_spi.o(i.HAL_SPI_Receive)
    i.HAL_SPI_Transmit                       0x08002284   Section        0  stm32f4xx_hal_spi.o(i.HAL_SPI_Transmit)
    i.HAL_SPI_TransmitReceive                0x0800244c   Section        0  stm32f4xx_hal_spi.o(i.HAL_SPI_TransmitReceive)
    i.HAL_SYSTICK_Config                     0x080026e0   Section        0  stm32f4xx_hal_cortex.o(i.HAL_SYSTICK_Config)
    i.HardFault_Handler                      0x0800270c   Section        0  stm32f4xx_it.o(i.HardFault_Handler)
    i.LCD_Delay                              0x0800270e   Section        0  stm32f429i_discovery.o(i.LCD_Delay)
    i.LCD_IO_Init                            0x08002714   Section        0  stm32f429i_discovery.o(i.LCD_IO_Init)
    i.LCD_IO_ReadData                        0x080027bc   Section        0  stm32f429i_discovery.o(i.LCD_IO_ReadData)
    i.LCD_IO_WriteData                       0x0800283c   Section        0  stm32f429i_discovery.o(i.LCD_IO_WriteData)
    i.LCD_IO_WriteReg                        0x08002894   Section        0  stm32f429i_discovery.o(i.LCD_IO_WriteReg)
    i.LTDC_SetConfig                         0x080028ec   Section        0  stm32f4xx_hal_ltdc.o(i.LTDC_SetConfig)
    LTDC_SetConfig                           0x080028ed   Thumb Code   416  stm32f4xx_hal_ltdc.o(i.LTDC_SetConfig)
    i.MemManage_Handler                      0x08002a8c   Section        0  stm32f4xx_it.o(i.MemManage_Handler)
    i.NMI_Handler                            0x08002a8e   Section        0  stm32f4xx_it.o(i.NMI_Handler)
    i.PendSV_Handler                         0x08002a90   Section        0  stm32f4xx_it.o(i.PendSV_Handler)
    i.SPI_WaitFlagStateUntilTimeout          0x08002a94   Section        0  stm32f4xx_hal_spi.o(i.SPI_WaitFlagStateUntilTimeout)
    SPI_WaitFlagStateUntilTimeout            0x08002a95   Thumb Code   170  stm32f4xx_hal_spi.o(i.SPI_WaitFlagStateUntilTimeout)
    i.SPIx_Init                              0x08002b40   Section        0  stm32f429i_discovery.o(i.SPIx_Init)
    SPIx_Init                                0x08002b41   Thumb Code   136  stm32f429i_discovery.o(i.SPIx_Init)
    i.SVC_Handler                            0x08002bdc   Section        0  stm32f4xx_it.o(i.SVC_Handler)
    i.SysTick_Handler                        0x08002bde   Section        0  stm32f4xx_it.o(i.SysTick_Handler)
    i.SystemInit                             0x08002bec   Section        0  system_stm32f4xx.o(i.SystemInit)
    i.Toggle_Leds                            0x08002c44   Section        0  main.o(i.Toggle_Leds)
    i.Update_animation                       0x08002c6c   Section        0  graphics.o(i.Update_animation)
    i.Update_postion                         0x08002c90   Section        0  graphics.o(i.Update_postion)
    i.UsageFault_Handler                     0x08002d08   Section        0  stm32f4xx_it.o(i.UsageFault_Handler)
    i.__scatterload_copy                     0x08002d0a   Section       14  handlers.o(i.__scatterload_copy)
    i.__scatterload_null                     0x08002d18   Section        2  handlers.o(i.__scatterload_null)
    i.__scatterload_zeroinit                 0x08002d1a   Section       14  handlers.o(i.__scatterload_zeroinit)
    i.collision                              0x08002d28   Section        0  graphics.o(i.collision)
    i.ili9341_DisplayOff                     0x08002d98   Section        0  ili9341.o(i.ili9341_DisplayOff)
    i.ili9341_DisplayOn                      0x08002d9e   Section        0  ili9341.o(i.ili9341_DisplayOn)
    i.ili9341_GetLcdPixelHeight              0x08002da4   Section        0  ili9341.o(i.ili9341_GetLcdPixelHeight)
    i.ili9341_GetLcdPixelWidth               0x08002daa   Section        0  ili9341.o(i.ili9341_GetLcdPixelWidth)
    i.ili9341_Init                           0x08002dae   Section        0  ili9341.o(i.ili9341_Init)
    i.ili9341_ReadID                         0x08003040   Section        0  ili9341.o(i.ili9341_ReadID)
    i.init_pipes                             0x08003054   Section        0  main.o(i.init_pipes)
    i.main                                   0x08003138   Section        0  main.o(i.main)
    i.malloc                                 0x0800354c   Section        0  malloc.o(i.malloc)
    .constdata                               0x080035b8   Section       16  system_stm32f4xx.o(.constdata)
    .constdata                               0x080035c8   Section        8  stm32f429i_discovery.o(.constdata)
    .constdata                               0x080035d0   Section     6840  stm32f429i_discovery_lcd.o(.constdata)
    .constdata                               0x08005088   Section        8  stm32f4xx_hal_dma.o(.constdata)
    flagBitshiftOffset                       0x08005088   Data           8  stm32f4xx_hal_dma.o(.constdata)
    .constdata                               0x08005090   Section    153600  main.o(.constdata)
    .constdata                               0x0802a890   Section     2048  main.o(.constdata)
    .constdata                               0x0802b090   Section    38872  main.o(.constdata)
    .data                                    0x20000000   Section        4  system_stm32f4xx.o(.data)
    .data                                    0x20000004   Section       24  stm32f429i_discovery.o(.data)
    Is_LCD_IO_Initialized                    0x20000004   Data           1  stm32f429i_discovery.o(.data)
    .data                                    0x2000001c   Section       16  stm32f429i_discovery_lcd.o(.data)
    ActiveLayer                              0x2000001c   Data           4  stm32f429i_discovery_lcd.o(.data)
    .data                                    0x2000002c   Section        1  stm32f429i_discovery_sdram.o(.data)
    sdramstatus                              0x2000002c   Data           1  stm32f429i_discovery_sdram.o(.data)
    .data                                    0x20000030   Section       12  stm32f4xx_hal.o(.data)
    .data                                    0x2000003c   Section       56  ili9341.o(.data)
    .data                                    0x20000074   Section       28  main.o(.data)
    active                                   0x20000074   Data           1  main.o(.data)
    ticks                                    0x20000075   Data           1  main.o(.data)
    isJumping                                0x20000078   Data           4  main.o(.data)
    screen                                   0x20000080   Data           4  main.o(.data)
    .data                                    0x20000090   Section        4  rand.o(.data)
    _rand_state                              0x20000090   Data           4  rand.o(.data)
    .data                                    0x20000094   Section        4  mvars.o(.data)
    .data                                    0x20000098   Section        4  mvars.o(.data)
    .bss                                     0x2000009c   Section      172  stm32f429i_discovery.o(.bss)
    SpiHandle                                0x200000f0   Data          88  stm32f429i_discovery.o(.bss)
    .bss                                     0x20000148   Section      304  stm32f429i_discovery_lcd.o(.bss)
    Dma2dHandler                             0x200001f0   Data          64  stm32f429i_discovery_lcd.o(.bss)
    PeriphClkInitStruct                      0x20000230   Data          48  stm32f429i_discovery_lcd.o(.bss)
    DrawProp                                 0x20000260   Data          24  stm32f429i_discovery_lcd.o(.bss)
    .bss                                     0x20000278   Section      288  stm32f429i_discovery_sdram.o(.bss)
    dmaHandle                                0x20000278   Data          96  stm32f429i_discovery_sdram.o(.bss)
    dma_handle                               0x200002d8   Data          96  stm32f429i_discovery_sdram.o(.bss)
    SdramHandle                              0x20000338   Data          52  stm32f429i_discovery_sdram.o(.bss)
    Timing                                   0x2000036c   Data          28  stm32f429i_discovery_sdram.o(.bss)
    Command                                  0x20000388   Data          16  stm32f429i_discovery_sdram.o(.bss)
    .bss                                     0x20000398   Section     1060  main.o(.bss)
    HEAP                                     0x200007c0   Section    65536  startup_stm32f429xx.o(HEAP)
    STACK                                    0x200107c0   Section    65536  startup_stm32f429xx.o(STACK)

    Global Symbols

    Symbol Name                              Value     Ov Type        Size  Object(Section)

    BuildAttributes$$THM_ISAv4$E$P$D$K$B$S$7EM$VFPi3$EXTD16$VFPS$VFMA$PE$A:L22UL41UL21$X:L11$S22US41US21$IEEE1$IW$USESV6$~STKCKD$USESV7$~SHL$OTIME$ROPI$IEEEX$EBA8$MICROLIB$REQ8$PRES8$EABIv2 0x00000000   Number         0  anon$$obj.o ABSOLUTE
    __ARM_use_no_argv                        0x00000000   Number         0  main.o ABSOLUTE
    __cpp_initialize__aeabi_                  - Undefined Weak Reference
    __cxa_finalize                            - Undefined Weak Reference
    __decompress                              - Undefined Weak Reference
    _clock_init                               - Undefined Weak Reference
    _microlib_exit                            - Undefined Weak Reference
    __Vectors_Size                           0x000001ac   Number         0  startup_stm32f429xx.o ABSOLUTE
    __Vectors                                0x08000000   Data           4  startup_stm32f429xx.o(RESET)
    __Vectors_End                            0x080001ac   Data           0  startup_stm32f429xx.o(RESET)
    __main                                   0x080001ad   Thumb Code     0  entry.o(.ARM.Collect$$$$00000000)
    _main_stk                                0x080001ad   Thumb Code     0  entry2.o(.ARM.Collect$$$$00000001)
    _main_scatterload                        0x080001b1   Thumb Code     0  entry5.o(.ARM.Collect$$$$00000004)
    __main_after_scatterload                 0x080001b5   Thumb Code     0  entry5.o(.ARM.Collect$$$$00000004)
    _main_clock                              0x080001b5   Thumb Code     0  entry7b.o(.ARM.Collect$$$$00000008)
    _main_cpp_init                           0x080001b5   Thumb Code     0  entry8b.o(.ARM.Collect$$$$0000000A)
    _main_init                               0x080001b5   Thumb Code     0  entry9a.o(.ARM.Collect$$$$0000000B)
    __rt_final_cpp                           0x080001bd   Thumb Code     0  entry10a.o(.ARM.Collect$$$$0000000D)
    __rt_final_exit                          0x080001bd   Thumb Code     0  entry11a.o(.ARM.Collect$$$$0000000F)
    Reset_Handler                            0x080001c1   Thumb Code     8  startup_stm32f429xx.o(.text)
    ADC_IRQHandler                           0x080001db   Thumb Code     0  startup_stm32f429xx.o(.text)
    CAN1_RX0_IRQHandler                      0x080001db   Thumb Code     0  startup_stm32f429xx.o(.text)
    CAN1_RX1_IRQHandler                      0x080001db   Thumb Code     0  startup_stm32f429xx.o(.text)
    CAN1_SCE_IRQHandler                      0x080001db   Thumb Code     0  startup_stm32f429xx.o(.text)
    CAN1_TX_IRQHandler                       0x080001db   Thumb Code     0  startup_stm32f429xx.o(.text)
    CAN2_RX0_IRQHandler                      0x080001db   Thumb Code     0  startup_stm32f429xx.o(.text)
    CAN2_RX1_IRQHandler                      0x080001db   Thumb Code     0  startup_stm32f429xx.o(.text)
    CAN2_SCE_IRQHandler                      0x080001db   Thumb Code     0  startup_stm32f429xx.o(.text)
    CAN2_TX_IRQHandler                       0x080001db   Thumb Code     0  startup_stm32f429xx.o(.text)
    DCMI_IRQHandler                          0x080001db   Thumb Code     0  startup_stm32f429xx.o(.text)
    DMA1_Stream0_IRQHandler                  0x080001db   Thumb Code     0  startup_stm32f429xx.o(.text)
    DMA1_Stream1_IRQHandler                  0x080001db   Thumb Code     0  startup_stm32f429xx.o(.text)
    DMA1_Stream2_IRQHandler                  0x080001db   Thumb Code     0  startup_stm32f429xx.o(.text)
    DMA1_Stream3_IRQHandler                  0x080001db   Thumb Code     0  startup_stm32f429xx.o(.text)
    DMA1_Stream4_IRQHandler                  0x080001db   Thumb Code     0  startup_stm32f429xx.o(.text)
    DMA1_Stream5_IRQHandler                  0x080001db   Thumb Code     0  startup_stm32f429xx.o(.text)
    DMA1_Stream6_IRQHandler                  0x080001db   Thumb Code     0  startup_stm32f429xx.o(.text)
    DMA1_Stream7_IRQHandler                  0x080001db   Thumb Code     0  startup_stm32f429xx.o(.text)
    DMA2D_IRQHandler                         0x080001db   Thumb Code     0  startup_stm32f429xx.o(.text)
    DMA2_Stream0_IRQHandler                  0x080001db   Thumb Code     0  startup_stm32f429xx.o(.text)
    DMA2_Stream1_IRQHandler                  0x080001db   Thumb Code     0  startup_stm32f429xx.o(.text)
    DMA2_Stream2_IRQHandler                  0x080001db   Thumb Code     0  startup_stm32f429xx.o(.text)
    DMA2_Stream3_IRQHandler                  0x080001db   Thumb Code     0  startup_stm32f429xx.o(.text)
    DMA2_Stream4_IRQHandler                  0x080001db   Thumb Code     0  startup_stm32f429xx.o(.text)
    DMA2_Stream5_IRQHandler                  0x080001db   Thumb Code     0  startup_stm32f429xx.o(.text)
    DMA2_Stream6_IRQHandler                  0x080001db   Thumb Code     0  startup_stm32f429xx.o(.text)
    DMA2_Stream7_IRQHandler                  0x080001db   Thumb Code     0  startup_stm32f429xx.o(.text)
    ETH_IRQHandler                           0x080001db   Thumb Code     0  startup_stm32f429xx.o(.text)
    ETH_WKUP_IRQHandler                      0x080001db   Thumb Code     0  startup_stm32f429xx.o(.text)
    EXTI15_10_IRQHandler                     0x080001db   Thumb Code     0  startup_stm32f429xx.o(.text)
    EXTI1_IRQHandler                         0x080001db   Thumb Code     0  startup_stm32f429xx.o(.text)
    EXTI2_IRQHandler                         0x080001db   Thumb Code     0  startup_stm32f429xx.o(.text)
    EXTI3_IRQHandler                         0x080001db   Thumb Code     0  startup_stm32f429xx.o(.text)
    EXTI4_IRQHandler                         0x080001db   Thumb Code     0  startup_stm32f429xx.o(.text)
    EXTI9_5_IRQHandler                       0x080001db   Thumb Code     0  startup_stm32f429xx.o(.text)
    FLASH_IRQHandler                         0x080001db   Thumb Code     0  startup_stm32f429xx.o(.text)
    FMC_IRQHandler                           0x080001db   Thumb Code     0  startup_stm32f429xx.o(.text)
    FPU_IRQHandler                           0x080001db   Thumb Code     0  startup_stm32f429xx.o(.text)
    HASH_RNG_IRQHandler                      0x080001db   Thumb Code     0  startup_stm32f429xx.o(.text)
    I2C1_ER_IRQHandler                       0x080001db   Thumb Code     0  startup_stm32f429xx.o(.text)
    I2C1_EV_IRQHandler                       0x080001db   Thumb Code     0  startup_stm32f429xx.o(.text)
    I2C2_ER_IRQHandler                       0x080001db   Thumb Code     0  startup_stm32f429xx.o(.text)
    I2C2_EV_IRQHandler                       0x080001db   Thumb Code     0  startup_stm32f429xx.o(.text)
    I2C3_ER_IRQHandler                       0x080001db   Thumb Code     0  startup_stm32f429xx.o(.text)
    I2C3_EV_IRQHandler                       0x080001db   Thumb Code     0  startup_stm32f429xx.o(.text)
    LTDC_ER_IRQHandler                       0x080001db   Thumb Code     0  startup_stm32f429xx.o(.text)
    LTDC_IRQHandler                          0x080001db   Thumb Code     0  startup_stm32f429xx.o(.text)
    OTG_FS_IRQHandler                        0x080001db   Thumb Code     0  startup_stm32f429xx.o(.text)
    OTG_FS_WKUP_IRQHandler                   0x080001db   Thumb Code     0  startup_stm32f429xx.o(.text)
    OTG_HS_EP1_IN_IRQHandler                 0x080001db   Thumb Code     0  startup_stm32f429xx.o(.text)
    OTG_HS_EP1_OUT_IRQHandler                0x080001db   Thumb Code     0  startup_stm32f429xx.o(.text)
    OTG_HS_IRQHandler                        0x080001db   Thumb Code     0  startup_stm32f429xx.o(.text)
    OTG_HS_WKUP_IRQHandler                   0x080001db   Thumb Code     0  startup_stm32f429xx.o(.text)
    PVD_IRQHandler                           0x080001db   Thumb Code     0  startup_stm32f429xx.o(.text)
    RCC_IRQHandler                           0x080001db   Thumb Code     0  startup_stm32f429xx.o(.text)
    RTC_Alarm_IRQHandler                     0x080001db   Thumb Code     0  startup_stm32f429xx.o(.text)
    RTC_WKUP_IRQHandler                      0x080001db   Thumb Code     0  startup_stm32f429xx.o(.text)
    SAI1_IRQHandler                          0x080001db   Thumb Code     0  startup_stm32f429xx.o(.text)
    SDIO_IRQHandler                          0x080001db   Thumb Code     0  startup_stm32f429xx.o(.text)
    SPI1_IRQHandler                          0x080001db   Thumb Code     0  startup_stm32f429xx.o(.text)
    SPI2_IRQHandler                          0x080001db   Thumb Code     0  startup_stm32f429xx.o(.text)
    SPI3_IRQHandler                          0x080001db   Thumb Code     0  startup_stm32f429xx.o(.text)
    SPI4_IRQHandler                          0x080001db   Thumb Code     0  startup_stm32f429xx.o(.text)
    SPI5_IRQHandler                          0x080001db   Thumb Code     0  startup_stm32f429xx.o(.text)
    SPI6_IRQHandler                          0x080001db   Thumb Code     0  startup_stm32f429xx.o(.text)
    TAMP_STAMP_IRQHandler                    0x080001db   Thumb Code     0  startup_stm32f429xx.o(.text)
    TIM1_BRK_TIM9_IRQHandler                 0x080001db   Thumb Code     0  startup_stm32f429xx.o(.text)
    TIM1_CC_IRQHandler                       0x080001db   Thumb Code     0  startup_stm32f429xx.o(.text)
    TIM1_TRG_COM_TIM11_IRQHandler            0x080001db   Thumb Code     0  startup_stm32f429xx.o(.text)
    TIM1_UP_TIM10_IRQHandler                 0x080001db   Thumb Code     0  startup_stm32f429xx.o(.text)
    TIM2_IRQHandler                          0x080001db   Thumb Code     0  startup_stm32f429xx.o(.text)
    TIM3_IRQHandler                          0x080001db   Thumb Code     0  startup_stm32f429xx.o(.text)
    TIM4_IRQHandler                          0x080001db   Thumb Code     0  startup_stm32f429xx.o(.text)
    TIM5_IRQHandler                          0x080001db   Thumb Code     0  startup_stm32f429xx.o(.text)
    TIM6_DAC_IRQHandler                      0x080001db   Thumb Code     0  startup_stm32f429xx.o(.text)
    TIM7_IRQHandler                          0x080001db   Thumb Code     0  startup_stm32f429xx.o(.text)
    TIM8_BRK_TIM12_IRQHandler                0x080001db   Thumb Code     0  startup_stm32f429xx.o(.text)
    TIM8_CC_IRQHandler                       0x080001db   Thumb Code     0  startup_stm32f429xx.o(.text)
    TIM8_TRG_COM_TIM14_IRQHandler            0x080001db   Thumb Code     0  startup_stm32f429xx.o(.text)
    TIM8_UP_TIM13_IRQHandler                 0x080001db   Thumb Code     0  startup_stm32f429xx.o(.text)
    UART4_IRQHandler                         0x080001db   Thumb Code     0  startup_stm32f429xx.o(.text)
    UART5_IRQHandler                         0x080001db   Thumb Code     0  startup_stm32f429xx.o(.text)
    UART7_IRQHandler                         0x080001db   Thumb Code     0  startup_stm32f429xx.o(.text)
    UART8_IRQHandler                         0x080001db   Thumb Code     0  startup_stm32f429xx.o(.text)
    USART1_IRQHandler                        0x080001db   Thumb Code     0  startup_stm32f429xx.o(.text)
    USART2_IRQHandler                        0x080001db   Thumb Code     0  startup_stm32f429xx.o(.text)
    USART3_IRQHandler                        0x080001db   Thumb Code     0  startup_stm32f429xx.o(.text)
    USART6_IRQHandler                        0x080001db   Thumb Code     0  startup_stm32f429xx.o(.text)
    WWDG_IRQHandler                          0x080001db   Thumb Code     0  startup_stm32f429xx.o(.text)
    __aeabi_uldivmod                         0x080001e5   Thumb Code    98  uldiv.o(.text)
    rand                                     0x08000249   Thumb Code    20  rand.o(.text)
    srand                                    0x0800025d   Thumb Code     6  rand.o(.text)
    __aeabi_llsl                             0x0800026d   Thumb Code    30  llshl.o(.text)
    _ll_shift_l                              0x0800026d   Thumb Code     0  llshl.o(.text)
    __aeabi_llsr                             0x0800028b   Thumb Code    32  llushr.o(.text)
    _ll_ushift_r                             0x0800028b   Thumb Code     0  llushr.o(.text)
    __scatterload                            0x080002ad   Thumb Code    28  init.o(.text)
    __scatterload_rt2                        0x080002ad   Thumb Code     0  init.o(.text)
    BSP_LCD_DrawBitmap                       0x080002d1   Thumb Code   178  stm32f429i_discovery_lcd.o(i.BSP_LCD_DrawBitmap)
    BSP_LCD_GetXSize                         0x08000395   Thumb Code     8  stm32f429i_discovery_lcd.o(i.BSP_LCD_GetXSize)
    BSP_LCD_GetYSize                         0x080003a1   Thumb Code     8  stm32f429i_discovery_lcd.o(i.BSP_LCD_GetYSize)
    BSP_LCD_Init                             0x080003ad   Thumb Code   130  stm32f429i_discovery_lcd.o(i.BSP_LCD_Init)
    BSP_LCD_LayerDefaultInit                 0x08000445   Thumb Code   132  stm32f429i_discovery_lcd.o(i.BSP_LCD_LayerDefaultInit)
    BSP_LCD_MspInit                          0x080004d5   Thumb Code   268  stm32f429i_discovery_lcd.o(i.BSP_LCD_MspInit)
    BSP_LCD_SelectLayer                      0x08000601   Thumb Code     6  stm32f429i_discovery_lcd.o(i.BSP_LCD_SelectLayer)
    BSP_LCD_SetLayerVisible                  0x0800060d   Thumb Code    38  stm32f429i_discovery_lcd.o(i.BSP_LCD_SetLayerVisible)
    BSP_LED_Init                             0x08000639   Thumb Code    78  stm32f429i_discovery.o(i.BSP_LED_Init)
    BSP_LED_Toggle                           0x08000695   Thumb Code    16  stm32f429i_discovery.o(i.BSP_LED_Toggle)
    BSP_PB_GetState                          0x080006ad   Thumb Code    16  stm32f429i_discovery.o(i.BSP_PB_GetState)
    BSP_PB_Init                              0x080006c5   Thumb Code   116  stm32f429i_discovery.o(i.BSP_PB_Init)
    BSP_SDRAM_Init                           0x0800074d   Thumb Code   108  stm32f429i_discovery_sdram.o(i.BSP_SDRAM_Init)
    BSP_SDRAM_Initialization_sequence        0x080007c9   Thumb Code   138  stm32f429i_discovery_sdram.o(i.BSP_SDRAM_Initialization_sequence)
    BSP_SDRAM_MspInit                        0x08000859   Thumb Code   318  stm32f429i_discovery_sdram.o(i.BSP_SDRAM_MspInit)
    BusFault_Handler                         0x080009c1   Thumb Code     2  stm32f4xx_it.o(i.BusFault_Handler)
    DebugMon_Handler                         0x08000a75   Thumb Code     2  stm32f4xx_it.o(i.DebugMon_Handler)
    DrawSprite                               0x08000a77   Thumb Code   130  graphics.o(i.DrawSprite)
    EXTI0_IRQHandler                         0x08000af9   Thumb Code     6  stm32f4xx_it.o(i.EXTI0_IRQHandler)
    FMC_SDRAM_Init                           0x08000aff   Thumb Code    92  stm32f4xx_ll_fmc.o(i.FMC_SDRAM_Init)
    FMC_SDRAM_ProgramRefreshRate             0x08000b5b   Thumb Code    12  stm32f4xx_ll_fmc.o(i.FMC_SDRAM_ProgramRefreshRate)
    FMC_SDRAM_SendCommand                    0x08000b67   Thumb Code    82  stm32f4xx_ll_fmc.o(i.FMC_SDRAM_SendCommand)
    FMC_SDRAM_Timing_Init                    0x08000bb9   Thumb Code   144  stm32f4xx_ll_fmc.o(i.FMC_SDRAM_Timing_Init)
    Grape_frame                              0x08000c49   Thumb Code   160  graphics.o(i.Grape_frame)
    HAL_DMA2D_ConfigLayer                    0x08000ce9   Thumb Code   168  stm32f4xx_hal_dma2d.o(i.HAL_DMA2D_ConfigLayer)
    HAL_DMA2D_Init                           0x08000d95   Thumb Code    90  stm32f4xx_hal_dma2d.o(i.HAL_DMA2D_Init)
    HAL_DMA2D_MspInit                        0x08000def   Thumb Code     2  stm32f4xx_hal_dma2d.o(i.HAL_DMA2D_MspInit)
    HAL_DMA2D_PollForTransfer                0x08000df1   Thumb Code   330  stm32f4xx_hal_dma2d.o(i.HAL_DMA2D_PollForTransfer)
    HAL_DMA2D_Start                          0x08000f3b   Thumb Code    58  stm32f4xx_hal_dma2d.o(i.HAL_DMA2D_Start)
    HAL_DMA_DeInit                           0x08000f75   Thumb Code   120  stm32f4xx_hal_dma.o(i.HAL_DMA_DeInit)
    HAL_DMA_Init                             0x08000ff5   Thumb Code   326  stm32f4xx_hal_dma.o(i.HAL_DMA_Init)
    HAL_Delay                                0x08001149   Thumb Code    34  stm32f4xx_hal.o(i.HAL_Delay)
    HAL_GPIO_EXTI_Callback                   0x08001171   Thumb Code     2  stm32f4xx_hal_gpio.o(i.HAL_GPIO_EXTI_Callback)
    HAL_GPIO_EXTI_IRQHandler                 0x08001175   Thumb Code    20  stm32f4xx_hal_gpio.o(i.HAL_GPIO_EXTI_IRQHandler)
    HAL_GPIO_Init                            0x0800118d   Thumb Code   582  stm32f4xx_hal_gpio.o(i.HAL_GPIO_Init)
    HAL_GPIO_ReadPin                         0x080013e9   Thumb Code    10  stm32f4xx_hal_gpio.o(i.HAL_GPIO_ReadPin)
    HAL_GPIO_TogglePin                       0x080013f3   Thumb Code     8  stm32f4xx_hal_gpio.o(i.HAL_GPIO_TogglePin)
    HAL_GPIO_WritePin                        0x080013fb   Thumb Code    10  stm32f4xx_hal_gpio.o(i.HAL_GPIO_WritePin)
    HAL_GetTick                              0x08001405   Thumb Code     6  stm32f4xx_hal.o(i.HAL_GetTick)
    HAL_IncTick                              0x08001411   Thumb Code    12  stm32f4xx_hal.o(i.HAL_IncTick)
    HAL_Init                                 0x08001421   Thumb Code    48  stm32f4xx_hal.o(i.HAL_Init)
    HAL_InitTick                             0x08001455   Thumb Code    54  stm32f4xx_hal.o(i.HAL_InitTick)
    HAL_LTDC_ConfigLayer                     0x08001495   Thumb Code    88  stm32f4xx_hal_ltdc.o(i.HAL_LTDC_ConfigLayer)
    HAL_LTDC_EnableDither                    0x080014ed   Thumb Code    48  stm32f4xx_hal_ltdc.o(i.HAL_LTDC_EnableDither)
    HAL_LTDC_Init                            0x08001521   Thumb Code   252  stm32f4xx_hal_ltdc.o(i.HAL_LTDC_Init)
    HAL_LTDC_MspInit                         0x08001621   Thumb Code     2  stm32f4xx_hal_ltdc.o(i.HAL_LTDC_MspInit)
    HAL_MspInit                              0x08001623   Thumb Code     2  stm32f4xx_hal.o(i.HAL_MspInit)
    HAL_NVIC_EnableIRQ                       0x08001625   Thumb Code    24  stm32f4xx_hal_cortex.o(i.HAL_NVIC_EnableIRQ)
    HAL_NVIC_SetPriority                     0x0800163d   Thumb Code    96  stm32f4xx_hal_cortex.o(i.HAL_NVIC_SetPriority)
    HAL_NVIC_SetPriorityGrouping             0x080016a1   Thumb Code    30  stm32f4xx_hal_cortex.o(i.HAL_NVIC_SetPriorityGrouping)
    HAL_PWREx_EnableOverDrive                0x080016c5   Thumb Code   108  stm32f4xx_hal_pwr_ex.o(i.HAL_PWREx_EnableOverDrive)
    HAL_RCCEx_PeriphCLKConfig                0x0800173d   Thumb Code   586  stm32f4xx_hal_rcc_ex.o(i.HAL_RCCEx_PeriphCLKConfig)
    HAL_RCC_ClockConfig                      0x080019b5   Thumb Code   322  stm32f4xx_hal_rcc.o(i.HAL_RCC_ClockConfig)
    HAL_RCC_GetSysClockFreq                  0x08001b0d   Thumb Code    98  stm32f4xx_hal_rcc.o(i.HAL_RCC_GetSysClockFreq)
    HAL_RCC_OscConfig                        0x08001b81   Thumb Code   888  stm32f4xx_hal_rcc.o(i.HAL_RCC_OscConfig)
    HAL_SDRAM_Init                           0x08001f21   Thumb Code    66  stm32f4xx_hal_sdram.o(i.HAL_SDRAM_Init)
    HAL_SDRAM_MspInit                        0x08001f63   Thumb Code     2  stm32f4xx_hal_sdram.o(i.HAL_SDRAM_MspInit)
    HAL_SDRAM_ProgramRefreshRate             0x08001f65   Thumb Code    36  stm32f4xx_hal_sdram.o(i.HAL_SDRAM_ProgramRefreshRate)
    HAL_SDRAM_SendCommand                    0x08001f89   Thumb Code    46  stm32f4xx_hal_sdram.o(i.HAL_SDRAM_SendCommand)
    HAL_SPI_DeInit                           0x08001fb7   Thumb Code    48  stm32f4xx_hal_spi.o(i.HAL_SPI_DeInit)
    HAL_SPI_GetState                         0x08001fe7   Thumb Code     6  stm32f4xx_hal_spi.o(i.HAL_SPI_GetState)
    HAL_SPI_Init                             0x08001fed   Thumb Code   140  stm32f4xx_hal_spi.o(i.HAL_SPI_Init)
    HAL_SPI_MspDeInit                        0x08002079   Thumb Code     2  stm32f4xx_hal_spi.o(i.HAL_SPI_MspDeInit)
    HAL_SPI_MspInit                          0x0800207b   Thumb Code     2  stm32f4xx_hal_spi.o(i.HAL_SPI_MspInit)
    HAL_SPI_Receive                          0x0800207d   Thumb Code   520  stm32f4xx_hal_spi.o(i.HAL_SPI_Receive)
    HAL_SPI_Transmit                         0x08002285   Thumb Code   456  stm32f4xx_hal_spi.o(i.HAL_SPI_Transmit)
    HAL_SPI_TransmitReceive                  0x0800244d   Thumb Code   658  stm32f4xx_hal_spi.o(i.HAL_SPI_TransmitReceive)
    HAL_SYSTICK_Config                       0x080026e1   Thumb Code    38  stm32f4xx_hal_cortex.o(i.HAL_SYSTICK_Config)
    HardFault_Handler                        0x0800270d   Thumb Code     2  stm32f4xx_it.o(i.HardFault_Handler)
    LCD_Delay                                0x0800270f   Thumb Code     4  stm32f429i_discovery.o(i.LCD_Delay)
    LCD_IO_Init                              0x08002715   Thumb Code   152  stm32f429i_discovery.o(i.LCD_IO_Init)
    LCD_IO_ReadData                          0x080027bd   Thumb Code   112  stm32f429i_discovery.o(i.LCD_IO_ReadData)
    LCD_IO_WriteData                         0x0800283d   Thumb Code    70  stm32f429i_discovery.o(i.LCD_IO_WriteData)
    LCD_IO_WriteReg                          0x08002895   Thumb Code    72  stm32f429i_discovery.o(i.LCD_IO_WriteReg)
    MemManage_Handler                        0x08002a8d   Thumb Code     2  stm32f4xx_it.o(i.MemManage_Handler)
    NMI_Handler                              0x08002a8f   Thumb Code     2  stm32f4xx_it.o(i.NMI_Handler)
    PendSV_Handler                           0x08002a91   Thumb Code     2  stm32f4xx_it.o(i.PendSV_Handler)
    SVC_Handler                              0x08002bdd   Thumb Code     2  stm32f4xx_it.o(i.SVC_Handler)
    SysTick_Handler                          0x08002bdf   Thumb Code    14  stm32f4xx_it.o(i.SysTick_Handler)
    SystemInit                               0x08002bed   Thumb Code    64  system_stm32f4xx.o(i.SystemInit)
    Toggle_Leds                              0x08002c45   Thumb Code    34  main.o(i.Toggle_Leds)
    Update_animation                         0x08002c6d   Thumb Code    36  graphics.o(i.Update_animation)
    Update_postion                           0x08002c91   Thumb Code   114  graphics.o(i.Update_postion)
    UsageFault_Handler                       0x08002d09   Thumb Code     2  stm32f4xx_it.o(i.UsageFault_Handler)
    __scatterload_copy                       0x08002d0b   Thumb Code    14  handlers.o(i.__scatterload_copy)
    __scatterload_null                       0x08002d19   Thumb Code     2  handlers.o(i.__scatterload_null)
    __scatterload_zeroinit                   0x08002d1b   Thumb Code    14  handlers.o(i.__scatterload_zeroinit)
    collision                                0x08002d29   Thumb Code   112  graphics.o(i.collision)
    ili9341_DisplayOff                       0x08002d99   Thumb Code     6  ili9341.o(i.ili9341_DisplayOff)
    ili9341_DisplayOn                        0x08002d9f   Thumb Code     6  ili9341.o(i.ili9341_DisplayOn)
    ili9341_GetLcdPixelHeight                0x08002da5   Thumb Code     6  ili9341.o(i.ili9341_GetLcdPixelHeight)
    ili9341_GetLcdPixelWidth                 0x08002dab   Thumb Code     4  ili9341.o(i.ili9341_GetLcdPixelWidth)
    ili9341_Init                             0x08002daf   Thumb Code   658  ili9341.o(i.ili9341_Init)
    ili9341_ReadID                           0x08003041   Thumb Code    18  ili9341.o(i.ili9341_ReadID)
    init_pipes                               0x08003055   Thumb Code   200  main.o(i.init_pipes)
    main                                     0x08003139   Thumb Code   960  main.o(i.main)
    malloc                                   0x0800354d   Thumb Code    92  malloc.o(i.malloc)
    AHBPrescTable                            0x080035b8   Data          16  system_stm32f4xx.o(.constdata)
    BUTTON_IRQn                              0x080035c8   Data           1  stm32f429i_discovery.o(.constdata)
    BUTTON_PIN                               0x080035ca   Data           2  stm32f429i_discovery.o(.constdata)
    GPIO_PIN                                 0x080035cc   Data           4  stm32f429i_discovery.o(.constdata)
    Font24_Table                             0x080035d0   Data        6840  stm32f429i_discovery_lcd.o(.constdata)
    back_img                                 0x08005090   Data       153600  main.o(.constdata)
    bird_img                                 0x0802a890   Data        2048  main.o(.constdata)
    pipe1_img                                0x0802b090   Data       19430  main.o(.constdata)
    pipe2_img                                0x0802fc76   Data       19430  main.o(.constdata)
    Region$$Table$$Base                      0x08034868   Number         0  anon$$obj.o(Region$$Table)
    Region$$Table$$Limit                     0x08034888   Number         0  anon$$obj.o(Region$$Table)
    SystemCoreClock                          0x20000000   Data           4  system_stm32f4xx.o(.data)
    BUTTON_PORT                              0x20000008   Data           4  stm32f429i_discovery.o(.data)
    I2cxTimeout                              0x2000000c   Data           4  stm32f429i_discovery.o(.data)
    SpixTimeout                              0x20000010   Data           4  stm32f429i_discovery.o(.data)
    GPIO_PORT                                0x20000014   Data           8  stm32f429i_discovery.o(.data)
    LcdDrv                                   0x20000020   Data           4  stm32f429i_discovery_lcd.o(.data)
    Font24                                   0x20000024   Data           8  stm32f429i_discovery_lcd.o(.data)
    uwTickFreq                               0x20000030   Data           1  stm32f4xx_hal.o(.data)
    uwTickPrio                               0x20000034   Data           4  stm32f4xx_hal.o(.data)
    uwTick                                   0x20000038   Data           4  stm32f4xx_hal.o(.data)
    ili9341_drv                              0x2000003c   Data          56  ili9341.o(.data)
    gap                                      0x2000007c   Data           4  main.o(.data)
    back_bitmap                              0x20000084   Data          12  main.o(.data)
    __microlib_freelist                      0x20000094   Data           4  mvars.o(.data)
    __microlib_freelist_initialised          0x20000098   Data           4  mvars.o(.data)
    I2cHandle                                0x2000009c   Data          84  stm32f429i_discovery.o(.bss)
    LtdcHandler                              0x20000148   Data         168  stm32f429i_discovery_lcd.o(.bss)
    bird                                     0x20000398   Data         348  main.o(.bss)
    pipe1                                    0x200004f4   Data         356  main.o(.bss)
    pipe2                                    0x20000658   Data         356  main.o(.bss)
    __heap_base                              0x200007c0   Data           0  startup_stm32f429xx.o(HEAP)
    __heap_limit                             0x200107c0   Data           0  startup_stm32f429xx.o(HEAP)
    __initial_sp                             0x200207c0   Data           0  startup_stm32f429xx.o(STACK)



==============================================================================

Memory Map of the image

  Image Entry point : 0x080001ad

  Load Region LR_IROM1 (Base: 0x08000000, Size: 0x00034924, Max: 0x00200000, ABSOLUTE)

    Execution Region ER_IROM1 (Base: 0x08000000, Size: 0x00034888, Max: 0x00200000, ABSOLUTE)

    Base Addr    Size         Type   Attr      Idx    E Section Name        Object

    0x08000000   0x000001ac   Data   RO            3    RESET               startup_stm32f429xx.o
    0x080001ac   0x00000000   Code   RO         3836  * .ARM.Collect$$$$00000000  mc_w.l(entry.o)
    0x080001ac   0x00000004   Code   RO         3912    .ARM.Collect$$$$00000001  mc_w.l(entry2.o)
    0x080001b0   0x00000004   Code   RO         3915    .ARM.Collect$$$$00000004  mc_w.l(entry5.o)
    0x080001b4   0x00000000   Code   RO         3917    .ARM.Collect$$$$00000008  mc_w.l(entry7b.o)
    0x080001b4   0x00000000   Code   RO         3919    .ARM.Collect$$$$0000000A  mc_w.l(entry8b.o)
    0x080001b4   0x00000008   Code   RO         3920    .ARM.Collect$$$$0000000B  mc_w.l(entry9a.o)
    0x080001bc   0x00000000   Code   RO         3922    .ARM.Collect$$$$0000000D  mc_w.l(entry10a.o)
    0x080001bc   0x00000000   Code   RO         3924    .ARM.Collect$$$$0000000F  mc_w.l(entry11a.o)
    0x080001bc   0x00000004   Code   RO         3913    .ARM.Collect$$$$00002712  mc_w.l(entry2.o)
    0x080001c0   0x00000024   Code   RO            4    .text               startup_stm32f429xx.o
    0x080001e4   0x00000062   Code   RO         3839    .text               mc_w.l(uldiv.o)
    0x08000246   0x00000002   PAD
    0x08000248   0x00000024   Code   RO         3841    .text               mc_w.l(rand.o)
    0x0800026c   0x0000001e   Code   RO         3926    .text               mc_w.l(llshl.o)
    0x0800028a   0x00000020   Code   RO         3928    .text               mc_w.l(llushr.o)
    0x080002aa   0x00000002   PAD
    0x080002ac   0x00000024   Code   RO         3966    .text               mc_w.l(init.o)
    0x080002d0   0x000000c4   Code   RO          332    i.BSP_LCD_DrawBitmap  stm32f429i_discovery_lcd.o
    0x08000394   0x0000000c   Code   RO          349    i.BSP_LCD_GetXSize  stm32f429i_discovery_lcd.o
    0x080003a0   0x0000000c   Code   RO          350    i.BSP_LCD_GetYSize  stm32f429i_discovery_lcd.o
    0x080003ac   0x00000098   Code   RO          351    i.BSP_LCD_Init      stm32f429i_discovery_lcd.o
    0x08000444   0x00000090   Code   RO          352    i.BSP_LCD_LayerDefaultInit  stm32f429i_discovery_lcd.o
    0x080004d4   0x0000012c   Code   RO          353    i.BSP_LCD_MspInit   stm32f429i_discovery_lcd.o
    0x08000600   0x0000000c   Code   RO          358    i.BSP_LCD_SelectLayer  stm32f429i_discovery_lcd.o
    0x0800060c   0x0000002c   Code   RO          365    i.BSP_LCD_SetLayerVisible  stm32f429i_discovery_lcd.o
    0x08000638   0x0000005c   Code   RO          154    i.BSP_LED_Init      stm32f429i_discovery.o
    0x08000694   0x00000018   Code   RO          157    i.BSP_LED_Toggle    stm32f429i_discovery.o
    0x080006ac   0x00000018   Code   RO          158    i.BSP_PB_GetState   stm32f429i_discovery.o
    0x080006c4   0x00000088   Code   RO          159    i.BSP_PB_Init       stm32f429i_discovery.o
    0x0800074c   0x0000007c   Code   RO          702    i.BSP_SDRAM_Init    stm32f429i_discovery_sdram.o
    0x080007c8   0x00000090   Code   RO          703    i.BSP_SDRAM_Initialization_sequence  stm32f429i_discovery_sdram.o
    0x08000858   0x00000168   Code   RO          705    i.BSP_SDRAM_MspInit  stm32f429i_discovery_sdram.o
    0x080009c0   0x00000002   Code   RO         3491    i.BusFault_Handler  stm32f4xx_it.o
    0x080009c2   0x000000b2   Code   RO         1549    i.DMA2D_SetConfig   stm32f4xx_hal_dma2d.o
    0x08000a74   0x00000002   Code   RO         3492    i.DebugMon_Handler  stm32f4xx_it.o
    0x08000a76   0x00000082   Code   RO         3578    i.DrawSprite        graphics.o
    0x08000af8   0x00000006   Code   RO         3493    i.EXTI0_IRQHandler  stm32f4xx_it.o
    0x08000afe   0x0000005c   Code   RO         2109    i.FMC_SDRAM_Init    stm32f4xx_ll_fmc.o
    0x08000b5a   0x0000000c   Code   RO         2110    i.FMC_SDRAM_ProgramRefreshRate  stm32f4xx_ll_fmc.o
    0x08000b66   0x00000052   Code   RO         2111    i.FMC_SDRAM_SendCommand  stm32f4xx_ll_fmc.o
    0x08000bb8   0x00000090   Code   RO         2113    i.FMC_SDRAM_Timing_Init  stm32f4xx_ll_fmc.o
    0x08000c48   0x000000a0   Code   RO         3583    i.Grape_frame       graphics.o
    0x08000ce8   0x000000ac   Code   RO         1561    i.HAL_DMA2D_ConfigLayer  stm32f4xx_hal_dma2d.o
    0x08000d94   0x0000005a   Code   RO         1569    i.HAL_DMA2D_Init    stm32f4xx_hal_dma2d.o
    0x08000dee   0x00000002   Code   RO         1572    i.HAL_DMA2D_MspInit  stm32f4xx_hal_dma2d.o
    0x08000df0   0x0000014a   Code   RO         1573    i.HAL_DMA2D_PollForTransfer  stm32f4xx_hal_dma2d.o
    0x08000f3a   0x0000003a   Code   RO         1576    i.HAL_DMA2D_Start   stm32f4xx_hal_dma2d.o
    0x08000f74   0x00000080   Code   RO         1424    i.HAL_DMA_DeInit    stm32f4xx_hal_dma.o
    0x08000ff4   0x00000154   Code   RO         1428    i.HAL_DMA_Init      stm32f4xx_hal_dma.o
    0x08001148   0x00000028   Code   RO          789    i.HAL_Delay         stm32f4xx_hal.o
    0x08001170   0x00000002   Code   RO         1096    i.HAL_GPIO_EXTI_Callback  stm32f4xx_hal_gpio.o
    0x08001172   0x00000002   PAD
    0x08001174   0x00000018   Code   RO         1097    i.HAL_GPIO_EXTI_IRQHandler  stm32f4xx_hal_gpio.o
    0x0800118c   0x0000025c   Code   RO         1098    i.HAL_GPIO_Init     stm32f4xx_hal_gpio.o
    0x080013e8   0x0000000a   Code   RO         1100    i.HAL_GPIO_ReadPin  stm32f4xx_hal_gpio.o
    0x080013f2   0x00000008   Code   RO         1101    i.HAL_GPIO_TogglePin  stm32f4xx_hal_gpio.o
    0x080013fa   0x0000000a   Code   RO         1102    i.HAL_GPIO_WritePin  stm32f4xx_hal_gpio.o
    0x08001404   0x0000000c   Code   RO          797    i.HAL_GetTick       stm32f4xx_hal.o
    0x08001410   0x00000010   Code   RO          801    i.HAL_IncTick       stm32f4xx_hal.o
    0x08001420   0x00000034   Code   RO          802    i.HAL_Init          stm32f4xx_hal.o
    0x08001454   0x00000040   Code   RO          803    i.HAL_InitTick      stm32f4xx_hal.o
    0x08001494   0x00000058   Code   RO         2272    i.HAL_LTDC_ConfigLayer  stm32f4xx_hal_ltdc.o
    0x080014ec   0x00000034   Code   RO         2284    i.HAL_LTDC_EnableDither  stm32f4xx_hal_ltdc.o
    0x08001520   0x00000100   Code   RO         2289    i.HAL_LTDC_Init     stm32f4xx_hal_ltdc.o
    0x08001620   0x00000002   Code   RO         2292    i.HAL_LTDC_MspInit  stm32f4xx_hal_ltdc.o
    0x08001622   0x00000002   Code   RO          805    i.HAL_MspInit       stm32f4xx_hal.o
    0x08001624   0x00000018   Code   RO          970    i.HAL_NVIC_EnableIRQ  stm32f4xx_hal_cortex.o
    0x0800163c   0x00000064   Code   RO          976    i.HAL_NVIC_SetPriority  stm32f4xx_hal_cortex.o
    0x080016a0   0x00000024   Code   RO          977    i.HAL_NVIC_SetPriorityGrouping  stm32f4xx_hal_cortex.o
    0x080016c4   0x00000078   Code   RO         3105    i.HAL_PWREx_EnableOverDrive  stm32f4xx_hal_pwr_ex.o
    0x0800173c   0x00000278   Code   RO         3039    i.HAL_RCCEx_PeriphCLKConfig  stm32f4xx_hal_rcc_ex.o
    0x080019b4   0x00000158   Code   RO         2932    i.HAL_RCC_ClockConfig  stm32f4xx_hal_rcc.o
    0x08001b0c   0x00000074   Code   RO         2941    i.HAL_RCC_GetSysClockFreq  stm32f4xx_hal_rcc.o
    0x08001b80   0x000003a0   Code   RO         2944    i.HAL_RCC_OscConfig  stm32f4xx_hal_rcc.o
    0x08001f20   0x00000042   Code   RO         1167    i.HAL_SDRAM_Init    stm32f4xx_hal_sdram.o
    0x08001f62   0x00000002   Code   RO         1169    i.HAL_SDRAM_MspInit  stm32f4xx_hal_sdram.o
    0x08001f64   0x00000024   Code   RO         1170    i.HAL_SDRAM_ProgramRefreshRate  stm32f4xx_hal_sdram.o
    0x08001f88   0x0000002e   Code   RO         1176    i.HAL_SDRAM_SendCommand  stm32f4xx_hal_sdram.o
    0x08001fb6   0x00000030   Code   RO         1751    i.HAL_SPI_DeInit    stm32f4xx_hal_spi.o
    0x08001fe6   0x00000006   Code   RO         1754    i.HAL_SPI_GetState  stm32f4xx_hal_spi.o
    0x08001fec   0x0000008c   Code   RO         1756    i.HAL_SPI_Init      stm32f4xx_hal_spi.o
    0x08002078   0x00000002   Code   RO         1757    i.HAL_SPI_MspDeInit  stm32f4xx_hal_spi.o
    0x0800207a   0x00000002   Code   RO         1758    i.HAL_SPI_MspInit   stm32f4xx_hal_spi.o
    0x0800207c   0x00000208   Code   RO         1759    i.HAL_SPI_Receive   stm32f4xx_hal_spi.o
    0x08002284   0x000001c8   Code   RO         1764    i.HAL_SPI_Transmit  stm32f4xx_hal_spi.o
    0x0800244c   0x00000292   Code   RO         1765    i.HAL_SPI_TransmitReceive  stm32f4xx_hal_spi.o
    0x080026de   0x00000002   PAD
    0x080026e0   0x0000002c   Code   RO          981    i.HAL_SYSTICK_Config  stm32f4xx_hal_cortex.o
    0x0800270c   0x00000002   Code   RO         3494    i.HardFault_Handler  stm32f4xx_it.o
    0x0800270e   0x00000004   Code   RO          171    i.LCD_Delay         stm32f429i_discovery.o
    0x08002712   0x00000002   PAD
    0x08002714   0x000000a8   Code   RO          172    i.LCD_IO_Init       stm32f429i_discovery.o
    0x080027bc   0x00000080   Code   RO          173    i.LCD_IO_ReadData   stm32f429i_discovery.o
    0x0800283c   0x00000058   Code   RO          174    i.LCD_IO_WriteData  stm32f429i_discovery.o
    0x08002894   0x00000058   Code   RO          175    i.LCD_IO_WriteReg   stm32f429i_discovery.o
    0x080028ec   0x000001a0   Code   RO         2308    i.LTDC_SetConfig    stm32f4xx_hal_ltdc.o
    0x08002a8c   0x00000002   Code   RO         3495    i.MemManage_Handler  stm32f4xx_it.o
    0x08002a8e   0x00000002   Code   RO         3496    i.NMI_Handler       stm32f4xx_it.o
    0x08002a90   0x00000002   Code   RO         3497    i.PendSV_Handler    stm32f4xx_it.o
    0x08002a92   0x00000002   PAD
    0x08002a94   0x000000aa   Code   RO         1800    i.SPI_WaitFlagStateUntilTimeout  stm32f4xx_hal_spi.o
    0x08002b3e   0x00000002   PAD
    0x08002b40   0x0000009c   Code   RO          176    i.SPIx_Init         stm32f429i_discovery.o
    0x08002bdc   0x00000002   Code   RO         3498    i.SVC_Handler       stm32f4xx_it.o
    0x08002bde   0x0000000e   Code   RO         3499    i.SysTick_Handler   stm32f4xx_it.o
    0x08002bec   0x00000058   Code   RO           14    i.SystemInit        system_stm32f4xx.o
    0x08002c44   0x00000028   Code   RO         3361    i.Toggle_Leds       main.o
    0x08002c6c   0x00000024   Code   RO         3595    i.Update_animation  graphics.o
    0x08002c90   0x00000078   Code   RO         3596    i.Update_postion    graphics.o
    0x08002d08   0x00000002   Code   RO         3500    i.UsageFault_Handler  stm32f4xx_it.o
    0x08002d0a   0x0000000e   Code   RO         3974    i.__scatterload_copy  mc_w.l(handlers.o)
    0x08002d18   0x00000002   Code   RO         3975    i.__scatterload_null  mc_w.l(handlers.o)
    0x08002d1a   0x0000000e   Code   RO         3976    i.__scatterload_zeroinit  mc_w.l(handlers.o)
    0x08002d28   0x00000070   Code   RO         3599    i.collision         graphics.o
    0x08002d98   0x00000006   Code   RO         3288    i.ili9341_DisplayOff  ili9341.o
    0x08002d9e   0x00000006   Code   RO         3289    i.ili9341_DisplayOn  ili9341.o
    0x08002da4   0x00000006   Code   RO         3290    i.ili9341_GetLcdPixelHeight  ili9341.o
    0x08002daa   0x00000004   Code   RO         3291    i.ili9341_GetLcdPixelWidth  ili9341.o
    0x08002dae   0x00000292   Code   RO         3292    i.ili9341_Init      ili9341.o
    0x08003040   0x00000012   Code   RO         3294    i.ili9341_ReadID    ili9341.o
    0x08003052   0x00000002   PAD
    0x08003054   0x000000e4   Code   RO         3365    i.init_pipes        main.o
    0x08003138   0x00000414   Code   RO         3366    i.main              main.o
    0x0800354c   0x0000006c   Code   RO         3845    i.malloc            mc_w.l(malloc.o)
    0x080035b8   0x00000010   Data   RO           15    .constdata          system_stm32f4xx.o
    0x080035c8   0x00000008   Data   RO          178    .constdata          stm32f429i_discovery.o
    0x080035d0   0x00001ab8   Data   RO          380    .constdata          stm32f429i_discovery_lcd.o
    0x08005088   0x00000008   Data   RO         1434    .constdata          stm32f4xx_hal_dma.o
    0x08005090   0x00025800   Data   RO         3369    .constdata          main.o
    0x0802a890   0x00000800   Data   RO         3370    .constdata          main.o
    0x0802b090   0x000097d8   Data   RO         3371    .constdata          main.o
    0x08034868   0x00000020   Data   RO         3972    Region$$Table       anon$$obj.o


    Execution Region RW_IRAM1 (Base: 0x20000000, Size: 0x000207c0, Max: 0x00030000, ABSOLUTE)

    Base Addr    Size         Type   Attr      Idx    E Section Name        Object

    0x20000000   0x00000004   Data   RW           17    .data               system_stm32f4xx.o
    0x20000004   0x00000018   Data   RW          179    .data               stm32f429i_discovery.o
    0x2000001c   0x00000010   Data   RW          385    .data               stm32f429i_discovery_lcd.o
    0x2000002c   0x00000001   Data   RW          712    .data               stm32f429i_discovery_sdram.o
    0x2000002d   0x00000003   PAD
    0x20000030   0x0000000c   Data   RW          809    .data               stm32f4xx_hal.o
    0x2000003c   0x00000038   Data   RW         3297    .data               ili9341.o
    0x20000074   0x0000001c   Data   RW         3372    .data               main.o
    0x20000090   0x00000004   Data   RW         3842    .data               mc_w.l(rand.o)
    0x20000094   0x00000004   Data   RW         3936    .data               mc_w.l(mvars.o)
    0x20000098   0x00000004   Data   RW         3937    .data               mc_w.l(mvars.o)
    0x2000009c   0x000000ac   Zero   RW          177    .bss                stm32f429i_discovery.o
    0x20000148   0x00000130   Zero   RW          379    .bss                stm32f429i_discovery_lcd.o
    0x20000278   0x00000120   Zero   RW          711    .bss                stm32f429i_discovery_sdram.o
    0x20000398   0x00000424   Zero   RW         3368    .bss                main.o
    0x200007bc   0x00000004   PAD
    0x200007c0   0x00010000   Zero   RW            2    HEAP                startup_stm32f429xx.o
    0x200107c0   0x00010000   Zero   RW            1    STACK               startup_stm32f429xx.o


==============================================================================

Image component sizes


      Code (inc. data)   RO Data    RW Data    ZI Data      Debug   Object Name

       558          6          0          0          0       8035   graphics.o
       698          0          0         56          0       8947   ili9341.o
      1312        118     194520         28       1060       7919   main.o
        36          8        428          0     131072        852   startup_stm32f429xx.o
       908        136          8         24        172      14495   stm32f429i_discovery.o
       872        104       6840         16        304      15024   stm32f429i_discovery_lcd.o
       628         64          0          1        288       4007   stm32f429i_discovery_sdram.o
       186         30          0         12          0       5199   stm32f4xx_hal.o
       204         16          0          0          0      30119   stm32f4xx_hal_cortex.o
       468         22          8          0          0       2944   stm32f4xx_hal_dma.o
       830          4          0          0          0       6597   stm32f4xx_hal_dma2d.o
       658         26          0          0          0       4904   stm32f4xx_hal_gpio.o
       814          8          0          0          0       4206   stm32f4xx_hal_ltdc.o
       120         12          0          0          0       1292   stm32f4xx_hal_pwr_ex.o
      1388         80          0          0          0       4186   stm32f4xx_hal_rcc.o
       632         46          0          0          0       1612   stm32f4xx_hal_rcc_ex.o
       150          0          0          0          0       3380   stm32f4xx_hal_sdram.o
      2002          0          0          0          0       9485   stm32f4xx_hal_spi.o
        36          0          0          0          0       4737   stm32f4xx_it.o
       330          0          0          0          0       3640   stm32f4xx_ll_fmc.o
        88         24         16          4          0     747519   system_stm32f4xx.o

    ----------------------------------------------------------------------
     12930        704     201852        144     132900     889099   Object Totals
         0          0         32          0          0          0   (incl. Generated)
        12          0          0          3          4          0   (incl. Padding)

    ----------------------------------------------------------------------

      Code (inc. data)   RO Data    RW Data    ZI Data      Debug   Library Member Name

         0          0          0          0          0          0   entry.o
         0          0          0          0          0          0   entry10a.o
         0          0          0          0          0          0   entry11a.o
         8          4          0          0          0          0   entry2.o
         4          0          0          0          0          0   entry5.o
         0          0          0          0          0          0   entry7b.o
         0          0          0          0          0          0   entry8b.o
         8          4          0          0          0          0   entry9a.o
        30          0          0          0          0          0   handlers.o
        36          8          0          0          0         68   init.o
        30          0          0          0          0         68   llshl.o
        32          0          0          0          0         68   llushr.o
       108         16          0          0          0         84   malloc.o
         0          0          0          8          0          0   mvars.o
        36         10          0          4          0        136   rand.o
        98          0          0          0          0         92   uldiv.o

    ----------------------------------------------------------------------
       394         42          0         12          0        516   Library Totals
         4          0          0          0          0          0   (incl. Padding)

    ----------------------------------------------------------------------

      Code (inc. data)   RO Data    RW Data    ZI Data      Debug   Library Name

       390         42          0         12          0        516   mc_w.l

    ----------------------------------------------------------------------
       394         42          0         12          0        516   Library Totals

    ----------------------------------------------------------------------

==============================================================================


      Code (inc. data)   RO Data    RW Data    ZI Data      Debug   

     13324        746     201852        156     132900     880915   Grand Totals
     13324        746     201852        156     132900     880915   ELF Image Totals
     13324        746     201852        156          0          0   ROM Totals

==============================================================================

    Total RO  Size (Code + RO Data)               215176 ( 210.13kB)
    Total RW  Size (RW Data + ZI Data)            133056 ( 129.94kB)
    Total ROM Size (Code + RO Data + RW Data)     215332 ( 210.29kB)

==============================================================================

