<html>
<body>
<pre>
<h1>µVision Build Log</h1>
<h2>Tool Versions:</h2>
IDE-Version: µVision V5.21.1.0
Copyright (C) 2016 ARM Ltd and ARM Germany GmbH. All rights reserved.
License Information: a a, a, LIC=R4HTG-VVIKM-LUW4M-X6LEP-WZZPB-NRWEK
 
Tool Versions:
Toolchain:       MDK-ARM Professional  Version: 5.21a
Toolchain Path:  C:\Keil_v5\ARM\ARMCC\Bin
C Compiler:      Armcc.exe V5.06 update 3 (build 300)
Assembler:       Armasm.exe V5.06 update 3 (build 300)
Linker/Locator:  ArmLink.exe V5.06 update 3 (build 300)
Library Manager: ArmAr.exe V5.06 update 3 (build 300)
Hex Converter:   FromElf.exe V5.06 update 3 (build 300)
CPU DLL:         SARMCM3.DLL V5.21a
Dialog DLL:      DCM.DLL V1.13.8.0
Target DLL:      STLink\ST-LINKIII-KEIL_SWO.dll V2.0.18.0
Dialog DLL:      TCM.DLL V1.14.14.0
 
<h2>Project:</h2>
C:\Users\xgame\OneDrive\Documents\STMF32GameConsole\MDK-ARM\Project.uvprojx
Project File Date:  06/13/2018

<h2>Output:</h2>
*** Using Compiler 'V5.06 update 3 (build 300)', folder: 'C:\Keil_v5\ARM\ARMCC\Bin'
Build target 'STM32F429I-Discovery'
compiling main.c...
../Drivers/BSP/STM32F429I-Discovery/stm32f429i_discovery_lcd.h(253): warning:  #1295-D: Deprecated declaration screen_init - give arg types
  void screen_init();
../Drivers/BSP/STM32F429I-Discovery/stm32f429i_discovery_lcd.h(254): warning:  #1295-D: Deprecated declaration screen_flip_buffers - give arg types
  void screen_flip_buffers();
../Src/main.c(113): warning:  #1295-D: Deprecated declaration ct_screen_init - give arg types
  Screen* ct_screen_init();
../Src/main.c: 3 warnings, 0 errors
linking...
Program Size: Code=13324 RO-data=201852 RW-data=156 ZI-data=132900  
"STM32F429I-Discovery\Exe\Project.axf" - 0 Error(s), 3 Warning(s).

<h2>Software Packages used:</h2>

Package Vendor: ARM
                http://www.keil.com/pack/ARM.CMSIS.4.5.0.pack
                ARM::CMSIS:CORE:4.3.0
                CMSIS (Cortex Microcontroller Software Interface Standard)
   * Component: CORE Version: 4.3.0

<h2>Collection of Component include folders:</h2>
  C:\Users\xgame\OneDrive\Documents\STMF32GameConsole\MDK-ARM\RTE
  C:\Keil_v5\ARM\PACK\ARM\CMSIS\4.5.0\CMSIS\Include
  C:\Keil_v5\ARM\PACK\Keil\STM32F4xx_DFP\2.13.0\Drivers\CMSIS\Device\ST\STM32F4xx\Include

<h2>Collection of Component Files used:</h2>

   * Component: ARM::CMSIS:CORE:4.3.0
Build Time Elapsed:  00:00:08
</pre>
</body>
</html>
