Component: ARM Compiler 5.06 update 3 (build 300) Tool: armlink [4d35c9]

==============================================================================

Section Cross References

    startup_stm32f429xx.o(RESET) refers to startup_stm32f429xx.o(STACK) for __initial_sp
    startup_stm32f429xx.o(RESET) refers to startup_stm32f429xx.o(.text) for Reset_Handler
    startup_stm32f429xx.o(RESET) refers to stm32f4xx_it.o(i.NMI_Handler) for NMI_Handler
    startup_stm32f429xx.o(RESET) refers to stm32f4xx_it.o(i.HardFault_Handler) for HardFault_Handler
    startup_stm32f429xx.o(RESET) refers to stm32f4xx_it.o(i.MemManage_Handler) for MemManage_Handler
    startup_stm32f429xx.o(RESET) refers to stm32f4xx_it.o(i.BusFault_Handler) for BusFault_Handler
    startup_stm32f429xx.o(RESET) refers to stm32f4xx_it.o(i.UsageFault_Handler) for UsageFault_Handler
    startup_stm32f429xx.o(RESET) refers to stm32f4xx_it.o(i.SVC_Handler) for SVC_Handler
    startup_stm32f429xx.o(RESET) refers to stm32f4xx_it.o(i.DebugMon_Handler) for DebugMon_Handler
    startup_stm32f429xx.o(RESET) refers to stm32f4xx_it.o(i.PendSV_Handler) for PendSV_Handler
    startup_stm32f429xx.o(RESET) refers to stm32f4xx_it.o(i.SysTick_Handler) for SysTick_Handler
    startup_stm32f429xx.o(RESET) refers to stm32f4xx_it.o(i.EXTI0_IRQHandler) for EXTI0_IRQHandler
    startup_stm32f429xx.o(.text) refers to system_stm32f4xx.o(i.SystemInit) for SystemInit
    startup_stm32f429xx.o(.text) refers to entry.o(.ARM.Collect$$$$00000000) for __main
    system_stm32f4xx.o(i.SystemCoreClockUpdate) refers to system_stm32f4xx.o(.data) for .data
    system_stm32f4xx.o(i.SystemCoreClockUpdate) refers to system_stm32f4xx.o(.constdata) for .constdata
    stm32f429i_discovery.o(i.BSP_LED_Init) refers to stm32f4xx_hal_gpio.o(i.HAL_GPIO_Init) for HAL_GPIO_Init
    stm32f429i_discovery.o(i.BSP_LED_Init) refers to stm32f4xx_hal_gpio.o(i.HAL_GPIO_WritePin) for HAL_GPIO_WritePin
    stm32f429i_discovery.o(i.BSP_LED_Init) refers to stm32f429i_discovery.o(.constdata) for .constdata
    stm32f429i_discovery.o(i.BSP_LED_Init) refers to stm32f429i_discovery.o(.data) for .data
    stm32f429i_discovery.o(i.BSP_LED_Off) refers to stm32f4xx_hal_gpio.o(i.HAL_GPIO_WritePin) for HAL_GPIO_WritePin
    stm32f429i_discovery.o(i.BSP_LED_Off) refers to stm32f429i_discovery.o(.constdata) for .constdata
    stm32f429i_discovery.o(i.BSP_LED_Off) refers to stm32f429i_discovery.o(.data) for .data
    stm32f429i_discovery.o(i.BSP_LED_On) refers to stm32f4xx_hal_gpio.o(i.HAL_GPIO_WritePin) for HAL_GPIO_WritePin
    stm32f429i_discovery.o(i.BSP_LED_On) refers to stm32f429i_discovery.o(.constdata) for .constdata
    stm32f429i_discovery.o(i.BSP_LED_On) refers to stm32f429i_discovery.o(.data) for .data
    stm32f429i_discovery.o(i.BSP_LED_Toggle) refers to stm32f4xx_hal_gpio.o(i.HAL_GPIO_TogglePin) for HAL_GPIO_TogglePin
    stm32f429i_discovery.o(i.BSP_LED_Toggle) refers to stm32f429i_discovery.o(.constdata) for .constdata
    stm32f429i_discovery.o(i.BSP_LED_Toggle) refers to stm32f429i_discovery.o(.data) for .data
    stm32f429i_discovery.o(i.BSP_PB_GetState) refers to stm32f4xx_hal_gpio.o(i.HAL_GPIO_ReadPin) for HAL_GPIO_ReadPin
    stm32f429i_discovery.o(i.BSP_PB_GetState) refers to stm32f429i_discovery.o(.constdata) for .constdata
    stm32f429i_discovery.o(i.BSP_PB_GetState) refers to stm32f429i_discovery.o(.data) for .data
    stm32f429i_discovery.o(i.BSP_PB_Init) refers to stm32f4xx_hal_gpio.o(i.HAL_GPIO_Init) for HAL_GPIO_Init
    stm32f429i_discovery.o(i.BSP_PB_Init) refers to stm32f4xx_hal_cortex.o(i.HAL_NVIC_SetPriority) for HAL_NVIC_SetPriority
    stm32f429i_discovery.o(i.BSP_PB_Init) refers to stm32f4xx_hal_cortex.o(i.HAL_NVIC_EnableIRQ) for HAL_NVIC_EnableIRQ
    stm32f429i_discovery.o(i.BSP_PB_Init) refers to stm32f429i_discovery.o(.constdata) for .constdata
    stm32f429i_discovery.o(i.BSP_PB_Init) refers to stm32f429i_discovery.o(.data) for .data
    stm32f429i_discovery.o(i.GYRO_IO_Init) refers to stm32f4xx_hal_gpio.o(i.HAL_GPIO_Init) for HAL_GPIO_Init
    stm32f429i_discovery.o(i.GYRO_IO_Init) refers to stm32f4xx_hal_gpio.o(i.HAL_GPIO_WritePin) for HAL_GPIO_WritePin
    stm32f429i_discovery.o(i.GYRO_IO_Init) refers to stm32f429i_discovery.o(i.SPIx_Init) for SPIx_Init
    stm32f429i_discovery.o(i.GYRO_IO_Read) refers to stm32f4xx_hal_gpio.o(i.HAL_GPIO_WritePin) for HAL_GPIO_WritePin
    stm32f429i_discovery.o(i.GYRO_IO_Read) refers to stm32f429i_discovery.o(i.SPIx_WriteRead) for SPIx_WriteRead
    stm32f429i_discovery.o(i.GYRO_IO_Write) refers to stm32f4xx_hal_gpio.o(i.HAL_GPIO_WritePin) for HAL_GPIO_WritePin
    stm32f429i_discovery.o(i.GYRO_IO_Write) refers to stm32f429i_discovery.o(i.SPIx_WriteRead) for SPIx_WriteRead
    stm32f429i_discovery.o(i.I2Cx_Error) refers to stm32f4xx_hal_i2c.o(i.HAL_I2C_DeInit) for HAL_I2C_DeInit
    stm32f429i_discovery.o(i.I2Cx_Error) refers to stm32f429i_discovery.o(i.I2Cx_Init) for I2Cx_Init
[...]
    Removing stm32f4xx_hal_i2c.o(i.HAL_I2C_Master_Receive_IT), (188 bytes).
    Removing stm32f4xx_hal_i2c.o(i.HAL_I2C_Master_Sequential_Receive_IT), (224 bytes).
    Removing stm32f4xx_hal_i2c.o(i.HAL_I2C_Master_Sequential_Transmit_IT), (192 bytes).
    Removing stm32f4xx_hal_i2c.o(i.HAL_I2C_Master_Transmit), (312 bytes).
    Removing stm32f4xx_hal_i2c.o(i.HAL_I2C_Master_Transmit_DMA), (296 bytes).
    Removing stm32f4xx_hal_i2c.o(i.HAL_I2C_Master_Transmit_IT), (180 bytes).
    Removing stm32f4xx_hal_i2c.o(i.HAL_I2C_MemRxCpltCallback), (2 bytes).
    Removing stm32f4xx_hal_i2c.o(i.HAL_I2C_MemTxCpltCallback), (2 bytes).
    Removing stm32f4xx_hal_i2c.o(i.HAL_I2C_Mem_Read), (508 bytes).
    Removing stm32f4xx_hal_i2c.o(i.HAL_I2C_Mem_Read_DMA), (376 bytes).
    Removing stm32f4xx_hal_i2c.o(i.HAL_I2C_Mem_Read_IT), (216 bytes).
    Removing stm32f4xx_hal_i2c.o(i.HAL_I2C_Mem_Write), (316 bytes).
    Removing stm32f4xx_hal_i2c.o(i.HAL_I2C_Mem_Write_DMA), (292 bytes).
    Removing stm32f4xx_hal_i2c.o(i.HAL_I2C_Mem_Write_IT), (204 bytes).
    Removing stm32f4xx_hal_i2c.o(i.HAL_I2C_MspDeInit), (2 bytes).
    Removing stm32f4xx_hal_i2c.o(i.HAL_I2C_MspInit), (2 bytes).
    Removing stm32f4xx_hal_i2c.o(i.HAL_I2C_SlaveRxCpltCallback), (2 bytes).
    Removing stm32f4xx_hal_i2c.o(i.HAL_I2C_SlaveTxCpltCallback), (2 bytes).
    Removing stm32f4xx_hal_i2c.o(i.HAL_I2C_Slave_Receive), (380 bytes).
    Removing stm32f4xx_hal_i2c.o(i.HAL_I2C_Slave_Receive_DMA), (244 bytes).
    Removing stm32f4xx_hal_i2c.o(i.HAL_I2C_Slave_Receive_IT), (180 bytes).
    Removing stm32f4xx_hal_i2c.o(i.HAL_I2C_Slave_Sequential_Receive_IT), (114 bytes).
    Removing stm32f4xx_hal_i2c.o(i.HAL_I2C_Slave_Sequential_Transmit_IT), (114 bytes).
    Removing stm32f4xx_hal_i2c.o(i.HAL_I2C_Slave_Transmit), (356 bytes).
    Removing stm32f4xx_hal_i2c.o(i.HAL_I2C_Slave_Transmit_DMA), (244 bytes).
    Removing stm32f4xx_hal_i2c.o(i.HAL_I2C_Slave_Transmit_IT), (184 bytes).
    Removing stm32f4xx_hal_i2c.o(i.I2C_DMAAbort), (78 bytes).
    Removing stm32f4xx_hal_i2c.o(i.I2C_DMAError), (52 bytes).
    Removing stm32f4xx_hal_i2c.o(i.I2C_DMAXferCplt), (134 bytes).
    Removing stm32f4xx_hal_i2c.o(i.I2C_ITError), (292 bytes).
    Removing stm32f4xx_hal_i2c.o(i.I2C_IsAcknowledgeFailed), (40 bytes).
    Removing stm32f4xx_hal_i2c.o(i.I2C_MasterReceive_BTF), (190 bytes).
    Removing stm32f4xx_hal_i2c.o(i.I2C_MasterReceive_RXNE), (132 bytes).
    Removing stm32f4xx_hal_i2c.o(i.I2C_MasterRequestRead), (222 bytes).
    Removing stm32f4xx_hal_i2c.o(i.I2C_MasterRequestWrite), (148 bytes).
    Removing stm32f4xx_hal_i2c.o(i.I2C_MasterTransmit_BTF), (128 bytes).
    Removing stm32f4xx_hal_i2c.o(i.I2C_MasterTransmit_TXE), (264 bytes).
    Removing stm32f4xx_hal_i2c.o(i.I2C_Master_ADDR), (244 bytes).
    Removing stm32f4xx_hal_i2c.o(i.I2C_Master_SB), (90 bytes).
    Removing stm32f4xx_hal_i2c.o(i.I2C_RequestMemoryRead), (240 bytes).
    Removing stm32f4xx_hal_i2c.o(i.I2C_RequestMemoryWrite), (160 bytes).
    Removing stm32f4xx_hal_i2c.o(i.I2C_Slave_AF), (132 bytes).
    Removing stm32f4xx_hal_i2c.o(i.I2C_Slave_STOPF), (220 bytes).
    Removing stm32f4xx_hal_i2c.o(i.I2C_WaitOnBTFFlagUntilTimeout), (78 bytes).
    Removing stm32f4xx_hal_i2c.o(i.I2C_WaitOnFlagUntilTimeout), (96 bytes).
    Removing stm32f4xx_hal_i2c.o(i.I2C_WaitOnMasterAddressFlagUntilTimeout), (136 bytes).
    Removing stm32f4xx_hal_i2c.o(i.I2C_WaitOnRXNEFlagUntilTimeout), (98 bytes).
    Removing stm32f4xx_hal_i2c.o(i.I2C_WaitOnTXEFlagUntilTimeout), (78 bytes).
    Removing stm32f4xx_hal_rcc.o(.rev16_text), (4 bytes).
    Removing stm32f4xx_hal_rcc.o(.revsh_text), (4 bytes).
    Removing stm32f4xx_hal_rcc.o(.rrx_text), (6 bytes).
    Removing stm32f4xx_hal_rcc.o(i.HAL_RCC_CSSCallback), (2 bytes).
    Removing stm32f4xx_hal_rcc.o(i.HAL_RCC_DeInit), (4 bytes).
    Removing stm32f4xx_hal_rcc.o(i.HAL_RCC_DisableCSS), (12 bytes).
    Removing stm32f4xx_hal_rcc.o(i.HAL_RCC_EnableCSS), (12 bytes).
    Removing stm32f4xx_hal_rcc.o(i.HAL_RCC_GetClockConfig), (64 bytes).
    Removing stm32f4xx_hal_rcc.o(i.HAL_RCC_GetHCLKFreq), (12 bytes).
    Removing stm32f4xx_hal_rcc.o(i.HAL_RCC_GetOscConfig), (180 bytes).
    Removing stm32f4xx_hal_rcc.o(i.HAL_RCC_GetPCLK1Freq), (32 bytes).
    Removing stm32f4xx_hal_rcc.o(i.HAL_RCC_GetPCLK2Freq), (32 bytes).
    Removing stm32f4xx_hal_rcc.o(i.HAL_RCC_MCOConfig), (140 bytes).
    Removing stm32f4xx_hal_rcc.o(i.HAL_RCC_NMI_IRQHandler), (28 bytes).
    Removing stm32f4xx_hal_rcc_ex.o(.rev16_text), (4 bytes).
    Removing stm32f4xx_hal_rcc_ex.o(.revsh_text), (4 bytes).
    Removing stm32f4xx_hal_rcc_ex.o(.rrx_text), (6 bytes).
    Removing stm32f4xx_hal_rcc_ex.o(i.HAL_RCCEx_DisablePLLI2S), (52 bytes).
    Removing stm32f4xx_hal_rcc_ex.o(i.HAL_RCCEx_DisablePLLSAI), (56 bytes).
    Removing stm32f4xx_hal_rcc_ex.o(i.HAL_RCCEx_EnablePLLI2S), (112 bytes).
    Removing stm32f4xx_hal_rcc_ex.o(i.HAL_RCCEx_EnablePLLSAI), (112 bytes).
    Removing stm32f4xx_hal_rcc_ex.o(i.HAL_RCCEx_GetPeriphCLKConfig), (132 bytes).
    Removing stm32f4xx_hal_rcc_ex.o(i.HAL_RCCEx_GetPeriphCLKFreq), (92 bytes).
    Removing stm32f4xx_hal_rcc_ex.o(i.HAL_RCC_DeInit), (356 bytes).
    Removing stm32f4xx_hal_pwr_ex.o(.rev16_text), (4 bytes).
    Removing stm32f4xx_hal_pwr_ex.o(.revsh_text), (4 bytes).
    Removing stm32f4xx_hal_pwr_ex.o(.rrx_text), (6 bytes).
    Removing stm32f4xx_hal_pwr_ex.o(i.HAL_PWREx_ControlVoltageScaling), (176 bytes).
    Removing stm32f4xx_hal_pwr_ex.o(i.HAL_PWREx_DisableBkUpReg), (60 bytes).
    Removing stm32f4xx_hal_pwr_ex.o(i.HAL_PWREx_DisableFlashPowerDown), (12 bytes).
    Removing stm32f4xx_hal_pwr_ex.o(i.HAL_PWREx_DisableOverDrive), (112 bytes).
    Removing stm32f4xx_hal_pwr_ex.o(i.HAL_PWREx_EnableBkUpReg), (60 bytes).
    Removing stm32f4xx_hal_pwr_ex.o(i.HAL_PWREx_EnableFlashPowerDown), (12 bytes).
    Removing stm32f4xx_hal_pwr_ex.o(i.HAL_PWREx_EnterUnderDriveSTOPMode), (96 bytes).
    Removing stm32f4xx_hal_pwr_ex.o(i.HAL_PWREx_GetVoltageRange), (16 bytes).
    Removing stm32f4xx_hal_pwr.o(.rev16_text), (4 bytes).
    Removing stm32f4xx_hal_pwr.o(.revsh_text), (4 bytes).
    Removing stm32f4xx_hal_pwr.o(.rrx_text), (6 bytes).
    Removing stm32f4xx_hal_pwr.o(i.HAL_PWR_ConfigPVD), (124 bytes).
    Removing stm32f4xx_hal_pwr.o(i.HAL_PWR_DeInit), (24 bytes).
    Removing stm32f4xx_hal_pwr.o(i.HAL_PWR_DisableBkUpAccess), (12 bytes).
    Removing stm32f4xx_hal_pwr.o(i.HAL_PWR_DisablePVD), (12 bytes).
    Removing stm32f4xx_hal_pwr.o(i.HAL_PWR_DisableSEVOnPend), (16 bytes).
    Removing stm32f4xx_hal_pwr.o(i.HAL_PWR_DisableSleepOnExit), (16 bytes).
    Removing stm32f4xx_hal_pwr.o(i.HAL_PWR_DisableWakeUpPin), (16 bytes).
    Removing stm32f4xx_hal_pwr.o(i.HAL_PWR_EnableBkUpAccess), (12 bytes).
    Removing stm32f4xx_hal_pwr.o(i.HAL_PWR_EnablePVD), (12 bytes).
    Removing stm32f4xx_hal_pwr.o(i.HAL_PWR_EnableSEVOnPend), (16 bytes).
    Removing stm32f4xx_hal_pwr.o(i.HAL_PWR_EnableSleepOnExit), (16 bytes).
    Removing stm32f4xx_hal_pwr.o(i.HAL_PWR_EnableWakeUpPin), (16 bytes).
    Removing stm32f4xx_hal_pwr.o(i.HAL_PWR_EnterSLEEPMode), (32 bytes).
    Removing stm32f4xx_hal_pwr.o(i.HAL_PWR_EnterSTANDBYMode), (32 bytes).
    Removing stm32f4xx_hal_pwr.o(i.HAL_PWR_EnterSTOPMode), (56 bytes).
    Removing stm32f4xx_hal_pwr.o(i.HAL_PWR_PVDCallback), (2 bytes).
    Removing stm32f4xx_hal_pwr.o(i.HAL_PWR_PVD_IRQHandler), (28 bytes).
    Removing ili9341.o(i.ili9341_ReadData), (4 bytes).
    Removing ili9341.o(i.ili9341_WriteData), (4 bytes).
    Removing ili9341.o(i.ili9341_WriteReg), (4 bytes).
    Removing main.o(.rev16_text), (4 bytes).
    Removing main.o(.revsh_text), (4 bytes).
    Removing main.o(.rrx_text), (6 bytes).
    Removing main.o(.data), (4 bytes).
    Removing stm32f4xx_it.o(.rev16_text), (4 bytes).
    Removing stm32f4xx_it.o(.revsh_text), (4 bytes).
    Removing stm32f4xx_it.o(.rrx_text), (6 bytes).
    Removing graphics.o(.rev16_text), (4 bytes).
    Removing graphics.o(.revsh_text), (4 bytes).
    Removing graphics.o(.rrx_text), (6 bytes).
    Removing graphics.o(i.BufferToScreen), (56 bytes).
    Removing graphics.o(i.CopySDRam), (22 bytes).
    Removing graphics.o(i.Cross_Product_3D), (86 bytes).
    Removing graphics.o(i.Dot_Product_3D), (38 bytes).
    Removing graphics.o(i.DrawBitmap), (22 bytes).
    Removing graphics.o(i.DrawBottomTriangle), (128 bytes).
    Removing graphics.o(i.DrawTopTriangle), (168 bytes).
    Removing graphics.o(i.DrawTriangle), (204 bytes).
    Removing graphics.o(i.Draw_Line), (282 bytes).
    Removing graphics.o(i.Draw_Object_Solid), (452 bytes).
    Removing graphics.o(i.InitSprite), (70 bytes).
    Removing graphics.o(i.Make_Vector_3D), (50 bytes).
    Removing graphics.o(i.Mat_Copy_4x4), (46 bytes).
    Removing graphics.o(i.Mat_Identity_4x4), (80 bytes).
    Removing graphics.o(i.Mat_Mul_1x4_4x4), (68 bytes).
    Removing graphics.o(i.Mat_Mul_4x4_4x4), (84 bytes).
    Removing graphics.o(i.Mat_Zero_4x4), (76 bytes).
    Removing graphics.o(i.Remove_Backfaces_And_Shade), (548 bytes).
    Removing graphics.o(i.Rotate_Polygon3D_YAxis), (300 bytes).
    Removing graphics.o(i.Transform_LocalToWorld), (78 bytes).
    Removing graphics.o(i.Transform_WorldToCamera), (74 bytes).
    Removing graphics.o(i.Vector_Mag_3D), (56 bytes).
    Removing graphics.o(i.blit), (80 bytes).
    Removing graphics.o(i.erase_spr), (80 bytes).
    Removing graphics.o(i.fcos), (8 bytes).
    Removing graphics.o(i.floatToRGB565), (40 bytes).
    Removing graphics.o(i.fsin), (76 bytes).
    Removing graphics.o(i.swap), (10 bytes).
    Removing graphics.o(.bss), (12 bytes).
    Removing graphics.o(.constdata), (182 bytes).
    Removing graphics.o(.data), (16 bytes).
    Removing dadd.o(.text), (334 bytes).
    Removing dmul.o(.text), (228 bytes).
    Removing ddiv.o(.text), (222 bytes).
    Removing dfixi.o(.text), (62 bytes).
    Removing f2d.o(.text), (38 bytes).
    Removing d2f.o(.text), (56 bytes).
    Removing fepilogue.o(.text), (110 bytes).
    Removing depilogue.o(.text), (186 bytes).
    Removing dneg.o(.text), (6 bytes).
    Removing dsqrt.o(.text), (162 bytes).
    Removing cdcmple.o(.text), (48 bytes).
    Removing dflti.o(.text), (34 bytes).
    Removing dfltui.o(.text), (26 bytes).

534 unused section(s) (total 46454 bytes) removed from the image.

==============================================================================

Image Symbol Table

    Local Symbols

    Symbol Name                              Value     Ov Type        Size  Object(Section)

    ../Src/main.c                            0x00000000   Number         0  main.o ABSOLUTE
    ../Src/stm32f4xx_it.c                    0x00000000   Number         0  stm32f4xx_it.o ABSOLUTE
    ../Src/system_stm32f4xx.c                0x00000000   Number         0  system_stm32f4xx.o ABSOLUTE
    ../clib/microlib/division.c              0x00000000   Number         0  uldiv.o ABSOLUTE
    ../clib/microlib/errno.c                 0x00000000   Number         0  errno.o ABSOLUTE
    ../clib/microlib/init/entry.s            0x00000000   Number         0  entry9a.o ABSOLUTE
    ../clib/microlib/init/entry.s            0x00000000   Number         0  entry7b.o ABSOLUTE
    ../clib/microlib/init/entry.s            0x00000000   Number         0  entry8a.o ABSOLUTE
    ../clib/microlib/init/entry.s            0x00000000   Number         0  entry8b.o ABSOLUTE
    ../clib/microlib/init/entry.s            0x00000000   Number         0  entry9b.o ABSOLUTE
    ../clib/microlib/init/entry.s            0x00000000   Number         0  entry.o ABSOLUTE
    ../clib/microlib/init/entry.s            0x00000000   Number         0  entry10a.o ABSOLUTE
    ../clib/microlib/init/entry.s            0x00000000   Number         0  entry10b.o ABSOLUTE
    ../clib/microlib/init/entry.s            0x00000000   Number         0  entry11b.o ABSOLUTE
    ../clib/microlib/init/entry.s            0x00000000   Number         0  entry11a.o ABSOLUTE
    ../clib/microlib/init/entry.s            0x00000000   Number         0  entry7a.o ABSOLUTE
    ../clib/microlib/init/entry.s            0x00000000   Number         0  entry5.o ABSOLUTE
    ../clib/microlib/init/entry.s            0x00000000   Number         0  entry2.o ABSOLUTE
    ../clib/microlib/longlong.c              0x00000000   Number         0  llsshr.o ABSOLUTE
    ../clib/microlib/longlong.c              0x00000000   Number         0  llushr.o ABSOLUTE
    ../clib/microlib/longlong.c              0x00000000   Number         0  llshl.o ABSOLUTE
    ../clib/microlib/malloc/malloc.c         0x00000000   Number         0  malloca.o ABSOLUTE
    ../clib/microlib/malloc/malloc.c         0x00000000   Number         0  mallocra.o ABSOLUTE
    ../clib/microlib/malloc/malloc.c         0x00000000   Number         0  mallocr.o ABSOLUTE
    ../clib/microlib/malloc/malloc.c         0x00000000   Number         0  malloc.o ABSOLUTE
    ../clib/microlib/malloc/mvars.c          0x00000000   Number         0  mvars.o ABSOLUTE
    ../clib/microlib/stdlib/rand.c           0x00000000   Number         0  rand.o ABSOLUTE
    ../clib/microlib/string/memcpy.c         0x00000000   Number         0  memcpyb.o ABSOLUTE
    ../clib/microlib/string/memcpy.c         0x00000000   Number         0  memcpya.o ABSOLUTE
    ../clib/microlib/stubs.s                 0x00000000   Number         0  iusefp.o ABSOLUTE
    ../fplib/microlib/d2f.c                  0x00000000   Number         0  d2f.o ABSOLUTE
    ../fplib/microlib/f2d.c                  0x00000000   Number         0  f2d.o ABSOLUTE
    ../fplib/microlib/fpadd.c                0x00000000   Number         0  dadd.o ABSOLUTE
    ../fplib/microlib/fpdiv.c                0x00000000   Number         0  ddiv.o ABSOLUTE
    ../fplib/microlib/fpepilogue.c           0x00000000   Number         0  depilogue.o ABSOLUTE
    ../fplib/microlib/fpepilogue.c           0x00000000   Number         0  fepilogue.o ABSOLUTE
    ../fplib/microlib/fpfix.c                0x00000000   Number         0  dfixi.o ABSOLUTE
    ../fplib/microlib/fpflt.c                0x00000000   Number         0  dflti.o ABSOLUTE
    ../fplib/microlib/fpflt.c                0x00000000   Number         0  dfltui.o ABSOLUTE
    ../fplib/microlib/fpmul.c                0x00000000   Number         0  dmul.o ABSOLUTE
    ../fplib/microlib/fpneg.c                0x00000000   Number         0  dneg.o ABSOLUTE
    ../fplib/microlib/fpsqrt.c               0x00000000   Number         0  dsqrt.o ABSOLUTE
    ../mathlib/cos.c                         0x00000000   Number         0  cos_x.o ABSOLUTE
    ../mathlib/cos.c                         0x00000000   Number         0  cos.o ABSOLUTE
    ../mathlib/cos_i.c                       0x00000000   Number         0  cos_i.o ABSOLUTE
    ../mathlib/dunder.c                      0x00000000   Number         0  dunder.o ABSOLUTE
    ../mathlib/fabs.c                        0x00000000   Number         0  fabs.o ABSOLUTE
    ../mathlib/fpclassify.c                  0x00000000   Number         0  fpclassify.o ABSOLUTE
    ../mathlib/poly.c                        0x00000000   Number         0  poly.o ABSOLUTE
    ../mathlib/rred.c                        0x00000000   Number         0  rred.o ABSOLUTE
    ../mathlib/sin.c                         0x00000000   Number         0  sin_x.o ABSOLUTE
    ../mathlib/sin.c                         0x00000000   Number         0  sin.o ABSOLUTE
    ../mathlib/sin_i.c                       0x00000000   Number         0  sin_i.o ABSOLUTE
    ../mathlib/sin_i.c                       0x00000000   Number         0  sin_i_x.o ABSOLUTE
    ../mathlib/sqrt.c                        0x00000000   Number         0  sqrt.o ABSOLUTE
    ../mathlib/sqrt.c                        0x00000000   Number         0  sqrt_x.o ABSOLUTE
    ..\Drivers\BSP\Components\ili9341\ili9341.c 0x00000000   Number         0  ili9341.o ABSOLUTE
    ..\Drivers\BSP\STM32F429I-Discovery\stm32f429i_discovery.c 0x00000000   Number         0  stm32f429i_discovery.o ABSOLUTE
    ..\Drivers\BSP\STM32F429I-Discovery\stm32f429i_discovery_lcd.c 0x00000000   Number         0  stm32f429i_discovery_lcd.o ABSOLUTE
    ..\Drivers\BSP\STM32F429I-Discovery\stm32f429i_discovery_sdram.c 0x00000000   Number         0  stm32f429i_discovery_sdram.o ABSOLUTE
    ..\Drivers\STM32F4xx_HAL_Driver\Src\stm32f4xx_hal.c 0x00000000   Number         0  stm32f4xx_hal.o ABSOLUTE
    ..\Drivers\STM32F4xx_HAL_Driver\Src\stm32f4xx_hal_cortex.c 0x00000000   Number         0  stm32f4xx_hal_cortex.o ABSOLUTE
    ..\Drivers\STM32F4xx_HAL_Driver\Src\stm32f4xx_hal_dma.c 0x00000000   Number         0  stm32f4xx_hal_dma.o ABSOLUTE
    ..\Drivers\STM32F4xx_HAL_Driver\Src\stm32f4xx_hal_dma2d.c 0x00000000   Number         0  stm32f4xx_hal_dma2d.o ABSOLUTE
    ..\Drivers\STM32F4xx_HAL_Driver\Src\stm32f4xx_hal_dma_ex.c 0x00000000   Number         0  stm32f4xx_hal_dma_ex.o ABSOLUTE
    ..\Drivers\STM32F4xx_HAL_Driver\Src\stm32f4xx_hal_gpio.c 0x00000000   Number         0  stm32f4xx_hal_gpio.o ABSOLUTE
    ..\Drivers\STM32F4xx_HAL_Driver\Src\stm32f4xx_hal_i2c.c 0x00000000   Number         0  stm32f4xx_hal_i2c.o ABSOLUTE
    ..\Drivers\STM32F4xx_HAL_Driver\Src\stm32f4xx_hal_i2c_ex.c 0x00000000   Number         0  stm32f4xx_hal_i2c_ex.o ABSOLUTE
    ..\Drivers\STM32F4xx_HAL_Driver\Src\stm32f4xx_hal_i2s.c 0x00000000   Number         0  stm32f4xx_hal_i2s.o ABSOLUTE
    ..\Drivers\STM32F4xx_HAL_Driver\Src\stm32f4xx_hal_i2s_ex.c 0x00000000   Number         0  stm32f4xx_hal_i2s_ex.o ABSOLUTE
    ..\Drivers\STM32F4xx_HAL_Driver\Src\stm32f4xx_hal_ltdc.c 0x00000000   Number         0  stm32f4xx_hal_ltdc.o ABSOLUTE
    ..\Drivers\STM32F4xx_HAL_Driver\Src\stm32f4xx_hal_ltdc_ex.c 0x00000000   Number         0  stm32f4xx_hal_ltdc_ex.o ABSOLUTE
    ..\Drivers\STM32F4xx_HAL_Driver\Src\stm32f4xx_hal_pwr.c 0x00000000   Number         0  stm32f4xx_hal_pwr.o ABSOLUTE
    ..\Drivers\STM32F4xx_HAL_Driver\Src\stm32f4xx_hal_pwr_ex.c 0x00000000   Number         0  stm32f4xx_hal_pwr_ex.o ABSOLUTE
    ..\Drivers\STM32F4xx_HAL_Driver\Src\stm32f4xx_hal_rcc.c 0x00000000   Number         0  stm32f4xx_hal_rcc.o ABSOLUTE
    ..\Drivers\STM32F4xx_HAL_Driver\Src\stm32f4xx_hal_rcc_ex.c 0x00000000   Number         0  stm32f4xx_hal_rcc_ex.o ABSOLUTE
    ..\Drivers\STM32F4xx_HAL_Driver\Src\stm32f4xx_hal_sdram.c 0x00000000   Number         0  stm32f4xx_hal_sdram.o ABSOLUTE
    ..\Drivers\STM32F4xx_HAL_Driver\Src\stm32f4xx_hal_spi.c 0x00000000   Number         0  stm32f4xx_hal_spi.o ABSOLUTE
    ..\Drivers\STM32F4xx_HAL_Driver\Src\stm32f4xx_hal_sram.c 0x00000000   Number         0  stm32f4xx_hal_sram.o ABSOLUTE
    ..\Drivers\STM32F4xx_HAL_Driver\Src\stm32f4xx_hal_uart.c 0x00000000   Number         0  stm32f4xx_hal_uart.o ABSOLUTE
    ..\Drivers\STM32F4xx_HAL_Driver\Src\stm32f4xx_hal_usart.c 0x00000000   Number         0  stm32f4xx_hal_usart.o ABSOLUTE
    ..\Drivers\STM32F4xx_HAL_Driver\Src\stm32f4xx_ll_dma.c 0x00000000   Number         0  stm32f4xx_ll_dma.o ABSOLUTE
    ..\Drivers\STM32F4xx_HAL_Driver\Src\stm32f4xx_ll_dma2d.c 0x00000000   Number         0  stm32f4xx_ll_dma2d.o ABSOLUTE
    ..\Drivers\STM32F4xx_HAL_Driver\Src\stm32f4xx_ll_fmc.c 0x00000000   Number         0  stm32f4xx_ll_fmc.o ABSOLUTE
    ..\Drivers\STM32F4xx_HAL_Driver\Src\stm32f4xx_ll_fsmc.c 0x00000000   Number         0  stm32f4xx_ll_fsmc.o ABSOLUTE
    ..\Drivers\STM32F4xx_HAL_Driver\Src\stm32f4xx_ll_gpio.c 0x00000000   Number         0  stm32f4xx_ll_gpio.o ABSOLUTE
    ..\Drivers\STM32F4xx_HAL_Driver\Src\stm32f4xx_ll_pwr.c 0x00000000   Number         0  stm32f4xx_ll_pwr.o ABSOLUTE
    ..\Drivers\STM32F4xx_HAL_Driver\Src\stm32f4xx_ll_rcc.c 0x00000000   Number         0  stm32f4xx_ll_rcc.o ABSOLUTE
    ..\Drivers\STM32F4xx_HAL_Driver\Src\stm32f4xx_ll_spi.c 0x00000000   Number         0  stm32f4xx_ll_spi.o ABSOLUTE
    ..\Drivers\STM32F4xx_HAL_Driver\Src\stm32f4xx_ll_usart.c 0x00000000   Number         0  stm32f4xx_ll_usart.o ABSOLUTE
    ..\Drivers\STM32F4xx_HAL_Driver\Src\stm32f4xx_ll_usb.c 0x00000000   Number         0  stm32f4xx_ll_usb.o ABSOLUTE
    ..\Src\Graphics.c                        0x00000000   Number         0  graphics.o ABSOLUTE
    ..\Src\main.c                            0x00000000   Number         0  main.o ABSOLUTE
    ..\Src\stm32f4xx_it.c                    0x00000000   Number         0  stm32f4xx_it.o ABSOLUTE
    ..\Src\system_stm32f4xx.c                0x00000000   Number         0  system_stm32f4xx.o ABSOLUTE
    ..\\Drivers\\BSP\\STM32F429I-Discovery\\stm32f429i_discovery.c 0x00000000   Number         0  stm32f429i_discovery.o ABSOLUTE
    ..\\Drivers\\BSP\\STM32F429I-Discovery\\stm32f429i_discovery_lcd.c 0x00000000   Number         0  stm32f429i_discovery_lcd.o ABSOLUTE
    ..\\Drivers\\BSP\\STM32F429I-Discovery\\stm32f429i_discovery_sdram.c 0x00000000   Number         0  stm32f429i_discovery_sdram.o ABSOLUTE
    ..\\Drivers\\STM32F4xx_HAL_Driver\\Src\\stm32f4xx_hal.c 0x00000000   Number         0  stm32f4xx_hal.o ABSOLUTE
    ..\\Drivers\\STM32F4xx_HAL_Driver\\Src\\stm32f4xx_hal_cortex.c 0x00000000   Number         0  stm32f4xx_hal_cortex.o ABSOLUTE
    ..\\Drivers\\STM32F4xx_HAL_Driver\\Src\\stm32f4xx_hal_dma.c 0x00000000   Number         0  stm32f4xx_hal_dma.o ABSOLUTE
    ..\\Drivers\\STM32F4xx_HAL_Driver\\Src\\stm32f4xx_hal_dma2d.c 0x00000000   Number         0  stm32f4xx_hal_dma2d.o ABSOLUTE
    ..\\Drivers\\STM32F4xx_HAL_Driver\\Src\\stm32f4xx_hal_dma_ex.c 0x00000000   Number         0  stm32f4xx_hal_dma_ex.o ABSOLUTE
    ..\\Drivers\\STM32F4xx_HAL_Driver\\Src\\stm32f4xx_hal_gpio.c 0x00000000   Number         0  stm32f4xx_hal_gpio.o ABSOLUTE
    ..\\Drivers\\STM32F4xx_HAL_Driver\\Src\\stm32f4xx_hal_i2c.c 0x00000000   Number         0  stm32f4xx_hal_i2c.o ABSOLUTE
    ..\\Drivers\\STM32F4xx_HAL_Driver\\Src\\stm32f4xx_hal_i2c_ex.c 0x00000000   Number         0  stm32f4xx_hal_i2c_ex.o ABSOLUTE
    ..\\Drivers\\STM32F4xx_HAL_Driver\\Src\\stm32f4xx_hal_i2s.c 0x00000000   Number         0  stm32f4xx_hal_i2s.o ABSOLUTE
    ..\\Drivers\\STM32F4xx_HAL_Driver\\Src\\stm32f4xx_hal_i2s_ex.c 0x00000000   Number         0  stm32f4xx_hal_i2s_ex.o ABSOLUTE
    ..\\Drivers\\STM32F4xx_HAL_Driver\\Src\\stm32f4xx_hal_ltdc.c 0x00000000   Number         0  stm32f4xx_hal_ltdc.o ABSOLUTE
    ..\\Drivers\\STM32F4xx_HAL_Driver\\Src\\stm32f4xx_hal_ltdc_ex.c 0x00000000   Number         0  stm32f4xx_hal_ltdc_ex.o ABSOLUTE
    ..\\Drivers\\STM32F4xx_HAL_Driver\\Src\\stm32f4xx_hal_pwr.c 0x00000000   Number         0  stm32f4xx_hal_pwr.o ABSOLUTE
    ..\\Drivers\\STM32F4xx_HAL_Driver\\Src\\stm32f4xx_hal_pwr_ex.c 0x00000000   Number         0  stm32f4xx_hal_pwr_ex.o ABSOLUTE
    ..\\Drivers\\STM32F4xx_HAL_Driver\\Src\\stm32f4xx_hal_rcc.c 0x00000000   Number         0  stm32f4xx_hal_rcc.o ABSOLUTE
    ..\\Drivers\\STM32F4xx_HAL_Driver\\Src\\stm32f4xx_hal_rcc_ex.c 0x00000000   Number         0  stm32f4xx_hal_rcc_ex.o ABSOLUTE
    ..\\Drivers\\STM32F4xx_HAL_Driver\\Src\\stm32f4xx_hal_sdram.c 0x00000000   Number         0  stm32f4xx_hal_sdram.o ABSOLUTE
    ..\\Drivers\\STM32F4xx_HAL_Driver\\Src\\stm32f4xx_hal_spi.c 0x00000000   Number         0  stm32f4xx_hal_spi.o ABSOLUTE
    ..\\Drivers\\STM32F4xx_HAL_Driver\\Src\\stm32f4xx_hal_sram.c 0x00000000   Number         0  stm32f4xx_hal_sram.o ABSOLUTE
    ..\\Drivers\\STM32F4xx_HAL_Driver\\Src\\stm32f4xx_hal_uart.c 0x00000000   Number         0  stm32f4xx_hal_uart.o ABSOLUTE
    ..\\Drivers\\STM32F4xx_HAL_Driver\\Src\\stm32f4xx_hal_usart.c 0x00000000   Number         0  stm32f4xx_hal_usart.o ABSOLUTE
    ..\\Drivers\\STM32F4xx_HAL_Driver\\Src\\stm32f4xx_ll_fmc.c 0x00000000   Number         0  stm32f4xx_ll_fmc.o ABSOLUTE
    ..\\Drivers\\STM32F4xx_HAL_Driver\\Src\\stm32f4xx_ll_fsmc.c 0x00000000   Number         0  stm32f4xx_ll_fsmc.o ABSOLUTE
    ..\\Drivers\\STM32F4xx_HAL_Driver\\Src\\stm32f4xx_ll_usb.c 0x00000000   Number         0  stm32f4xx_ll_usb.o ABSOLUTE
    ..\\Src\\Graphics.c                      0x00000000   Number         0  graphics.o ABSOLUTE
    cdcmple.s                                0x00000000   Number         0  cdcmple.o ABSOLUTE
    dc.s                                     0x00000000   Number         0  dc.o ABSOLUTE
    handlers.s                               0x00000000   Number         0  handlers.o ABSOLUTE
    init.s                                   0x00000000   Number         0  init.o ABSOLUTE
    startup_stm32f429xx.s                    0x00000000   Number         0  startup_stm32f429xx.o ABSOLUTE
    RESET                                    0x08000000   Section      428  startup_stm32f429xx.o(RESET)
    .ARM.Collect$$$$00000000                 0x080001ac   Section        0  entry.o(.ARM.Collect$$$$00000000)
    .ARM.Collect$$$$00000001                 0x080001ac   Section        4  entry2.o(.ARM.Collect$$$$00000001)
    .ARM.Collect$$$$00000004                 0x080001b0   Section        4  entry5.o(.ARM.Collect$$$$00000004)
    .ARM.Collect$$$$00000008                 0x080001b4   Section        0  entry7b.o(.ARM.Collect$$$$00000008)
    .ARM.Collect$$$$0000000A                 0x080001b4   Section        0  entry8b.o(.ARM.Collect$$$$0000000A)
    .ARM.Collect$$$$0000000B                 0x080001b4   Section        8  entry9a.o(.ARM.Collect$$$$0000000B)
    .ARM.Collect$$$$0000000D                 0x080001bc   Section        0  entry10a.o(.ARM.Collect$$$$0000000D)
    .ARM.Collect$$$$0000000F                 0x080001bc   Section        0  entry11a.o(.ARM.Collect$$$$0000000F)
    .ARM.Collect$$$$00002712                 0x080001bc   Section        4  entry2.o(.ARM.Collect$$$$00002712)
    __lit__00000000                          0x080001bc   Data           4  entry2.o(.ARM.Collect$$$$00002712)
    .text                                    0x080001c0   Section       36  startup_stm32f429xx.o(.text)
    $v0                                      0x080001c0   Number         0  startup_stm32f429xx.o(.text)
    .text                                    0x080001e4   Section        0  uldiv.o(.text)
    .text                                    0x08000248   Section        0  rand.o(.text)
    .text                                    0x0800026c   Section        0  memcpya.o(.text)
    .text                                    0x08000290   Section        0  llshl.o(.text)
    .text                                    0x080002ae   Section        0  llushr.o(.text)
    .text                                    0x080002d0   Section       36  init.o(.text)
    i.BSP_LCD_DrawBitmap                     0x080002f4   Section        0  stm32f429i_discovery_lcd.o(i.BSP_LCD_DrawBitmap)
    i.BSP_LCD_GetXSize                       0x08000358   Section        0  stm32f429i_discovery_lcd.o(i.BSP_LCD_GetXSize)
    i.BSP_LCD_GetYSize                       0x08000364   Section        0  stm32f429i_discovery_lcd.o(i.BSP_LCD_GetYSize)
    i.BSP_LCD_Init                           0x08000370   Section        0  stm32f429i_discovery_lcd.o(i.BSP_LCD_Init)
    i.BSP_LCD_LayerDefaultInit               0x08000404   Section        0  stm32f429i_discovery_lcd.o(i.BSP_LCD_LayerDefaultInit)
    i.BSP_LCD_MspInit                        0x08000488   Section        0  stm32f429i_discovery_lcd.o(i.BSP_LCD_MspInit)
    i.BSP_LCD_SelectLayer                    0x080005b4   Section        0  stm32f429i_discovery_lcd.o(i.BSP_LCD_SelectLayer)
    i.BSP_LCD_SetLayerVisible                0x080005c0   Section        0  stm32f429i_discovery_lcd.o(i.BSP_LCD_SetLayerVisible)
    i.BSP_LED_Init                           0x080005ec   Section        0  stm32f429i_discovery.o(i.BSP_LED_Init)
    i.BSP_LED_Toggle                         0x08000648   Section        0  stm32f429i_discovery.o(i.BSP_LED_Toggle)
    i.BSP_PB_GetState                        0x08000660   Section        0  stm32f429i_discovery.o(i.BSP_PB_GetState)
    i.BSP_PB_Init                            0x08000678   Section        0  stm32f429i_discovery.o(i.BSP_PB_Init)
    i.BSP_SDRAM_Init                         0x080006f8   Section        0  stm32f429i_discovery_sdram.o(i.BSP_SDRAM_Init)
    i.BSP_SDRAM_Initialization_sequence      0x08000770   Section        0  stm32f429i_discovery_sdram.o(i.BSP_SDRAM_Initialization_sequence)
    i.BSP_SDRAM_MspInit                      0x080007f8   Section        0  stm32f429i_discovery_sdram.o(i.BSP_SDRAM_MspInit)
    i.BusFault_Handler                       0x0800095c   Section        0  stm32f4xx_it.o(i.BusFault_Handler)
    i.ConvertLineToRGB565                    0x08000960   Section        0  stm32f429i_discovery_lcd.o(i.ConvertLineToRGB565)
    ConvertLineToRGB565                      0x08000961   Thumb Code    94  stm32f429i_discovery_lcd.o(i.ConvertLineToRGB565)
    i.DMA2D_SetConfig                        0x080009c8   Section        0  stm32f4xx_hal_dma2d.o(i.DMA2D_SetConfig)
    DMA2D_SetConfig                          0x080009c9   Thumb Code   150  stm32f4xx_hal_dma2d.o(i.DMA2D_SetConfig)
    i.DMA_CalcBaseAndBitshift                0x08000a60   Section        0  stm32f4xx_hal_dma.o(i.DMA_CalcBaseAndBitshift)
    DMA_CalcBaseAndBitshift                  0x08000a61   Thumb Code    34  stm32f4xx_hal_dma.o(i.DMA_CalcBaseAndBitshift)
    i.DMA_CheckFifoParam                     0x08000a88   Section        0  stm32f4xx_hal_dma.o(i.DMA_CheckFifoParam)
    DMA_CheckFifoParam                       0x08000a89   Thumb Code    84  stm32f4xx_hal_dma.o(i.DMA_CheckFifoParam)
    i.DebugMon_Handler                       0x08000adc   Section        0  stm32f4xx_it.o(i.DebugMon_Handler)
    i.DrawSprite                             0x08000ade   Section        0  graphics.o(i.DrawSprite)
    i.EXTI0_IRQHandler                       0x08000b5a   Section        0  stm32f4xx_it.o(i.EXTI0_IRQHandler)
    i.FMC_SDRAM_Init                         0x08000b60   Section        0  stm32f4xx_ll_fmc.o(i.FMC_SDRAM_Init)
    i.FMC_SDRAM_ProgramRefreshRate           0x08000bb0   Section        0  stm32f4xx_ll_fmc.o(i.FMC_SDRAM_ProgramRefreshRate)
    i.FMC_SDRAM_SendCommand                  0x08000bbc   Section        0  stm32f4xx_ll_fmc.o(i.FMC_SDRAM_SendCommand)
    i.FMC_SDRAM_Timing_Init                  0x08000c04   Section        0  stm32f4xx_ll_fmc.o(i.FMC_SDRAM_Timing_Init)
    i.Grape_frame                            0x08000c84   Section        0  graphics.o(i.Grape_frame)
    i.HAL_DMA2D_ConfigLayer                  0x08000cf0   Section        0  stm32f4xx_hal_dma2d.o(i.HAL_DMA2D_ConfigLayer)
    i.HAL_DMA2D_Init                         0x08000d98   Section        0  stm32f4xx_hal_dma2d.o(i.HAL_DMA2D_Init)
    i.HAL_DMA2D_MspInit                      0x08000df2   Section        0  stm32f4xx_hal_dma2d.o(i.HAL_DMA2D_MspInit)
    i.HAL_DMA2D_PollForTransfer              0x08000df4   Section        0  stm32f4xx_hal_dma2d.o(i.HAL_DMA2D_PollForTransfer)
    i.HAL_DMA2D_Start                        0x08000f00   Section        0  stm32f4xx_hal_dma2d.o(i.HAL_DMA2D_Start)
    i.HAL_DMA_DeInit                         0x08000f34   Section        0  stm32f4xx_hal_dma.o(i.HAL_DMA_DeInit)
    i.HAL_DMA_Init                           0x08000f8c   Section        0  stm32f4xx_hal_dma.o(i.HAL_DMA_Init)
    i.HAL_Delay                              0x08001060   Section        0  stm32f4xx_hal.o(i.HAL_Delay)
    i.HAL_GPIO_EXTI_Callback                 0x08001084   Section        0  stm32f4xx_hal_gpio.o(i.HAL_GPIO_EXTI_Callback)
    i.HAL_GPIO_EXTI_IRQHandler               0x08001088   Section        0  stm32f4xx_hal_gpio.o(i.HAL_GPIO_EXTI_IRQHandler)
    i.HAL_GPIO_Init                          0x080010a0   Section        0  stm32f4xx_hal_gpio.o(i.HAL_GPIO_Init)
    i.HAL_GPIO_ReadPin                       0x0800126c   Section        0  stm32f4xx_hal_gpio.o(i.HAL_GPIO_ReadPin)
    i.HAL_GPIO_TogglePin                     0x08001276   Section        0  stm32f4xx_hal_gpio.o(i.HAL_GPIO_TogglePin)
    i.HAL_GPIO_WritePin                      0x0800127e   Section        0  stm32f4xx_hal_gpio.o(i.HAL_GPIO_WritePin)
    i.HAL_GetTick                            0x08001288   Section        0  stm32f4xx_hal.o(i.HAL_GetTick)
    i.HAL_IncTick                            0x08001294   Section        0  stm32f4xx_hal.o(i.HAL_IncTick)
    i.HAL_Init                               0x080012a4   Section        0  stm32f4xx_hal.o(i.HAL_Init)
    i.HAL_InitTick                           0x080012d8   Section        0  stm32f4xx_hal.o(i.HAL_InitTick)
    i.HAL_LTDC_ConfigLayer                   0x08001318   Section        0  stm32f4xx_hal_ltdc.o(i.HAL_LTDC_ConfigLayer)
    i.HAL_LTDC_EnableDither                  0x0800136c   Section        0  stm32f4xx_hal_ltdc.o(i.HAL_LTDC_EnableDither)
    i.HAL_LTDC_Init                          0x0800139c   Section        0  stm32f4xx_hal_ltdc.o(i.HAL_LTDC_Init)
    i.HAL_LTDC_MspInit                       0x08001490   Section        0  stm32f4xx_hal_ltdc.o(i.HAL_LTDC_MspInit)
    i.HAL_MspInit                            0x08001492   Section        0  stm32f4xx_hal.o(i.HAL_MspInit)
    i.HAL_NVIC_EnableIRQ                     0x08001494   Section        0  stm32f4xx_hal_cortex.o(i.HAL_NVIC_EnableIRQ)
    i.HAL_NVIC_SetPriority                   0x080014ac   Section        0  stm32f4xx_hal_cortex.o(i.HAL_NVIC_SetPriority)
    i.HAL_NVIC_SetPriorityGrouping           0x080014ec   Section        0  stm32f4xx_hal_cortex.o(i.HAL_NVIC_SetPriorityGrouping)
    i.HAL_PWREx_EnableOverDrive              0x08001510   Section        0  stm32f4xx_hal_pwr_ex.o(i.HAL_PWREx_EnableOverDrive)
    i.HAL_RCCEx_PeriphCLKConfig              0x08001580   Section        0  stm32f4xx_hal_rcc_ex.o(i.HAL_RCCEx_PeriphCLKConfig)
    i.HAL_RCC_ClockConfig                    0x080017b4   Section        0  stm32f4xx_hal_rcc.o(i.HAL_RCC_ClockConfig)
    i.HAL_RCC_GetSysClockFreq                0x080018e4   Section        0  stm32f4xx_hal_rcc.o(i.HAL_RCC_GetSysClockFreq)
    i.HAL_RCC_OscConfig                      0x08001944   Section        0  stm32f4xx_hal_rcc.o(i.HAL_RCC_OscConfig)
    i.HAL_SDRAM_Init                         0x08001c60   Section        0  stm32f4xx_hal_sdram.o(i.HAL_SDRAM_Init)
    i.HAL_SDRAM_MspInit                      0x08001ca2   Section        0  stm32f4xx_hal_sdram.o(i.HAL_SDRAM_MspInit)
    i.HAL_SDRAM_ProgramRefreshRate           0x08001ca4   Section        0  stm32f4xx_hal_sdram.o(i.HAL_SDRAM_ProgramRefreshRate)
    i.HAL_SDRAM_SendCommand                  0x08001cc8   Section        0  stm32f4xx_hal_sdram.o(i.HAL_SDRAM_SendCommand)
    i.HAL_SPI_DeInit                         0x08001cf8   Section        0  stm32f4xx_hal_spi.o(i.HAL_SPI_DeInit)
    i.HAL_SPI_GetState                       0x08001d26   Section        0  stm32f4xx_hal_spi.o(i.HAL_SPI_GetState)
    i.HAL_SPI_Init                           0x08001d2c   Section        0  stm32f4xx_hal_spi.o(i.HAL_SPI_Init)
    i.HAL_SPI_MspDeInit                      0x08001db8   Section        0  stm32f4xx_hal_spi.o(i.HAL_SPI_MspDeInit)
    i.HAL_SPI_MspInit                        0x08001dba   Section        0  stm32f4xx_hal_spi.o(i.HAL_SPI_MspInit)
    i.HAL_SPI_Receive                        0x08001dbc   Section        0  stm32f4xx_hal_spi.o(i.HAL_SPI_Receive)
    i.HAL_SPI_Transmit                       0x08001fae   Section        0  stm32f4xx_hal_spi.o(i.HAL_SPI_Transmit)
    i.HAL_SPI_TransmitReceive                0x08002148   Section        0  stm32f4xx_hal_spi.o(i.HAL_SPI_TransmitReceive)
    i.HAL_SYSTICK_Config                     0x080023b6   Section        0  stm32f4xx_hal_cortex.o(i.HAL_SYSTICK_Config)
    i.HardFault_Handler                      0x080023de   Section        0  stm32f4xx_it.o(i.HardFault_Handler)
    i.LCD_Config                             0x080023e0   Section        0  main.o(i.LCD_Config)
    i.LCD_Delay                              0x08002428   Section        0  stm32f429i_discovery.o(i.LCD_Delay)
    i.LCD_DrawPixel                          0x0800242c   Section        0  stm32f429i_discovery_lcd.o(i.LCD_DrawPixel)
    i.LCD_IO_Init                            0x08002448   Section        0  stm32f429i_discovery.o(i.LCD_IO_Init)
    i.LCD_IO_ReadData                        0x080024f0   Section        0  stm32f429i_discovery.o(i.LCD_IO_ReadData)
    i.LCD_IO_WriteData                       0x0800255c   Section        0  stm32f429i_discovery.o(i.LCD_IO_WriteData)
    i.LCD_IO_WriteReg                        0x08002594   Section        0  stm32f429i_discovery.o(i.LCD_IO_WriteReg)
    i.LTDC_SetConfig                         0x080025cc   Section        0  stm32f4xx_hal_ltdc.o(i.LTDC_SetConfig)
    LTDC_SetConfig                           0x080025cd   Thumb Code   354  stm32f4xx_hal_ltdc.o(i.LTDC_SetConfig)
    i.LTDC_switch_framebuffer                0x08002730   Section        0  main.o(i.LTDC_switch_framebuffer)
    i.MemManage_Handler                      0x0800276c   Section        0  stm32f4xx_it.o(i.MemManage_Handler)
    i.NMI_Handler                            0x0800276e   Section        0  stm32f4xx_it.o(i.NMI_Handler)
    i.NVIC_SetPriority                       0x08002770   Section        0  stm32f4xx_hal_cortex.o(i.NVIC_SetPriority)
    NVIC_SetPriority                         0x08002771   Thumb Code    32  stm32f4xx_hal_cortex.o(i.NVIC_SetPriority)
    i.PendSV_Handler                         0x08002790   Section        0  stm32f4xx_it.o(i.PendSV_Handler)
    i.SPI_CheckFlag_BSY                      0x08002792   Section        0  stm32f4xx_hal_spi.o(i.SPI_CheckFlag_BSY)
    SPI_CheckFlag_BSY                        0x08002793   Thumb Code    32  stm32f4xx_hal_spi.o(i.SPI_CheckFlag_BSY)
    i.SPI_WaitFlagStateUntilTimeout          0x080027b2   Section        0  stm32f4xx_hal_spi.o(i.SPI_WaitFlagStateUntilTimeout)
    SPI_WaitFlagStateUntilTimeout            0x080027b3   Thumb Code   150  stm32f4xx_hal_spi.o(i.SPI_WaitFlagStateUntilTimeout)
    i.SPIx_Error                             0x08002848   Section        0  stm32f429i_discovery.o(i.SPIx_Error)
    SPIx_Error                               0x08002849   Thumb Code    16  stm32f429i_discovery.o(i.SPIx_Error)
    i.SPIx_Init                              0x0800285c   Section        0  stm32f429i_discovery.o(i.SPIx_Init)
    SPIx_Init                                0x0800285d   Thumb Code   138  stm32f429i_discovery.o(i.SPIx_Init)
    i.SPIx_Write                             0x080028f8   Section        0  stm32f429i_discovery.o(i.SPIx_Write)
    SPIx_Write                               0x080028f9   Thumb Code    26  stm32f429i_discovery.o(i.SPIx_Write)
    i.SVC_Handler                            0x0800291c   Section        0  stm32f4xx_it.o(i.SVC_Handler)
    i.SysTick_Handler                        0x0800291e   Section        0  stm32f4xx_it.o(i.SysTick_Handler)
    i.SystemClock_Config                     0x0800292c   Section        0  main.o(i.SystemClock_Config)
    SystemClock_Config                       0x0800292d   Thumb Code   114  main.o(i.SystemClock_Config)
    i.SystemInit                             0x080029a8   Section        0  system_stm32f4xx.o(i.SystemInit)
    i.Toggle_Leds                            0x080029fc   Section        0  main.o(i.Toggle_Leds)
    i.Update_animation                       0x08002a20   Section        0  graphics.o(i.Update_animation)
    i.Update_postion                         0x08002a44   Section        0  graphics.o(i.Update_postion)
    i.UsageFault_Handler                     0x08002abc   Section        0  stm32f4xx_it.o(i.UsageFault_Handler)
    i.__scatterload_copy                     0x08002abe   Section       14  handlers.o(i.__scatterload_copy)
    i.__scatterload_null                     0x08002acc   Section        2  handlers.o(i.__scatterload_null)
    i.__scatterload_zeroinit                 0x08002ace   Section       14  handlers.o(i.__scatterload_zeroinit)
    i.collision                              0x08002adc   Section        0  graphics.o(i.collision)
    i.ct_screen_backbuffer_ptr               0x08002b4c   Section        0  main.o(i.ct_screen_backbuffer_ptr)
    i.ct_screen_init                         0x08002b64   Section        0  main.o(i.ct_screen_init)
    i.ili9341_DisplayOff                     0x08002bbc   Section        0  ili9341.o(i.ili9341_DisplayOff)
    i.ili9341_DisplayOn                      0x08002bc2   Section        0  ili9341.o(i.ili9341_DisplayOn)
    i.ili9341_GetLcdPixelHeight              0x08002bc8   Section        0  ili9341.o(i.ili9341_GetLcdPixelHeight)
    i.ili9341_GetLcdPixelWidth               0x08002bce   Section        0  ili9341.o(i.ili9341_GetLcdPixelWidth)
    i.ili9341_Init                           0x08002bd2   Section        0  ili9341.o(i.ili9341_Init)
    i.ili9341_ReadID                         0x08002e64   Section        0  ili9341.o(i.ili9341_ReadID)
    i.init_bird                              0x08002e78   Section        0  main.o(i.init_bird)
    i.init_pipes                             0x08002f00   Section        0  main.o(i.init_pipes)
    i.main                                   0x08002fb0   Section        0  main.o(i.main)
    i.malloc                                 0x0800318c   Section        0  malloc.o(i.malloc)
    i.process_input                          0x080031f8   Section        0  main.o(i.process_input)
    .constdata                               0x0800324c   Section       16  system_stm32f4xx.o(.constdata)
    .constdata                               0x0800325c   Section        8  stm32f429i_discovery.o(.constdata)
    .constdata                               0x08003264   Section     6840  stm32f429i_discovery_lcd.o(.constdata)
    .constdata                               0x08004d1c   Section        8  stm32f4xx_hal_dma.o(.constdata)
    flagBitshiftOffset                       0x08004d1c   Data           8  stm32f4xx_hal_dma.o(.constdata)
    .constdata                               0x08004d24   Section    153600  main.o(.constdata)
    .constdata                               0x0802a524   Section     2048  main.o(.constdata)
    .constdata                               0x0802ad24   Section    38872  main.o(.constdata)
    .data                                    0x20000000   Section        4  system_stm32f4xx.o(.data)
    .data                                    0x20000004   Section       24  stm32f429i_discovery.o(.data)
    Is_LCD_IO_Initialized                    0x20000004   Data           1  stm32f429i_discovery.o(.data)
    .data                                    0x2000001c   Section       16  stm32f429i_discovery_lcd.o(.data)
    ActiveLayer                              0x2000001c   Data           4  stm32f429i_discovery_lcd.o(.data)
    .data                                    0x2000002c   Section        1  stm32f429i_discovery_sdram.o(.data)
    sdramstatus                              0x2000002c   Data           1  stm32f429i_discovery_sdram.o(.data)
    .data                                    0x20000030   Section       12  stm32f4xx_hal.o(.data)
    .data                                    0x2000003c   Section       56  ili9341.o(.data)
    .data                                    0x20000074   Section       28  main.o(.data)
    active                                   0x20000074   Data           1  main.o(.data)
    ticks                                    0x20000075   Data           1  main.o(.data)
    isJumping                                0x20000078   Data           4  main.o(.data)
    screen                                   0x20000080   Data           4  main.o(.data)
    .data                                    0x20000090   Section        4  rand.o(.data)
    _rand_state                              0x20000090   Data           4  rand.o(.data)
    .data                                    0x20000094   Section        4  mvars.o(.data)
    .data                                    0x20000098   Section        4  mvars.o(.data)
    .bss                                     0x2000009c   Section      172  stm32f429i_discovery.o(.bss)
    SpiHandle                                0x200000f0   Data          88  stm32f429i_discovery.o(.bss)
    .bss                                     0x20000148   Section      304  stm32f429i_discovery_lcd.o(.bss)
    Dma2dHandler                             0x200001f0   Data          64  stm32f429i_discovery_lcd.o(.bss)
    PeriphClkInitStruct                      0x20000230   Data          48  stm32f429i_discovery_lcd.o(.bss)
    DrawProp                                 0x20000260   Data          24  stm32f429i_discovery_lcd.o(.bss)
    .bss                                     0x20000278   Section      288  stm32f429i_discovery_sdram.o(.bss)
    dmaHandle                                0x20000278   Data          96  stm32f429i_discovery_sdram.o(.bss)
    dma_handle                               0x200002d8   Data          96  stm32f429i_discovery_sdram.o(.bss)
    SdramHandle                              0x20000338   Data          52  stm32f429i_discovery_sdram.o(.bss)
    Timing                                   0x2000036c   Data          28  stm32f429i_discovery_sdram.o(.bss)
    Command                                  0x20000388   Data          16  stm32f429i_discovery_sdram.o(.bss)
    .bss                                     0x20000398   Section     1060  main.o(.bss)
    HEAP                                     0x200007c0   Section    65536  startup_stm32f429xx.o(HEAP)
    STACK                                    0x200107c0   Section    65536  startup_stm32f429xx.o(STACK)

    Global Symbols

    Symbol Name                              Value     Ov Type        Size  Object(Section)

    BuildAttributes$$THM_ISAv4$E$P$D$K$B$S$7EM$VFPi3$EXTD16$VFPS$VFMA$PE$A:L22UL41UL21$X:L11$S22US41US21$IEEE1$IW$USESV6$~STKCKD$USESV7$~SHL$OTIME$ROPI$IEEEX$EBA8$MICROLIB$REQ8$PRES8$EABIv2 0x00000000   Number         0  anon$$obj.o ABSOLUTE
    __ARM_use_no_argv                        0x00000000   Number         0  main.o ABSOLUTE
    __cpp_initialize__aeabi_                  - Undefined Weak Reference
    __cxa_finalize                            - Undefined Weak Reference
    __decompress                              - Undefined Weak Reference
    _clock_init                               - Undefined Weak Reference
    _microlib_exit                            - Undefined Weak Reference
    __Vectors_Size                           0x000001ac   Number         0  startup_stm32f429xx.o ABSOLUTE
    __Vectors                                0x08000000   Data           4  startup_stm32f429xx.o(RESET)
    __Vectors_End                            0x080001ac   Data           0  startup_stm32f429xx.o(RESET)
    __main                                   0x080001ad   Thumb Code     0  entry.o(.ARM.Collect$$$$00000000)
    _main_stk                                0x080001ad   Thumb Code     0  entry2.o(.ARM.Collect$$$$00000001)
    _main_scatterload                        0x080001b1   Thumb Code     0  entry5.o(.ARM.Collect$$$$00000004)
    __main_after_scatterload                 0x080001b5   Thumb Code     0  entry5.o(.ARM.Collect$$$$00000004)
    _main_clock                              0x080001b5   Thumb Code     0  entry7b.o(.ARM.Collect$$$$00000008)
    _main_cpp_init                           0x080001b5   Thumb Code     0  entry8b.o(.ARM.Collect$$$$0000000A)
    _main_init                               0x080001b5   Thumb Code     0  entry9a.o(.ARM.Collect$$$$0000000B)
    __rt_final_cpp                           0x080001bd   Thumb Code     0  entry10a.o(.ARM.Collect$$$$0000000D)
    __rt_final_exit                          0x080001bd   Thumb Code     0  entry11a.o(.ARM.Collect$$$$0000000F)
    Reset_Handler                            0x080001c1   Thumb Code     8  startup_stm32f429xx.o(.text)
    ADC_IRQHandler                           0x080001db   Thumb Code     0  startup_stm32f429xx.o(.text)
    CAN1_RX0_IRQHandler                      0x080001db   Thumb Code     0  startup_stm32f429xx.o(.text)
    CAN1_RX1_IRQHandler                      0x080001db   Thumb Code     0  startup_stm32f429xx.o(.text)
    CAN1_SCE_IRQHandler                      0x080001db   Thumb Code     0  startup_stm32f429xx.o(.text)
    CAN1_TX_IRQHandler                       0x080001db   Thumb Code     0  startup_stm32f429xx.o(.text)
    CAN2_RX0_IRQHandler                      0x080001db   Thumb Code     0  startup_stm32f429xx.o(.text)
    CAN2_RX1_IRQHandler                      0x080001db   Thumb Code     0  startup_stm32f429xx.o(.text)
    CAN2_SCE_IRQHandler                      0x080001db   Thumb Code     0  startup_stm32f429xx.o(.text)
    CAN2_TX_IRQHandler                       0x080001db   Thumb Code     0  startup_stm32f429xx.o(.text)
    DCMI_IRQHandler                          0x080001db   Thumb Code     0  startup_stm32f429xx.o(.text)
    DMA1_Stream0_IRQHandler                  0x080001db   Thumb Code     0  startup_stm32f429xx.o(.text)
    DMA1_Stream1_IRQHandler                  0x080001db   Thumb Code     0  startup_stm32f429xx.o(.text)
    DMA1_Stream2_IRQHandler                  0x080001db   Thumb Code     0  startup_stm32f429xx.o(.text)
    DMA1_Stream3_IRQHandler                  0x080001db   Thumb Code     0  startup_stm32f429xx.o(.text)
    DMA1_Stream4_IRQHandler                  0x080001db   Thumb Code     0  startup_stm32f429xx.o(.text)
    DMA1_Stream5_IRQHandler                  0x080001db   Thumb Code     0  startup_stm32f429xx.o(.text)
    DMA1_Stream6_IRQHandler                  0x080001db   Thumb Code     0  startup_stm32f429xx.o(.text)
    DMA1_Stream7_IRQHandler                  0x080001db   Thumb Code     0  startup_stm32f429xx.o(.text)
    DMA2D_IRQHandler                         0x080001db   Thumb Code     0  startup_stm32f429xx.o(.text)
    DMA2_Stream0_IRQHandler                  0x080001db   Thumb Code     0  startup_stm32f429xx.o(.text)
    DMA2_Stream1_IRQHandler                  0x080001db   Thumb Code     0  startup_stm32f429xx.o(.text)
    DMA2_Stream2_IRQHandler                  0x080001db   Thumb Code     0  startup_stm32f429xx.o(.text)
    DMA2_Stream3_IRQHandler                  0x080001db   Thumb Code     0  startup_stm32f429xx.o(.text)
    DMA2_Stream4_IRQHandler                  0x080001db   Thumb Code     0  startup_stm32f429xx.o(.text)
    DMA2_Stream5_IRQHandler                  0x080001db   Thumb Code     0  startup_stm32f429xx.o(.text)
    DMA2_Stream6_IRQHandler                  0x080001db   Thumb Code     0  startup_stm32f429xx.o(.text)
    DMA2_Stream7_IRQHandler                  0x080001db   Thumb Code     0  startup_stm32f429xx.o(.text)
    ETH_IRQHandler                           0x080001db   Thumb Code     0  startup_stm32f429xx.o(.text)
    ETH_WKUP_IRQHandler                      0x080001db   Thumb Code     0  startup_stm32f429xx.o(.text)
    EXTI15_10_IRQHandler                     0x080001db   Thumb Code     0  startup_stm32f429xx.o(.text)
    EXTI1_IRQHandler                         0x080001db   Thumb Code     0  startup_stm32f429xx.o(.text)
    EXTI2_IRQHandler                         0x080001db   Thumb Code     0  startup_stm32f429xx.o(.text)
    EXTI3_IRQHandler                         0x080001db   Thumb Code     0  startup_stm32f429xx.o(.text)
    EXTI4_IRQHandler                         0x080001db   Thumb Code     0  startup_stm32f429xx.o(.text)
    EXTI9_5_IRQHandler                       0x080001db   Thumb Code     0  startup_stm32f429xx.o(.text)
    FLASH_IRQHandler                         0x080001db   Thumb Code     0  startup_stm32f429xx.o(.text)
    FMC_IRQHandler                           0x080001db   Thumb Code     0  startup_stm32f429xx.o(.text)
    FPU_IRQHandler                           0x080001db   Thumb Code     0  startup_stm32f429xx.o(.text)
    HASH_RNG_IRQHandler                      0x080001db   Thumb Code     0  startup_stm32f429xx.o(.text)
    I2C1_ER_IRQHandler                       0x080001db   Thumb Code     0  startup_stm32f429xx.o(.text)
    I2C1_EV_IRQHandler                       0x080001db   Thumb Code     0  startup_stm32f429xx.o(.text)
    I2C2_ER_IRQHandler                       0x080001db   Thumb Code     0  startup_stm32f429xx.o(.text)
    I2C2_EV_IRQHandler                       0x080001db   Thumb Code     0  startup_stm32f429xx.o(.text)
    I2C3_ER_IRQHandler                       0x080001db   Thumb Code     0  startup_stm32f429xx.o(.text)
    I2C3_EV_IRQHandler                       0x080001db   Thumb Code     0  startup_stm32f429xx.o(.text)
    LTDC_ER_IRQHandler                       0x080001db   Thumb Code     0  startup_stm32f429xx.o(.text)
    LTDC_IRQHandler                          0x080001db   Thumb Code     0  startup_stm32f429xx.o(.text)
    OTG_FS_IRQHandler                        0x080001db   Thumb Code     0  startup_stm32f429xx.o(.text)
    OTG_FS_WKUP_IRQHandler                   0x080001db   Thumb Code     0  startup_stm32f429xx.o(.text)
    OTG_HS_EP1_IN_IRQHandler                 0x080001db   Thumb Code     0  startup_stm32f429xx.o(.text)
    OTG_HS_EP1_OUT_IRQHandler                0x080001db   Thumb Code     0  startup_stm32f429xx.o(.text)
    OTG_HS_IRQHandler                        0x080001db   Thumb Code     0  startup_stm32f429xx.o(.text)
    OTG_HS_WKUP_IRQHandler                   0x080001db   Thumb Code     0  startup_stm32f429xx.o(.text)
    PVD_IRQHandler                           0x080001db   Thumb Code     0  startup_stm32f429xx.o(.text)
    RCC_IRQHandler                           0x080001db   Thumb Code     0  startup_stm32f429xx.o(.text)
    RTC_Alarm_IRQHandler                     0x080001db   Thumb Code     0  startup_stm32f429xx.o(.text)
    RTC_WKUP_IRQHandler                      0x080001db   Thumb Code     0  startup_stm32f429xx.o(.text)
    SAI1_IRQHandler                          0x080001db   Thumb Code     0  startup_stm32f429xx.o(.text)
    SDIO_IRQHandler                          0x080001db   Thumb Code     0  startup_stm32f429xx.o(.text)
    SPI1_IRQHandler                          0x080001db   Thumb Code     0  startup_stm32f429xx.o(.text)
    SPI2_IRQHandler                          0x080001db   Thumb Code     0  startup_stm32f429xx.o(.text)
    SPI3_IRQHandler                          0x080001db   Thumb Code     0  startup_stm32f429xx.o(.text)
    SPI4_IRQHandler                          0x080001db   Thumb Code     0  startup_stm32f429xx.o(.text)
    SPI5_IRQHandler                          0x080001db   Thumb Code     0  startup_stm32f429xx.o(.text)
    SPI6_IRQHandler                          0x080001db   Thumb Code     0  startup_stm32f429xx.o(.text)
    TAMP_STAMP_IRQHandler                    0x080001db   Thumb Code     0  startup_stm32f429xx.o(.text)
    TIM1_BRK_TIM9_IRQHandler                 0x080001db   Thumb Code     0  startup_stm32f429xx.o(.text)
    TIM1_CC_IRQHandler                       0x080001db   Thumb Code     0  startup_stm32f429xx.o(.text)
    TIM1_TRG_COM_TIM11_IRQHandler            0x080001db   Thumb Code     0  startup_stm32f429xx.o(.text)
    TIM1_UP_TIM10_IRQHandler                 0x080001db   Thumb Code     0  startup_stm32f429xx.o(.text)
    TIM2_IRQHandler                          0x080001db   Thumb Code     0  startup_stm32f429xx.o(.text)
    TIM3_IRQHandler                          0x080001db   Thumb Code     0  startup_stm32f429xx.o(.text)
    TIM4_IRQHandler                          0x080001db   Thumb Code     0  startup_stm32f429xx.o(.text)
    TIM5_IRQHandler                          0x080001db   Thumb Code     0  startup_stm32f429xx.o(.text)
    TIM6_DAC_IRQHandler                      0x080001db   Thumb Code     0  startup_stm32f429xx.o(.text)
    TIM7_IRQHandler                          0x080001db   Thumb Code     0  startup_stm32f429xx.o(.text)
    TIM8_BRK_TIM12_IRQHandler                0x080001db   Thumb Code     0  startup_stm32f429xx.o(.text)
    TIM8_CC_IRQHandler                       0x080001db   Thumb Code     0  startup_stm32f429xx.o(.text)
    TIM8_TRG_COM_TIM14_IRQHandler            0x080001db   Thumb Code     0  startup_stm32f429xx.o(.text)
    TIM8_UP_TIM13_IRQHandler                 0x080001db   Thumb Code     0  startup_stm32f429xx.o(.text)
    UART4_IRQHandler                         0x080001db   Thumb Code     0  startup_stm32f429xx.o(.text)
    UART5_IRQHandler                         0x080001db   Thumb Code     0  startup_stm32f429xx.o(.text)
    UART7_IRQHandler                         0x080001db   Thumb Code     0  startup_stm32f429xx.o(.text)
    UART8_IRQHandler                         0x080001db   Thumb Code     0  startup_stm32f429xx.o(.text)
    USART1_IRQHandler                        0x080001db   Thumb Code     0  startup_stm32f429xx.o(.text)
    USART2_IRQHandler                        0x080001db   Thumb Code     0  startup_stm32f429xx.o(.text)
    USART3_IRQHandler                        0x080001db   Thumb Code     0  startup_stm32f429xx.o(.text)
    USART6_IRQHandler                        0x080001db   Thumb Code     0  startup_stm32f429xx.o(.text)
    WWDG_IRQHandler                          0x080001db   Thumb Code     0  startup_stm32f429xx.o(.text)
    __aeabi_uldivmod                         0x080001e5   Thumb Code    98  uldiv.o(.text)
    rand                                     0x08000249   Thumb Code    20  rand.o(.text)
    srand                                    0x0800025d   Thumb Code     6  rand.o(.text)
    __aeabi_memcpy                           0x0800026d   Thumb Code    36  memcpya.o(.text)
    __aeabi_memcpy4                          0x0800026d   Thumb Code     0  memcpya.o(.text)
    __aeabi_memcpy8                          0x0800026d   Thumb Code     0  memcpya.o(.text)
    __aeabi_llsl                             0x08000291   Thumb Code    30  llshl.o(.text)
    _ll_shift_l                              0x08000291   Thumb Code     0  llshl.o(.text)
    __aeabi_llsr                             0x080002af   Thumb Code    32  llushr.o(.text)
    _ll_ushift_r                             0x080002af   Thumb Code     0  llushr.o(.text)
    __scatterload                            0x080002d1   Thumb Code    28  init.o(.text)
    __scatterload_rt2                        0x080002d1   Thumb Code     0  init.o(.text)
    BSP_LCD_DrawBitmap                       0x080002f5   Thumb Code    92  stm32f429i_discovery_lcd.o(i.BSP_LCD_DrawBitmap)
    BSP_LCD_GetXSize                         0x08000359   Thumb Code     8  stm32f429i_discovery_lcd.o(i.BSP_LCD_GetXSize)
    BSP_LCD_GetYSize                         0x08000365   Thumb Code     8  stm32f429i_discovery_lcd.o(i.BSP_LCD_GetYSize)
    BSP_LCD_Init                             0x08000371   Thumb Code   132  stm32f429i_discovery_lcd.o(i.BSP_LCD_Init)
    BSP_LCD_LayerDefaultInit                 0x08000405   Thumb Code   118  stm32f429i_discovery_lcd.o(i.BSP_LCD_LayerDefaultInit)
    BSP_LCD_MspInit                          0x08000489   Thumb Code   270  stm32f429i_discovery_lcd.o(i.BSP_LCD_MspInit)
    BSP_LCD_SelectLayer                      0x080005b5   Thumb Code     6  stm32f429i_discovery_lcd.o(i.BSP_LCD_SelectLayer)
    BSP_LCD_SetLayerVisible                  0x080005c1   Thumb Code    40  stm32f429i_discovery_lcd.o(i.BSP_LCD_SetLayerVisible)
    BSP_LED_Init                             0x080005ed   Thumb Code    78  stm32f429i_discovery.o(i.BSP_LED_Init)
    BSP_LED_Toggle                           0x08000649   Thumb Code    16  stm32f429i_discovery.o(i.BSP_LED_Toggle)
    BSP_PB_GetState                          0x08000661   Thumb Code    16  stm32f429i_discovery.o(i.BSP_PB_GetState)
    BSP_PB_Init                              0x08000679   Thumb Code   112  stm32f429i_discovery.o(i.BSP_PB_Init)
    BSP_SDRAM_Init                           0x080006f9   Thumb Code   106  stm32f429i_discovery_sdram.o(i.BSP_SDRAM_Init)
    BSP_SDRAM_Initialization_sequence        0x08000771   Thumb Code   132  stm32f429i_discovery_sdram.o(i.BSP_SDRAM_Initialization_sequence)
    BSP_SDRAM_MspInit                        0x080007f9   Thumb Code   320  stm32f429i_discovery_sdram.o(i.BSP_SDRAM_MspInit)
    BusFault_Handler                         0x0800095d   Thumb Code     2  stm32f4xx_it.o(i.BusFault_Handler)
    DebugMon_Handler                         0x08000add   Thumb Code     2  stm32f4xx_it.o(i.DebugMon_Handler)
    DrawSprite                               0x08000adf   Thumb Code   124  graphics.o(i.DrawSprite)
    EXTI0_IRQHandler                         0x08000b5b   Thumb Code     6  stm32f4xx_it.o(i.EXTI0_IRQHandler)
    FMC_SDRAM_Init                           0x08000b61   Thumb Code    80  stm32f4xx_ll_fmc.o(i.FMC_SDRAM_Init)
    FMC_SDRAM_ProgramRefreshRate             0x08000bb1   Thumb Code    12  stm32f4xx_ll_fmc.o(i.FMC_SDRAM_ProgramRefreshRate)
    FMC_SDRAM_SendCommand                    0x08000bbd   Thumb Code    72  stm32f4xx_ll_fmc.o(i.FMC_SDRAM_SendCommand)
    FMC_SDRAM_Timing_Init                    0x08000c05   Thumb Code   124  stm32f4xx_ll_fmc.o(i.FMC_SDRAM_Timing_Init)
    Grape_frame                              0x08000c85   Thumb Code   108  graphics.o(i.Grape_frame)
    HAL_DMA2D_ConfigLayer                    0x08000cf1   Thumb Code   162  stm32f4xx_hal_dma2d.o(i.HAL_DMA2D_ConfigLayer)
    HAL_DMA2D_Init                           0x08000d99   Thumb Code    90  stm32f4xx_hal_dma2d.o(i.HAL_DMA2D_Init)
    HAL_DMA2D_MspInit                        0x08000df3   Thumb Code     2  stm32f4xx_hal_dma2d.o(i.HAL_DMA2D_MspInit)
    HAL_DMA2D_PollForTransfer                0x08000df5   Thumb Code   268  stm32f4xx_hal_dma2d.o(i.HAL_DMA2D_PollForTransfer)
    HAL_DMA2D_Start                          0x08000f01   Thumb Code    52  stm32f4xx_hal_dma2d.o(i.HAL_DMA2D_Start)
    HAL_DMA_DeInit                           0x08000f35   Thumb Code    86  stm32f4xx_hal_dma.o(i.HAL_DMA_DeInit)
    HAL_DMA_Init                             0x08000f8d   Thumb Code   206  stm32f4xx_hal_dma.o(i.HAL_DMA_Init)
    HAL_Delay                                0x08001061   Thumb Code    32  stm32f4xx_hal.o(i.HAL_Delay)
    HAL_GPIO_EXTI_Callback                   0x08001085   Thumb Code     2  stm32f4xx_hal_gpio.o(i.HAL_GPIO_EXTI_Callback)
    HAL_GPIO_EXTI_IRQHandler                 0x08001089   Thumb Code    18  stm32f4xx_hal_gpio.o(i.HAL_GPIO_EXTI_IRQHandler)
    HAL_GPIO_Init                            0x080010a1   Thumb Code   408  stm32f4xx_hal_gpio.o(i.HAL_GPIO_Init)
    HAL_GPIO_ReadPin                         0x0800126d   Thumb Code    10  stm32f4xx_hal_gpio.o(i.HAL_GPIO_ReadPin)
    HAL_GPIO_TogglePin                       0x08001277   Thumb Code     8  stm32f4xx_hal_gpio.o(i.HAL_GPIO_TogglePin)
    HAL_GPIO_WritePin                        0x0800127f   Thumb Code    10  stm32f4xx_hal_gpio.o(i.HAL_GPIO_WritePin)
    HAL_GetTick                              0x08001289   Thumb Code     6  stm32f4xx_hal.o(i.HAL_GetTick)
    HAL_IncTick                              0x08001295   Thumb Code    12  stm32f4xx_hal.o(i.HAL_IncTick)
    HAL_Init                                 0x080012a5   Thumb Code    48  stm32f4xx_hal.o(i.HAL_Init)
    HAL_InitTick                             0x080012d9   Thumb Code    54  stm32f4xx_hal.o(i.HAL_InitTick)
    HAL_LTDC_ConfigLayer                     0x08001319   Thumb Code    82  stm32f4xx_hal_ltdc.o(i.HAL_LTDC_ConfigLayer)
    HAL_LTDC_EnableDither                    0x0800136d   Thumb Code    42  stm32f4xx_hal_ltdc.o(i.HAL_LTDC_EnableDither)
    HAL_LTDC_Init                            0x0800139d   Thumb Code   238  stm32f4xx_hal_ltdc.o(i.HAL_LTDC_Init)
    HAL_LTDC_MspInit                         0x08001491   Thumb Code     2  stm32f4xx_hal_ltdc.o(i.HAL_LTDC_MspInit)
    HAL_MspInit                              0x08001493   Thumb Code     2  stm32f4xx_hal.o(i.HAL_MspInit)
    HAL_NVIC_EnableIRQ                       0x08001495   Thumb Code    22  stm32f4xx_hal_cortex.o(i.HAL_NVIC_EnableIRQ)
    HAL_NVIC_SetPriority                     0x080014ad   Thumb Code    60  stm32f4xx_hal_cortex.o(i.HAL_NVIC_SetPriority)
    HAL_NVIC_SetPriorityGrouping             0x080014ed   Thumb Code    26  stm32f4xx_hal_cortex.o(i.HAL_NVIC_SetPriorityGrouping)
    HAL_PWREx_EnableOverDrive                0x08001511   Thumb Code    98  stm32f4xx_hal_pwr_ex.o(i.HAL_PWREx_EnableOverDrive)
    HAL_RCCEx_PeriphCLKConfig                0x08001581   Thumb Code   528  stm32f4xx_hal_rcc_ex.o(i.HAL_RCCEx_PeriphCLKConfig)
    HAL_RCC_ClockConfig                      0x080017b5   Thumb Code   286  stm32f4xx_hal_rcc.o(i.HAL_RCC_ClockConfig)
    HAL_RCC_GetSysClockFreq                  0x080018e5   Thumb Code    88  stm32f4xx_hal_rcc.o(i.HAL_RCC_GetSysClockFreq)
    HAL_RCC_OscConfig                        0x08001945   Thumb Code   770  stm32f4xx_hal_rcc.o(i.HAL_RCC_OscConfig)
    HAL_SDRAM_Init                           0x08001c61   Thumb Code    66  stm32f4xx_hal_sdram.o(i.HAL_SDRAM_Init)
    HAL_SDRAM_MspInit                        0x08001ca3   Thumb Code     2  stm32f4xx_hal_sdram.o(i.HAL_SDRAM_MspInit)
    HAL_SDRAM_ProgramRefreshRate             0x08001ca5   Thumb Code    34  stm32f4xx_hal_sdram.o(i.HAL_SDRAM_ProgramRefreshRate)
    HAL_SDRAM_SendCommand                    0x08001cc9   Thumb Code    48  stm32f4xx_hal_sdram.o(i.HAL_SDRAM_SendCommand)
    HAL_SPI_DeInit                           0x08001cf9   Thumb Code    46  stm32f4xx_hal_spi.o(i.HAL_SPI_DeInit)
    HAL_SPI_GetState                         0x08001d27   Thumb Code     6  stm32f4xx_hal_spi.o(i.HAL_SPI_GetState)
    HAL_SPI_Init                             0x08001d2d   Thumb Code   140  stm32f4xx_hal_spi.o(i.HAL_SPI_Init)
    HAL_SPI_MspDeInit                        0x08001db9   Thumb Code     2  stm32f4xx_hal_spi.o(i.HAL_SPI_MspDeInit)
    HAL_SPI_MspInit                          0x08001dbb   Thumb Code     2  stm32f4xx_hal_spi.o(i.HAL_SPI_MspInit)
    HAL_SPI_Receive                          0x08001dbd   Thumb Code   498  stm32f4xx_hal_spi.o(i.HAL_SPI_Receive)
    HAL_SPI_Transmit                         0x08001faf   Thumb Code   410  stm32f4xx_hal_spi.o(i.HAL_SPI_Transmit)
    HAL_SPI_TransmitReceive                  0x08002149   Thumb Code   622  stm32f4xx_hal_spi.o(i.HAL_SPI_TransmitReceive)
    HAL_SYSTICK_Config                       0x080023b7   Thumb Code    40  stm32f4xx_hal_cortex.o(i.HAL_SYSTICK_Config)
    HardFault_Handler                        0x080023df   Thumb Code     2  stm32f4xx_it.o(i.HardFault_Handler)
    LCD_Config                               0x080023e1   Thumb Code    64  main.o(i.LCD_Config)
    LCD_Delay                                0x08002429   Thumb Code     4  stm32f429i_discovery.o(i.LCD_Delay)
    LCD_DrawPixel                            0x0800242d   Thumb Code    28  stm32f429i_discovery_lcd.o(i.LCD_DrawPixel)
    LCD_IO_Init                              0x08002449   Thumb Code   150  stm32f429i_discovery.o(i.LCD_IO_Init)
    LCD_IO_ReadData                          0x080024f1   Thumb Code    92  stm32f429i_discovery.o(i.LCD_IO_ReadData)
    LCD_IO_WriteData                         0x0800255d   Thumb Code    46  stm32f429i_discovery.o(i.LCD_IO_WriteData)
    LCD_IO_WriteReg                          0x08002595   Thumb Code    48  stm32f429i_discovery.o(i.LCD_IO_WriteReg)
    LTDC_switch_framebuffer                  0x08002731   Thumb Code    46  main.o(i.LTDC_switch_framebuffer)
    MemManage_Handler                        0x0800276d   Thumb Code     2  stm32f4xx_it.o(i.MemManage_Handler)
    NMI_Handler                              0x0800276f   Thumb Code     2  stm32f4xx_it.o(i.NMI_Handler)
    PendSV_Handler                           0x08002791   Thumb Code     2  stm32f4xx_it.o(i.PendSV_Handler)
    SVC_Handler                              0x0800291d   Thumb Code     2  stm32f4xx_it.o(i.SVC_Handler)
    SysTick_Handler                          0x0800291f   Thumb Code    14  stm32f4xx_it.o(i.SysTick_Handler)
    SystemInit                               0x080029a9   Thumb Code    66  system_stm32f4xx.o(i.SystemInit)
    Toggle_Leds                              0x080029fd   Thumb Code    32  main.o(i.Toggle_Leds)
    Update_animation                         0x08002a21   Thumb Code    34  graphics.o(i.Update_animation)
    Update_postion                           0x08002a45   Thumb Code   114  graphics.o(i.Update_postion)
    UsageFault_Handler                       0x08002abd   Thumb Code     2  stm32f4xx_it.o(i.UsageFault_Handler)
    __scatterload_copy                       0x08002abf   Thumb Code    14  handlers.o(i.__scatterload_copy)
    __scatterload_null                       0x08002acd   Thumb Code     2  handlers.o(i.__scatterload_null)
    __scatterload_zeroinit                   0x08002acf   Thumb Code    14  handlers.o(i.__scatterload_zeroinit)
    collision                                0x08002add   Thumb Code   112  graphics.o(i.collision)
    ct_screen_backbuffer_ptr                 0x08002b4d   Thumb Code    18  main.o(i.ct_screen_backbuffer_ptr)
    ct_screen_init                           0x08002b65   Thumb Code    88  main.o(i.ct_screen_init)
    ili9341_DisplayOff                       0x08002bbd   Thumb Code     6  ili9341.o(i.ili9341_DisplayOff)
    ili9341_DisplayOn                        0x08002bc3   Thumb Code     6  ili9341.o(i.ili9341_DisplayOn)
    ili9341_GetLcdPixelHeight                0x08002bc9   Thumb Code     6  ili9341.o(i.ili9341_GetLcdPixelHeight)
    ili9341_GetLcdPixelWidth                 0x08002bcf   Thumb Code     4  ili9341.o(i.ili9341_GetLcdPixelWidth)
    ili9341_Init                             0x08002bd3   Thumb Code   658  ili9341.o(i.ili9341_Init)
    ili9341_ReadID                           0x08002e65   Thumb Code    18  ili9341.o(i.ili9341_ReadID)
    init_bird                                0x08002e79   Thumb Code   112  main.o(i.init_bird)
    init_pipes                               0x08002f01   Thumb Code   154  main.o(i.init_pipes)
    main                                     0x08002fb1   Thumb Code   448  main.o(i.main)
    malloc                                   0x0800318d   Thumb Code    92  malloc.o(i.malloc)
    process_input                            0x080031f9   Thumb Code    68  main.o(i.process_input)
    AHBPrescTable                            0x0800324c   Data          16  system_stm32f4xx.o(.constdata)
    BUTTON_IRQn                              0x0800325c   Data           1  stm32f429i_discovery.o(.constdata)
    BUTTON_PIN                               0x0800325e   Data           2  stm32f429i_discovery.o(.constdata)
    GPIO_PIN                                 0x08003260   Data           4  stm32f429i_discovery.o(.constdata)
    Font24_Table                             0x08003264   Data        6840  stm32f429i_discovery_lcd.o(.constdata)
    back_img                                 0x08004d24   Data       153600  main.o(.constdata)
    bird_img                                 0x0802a524   Data        2048  main.o(.constdata)
    pipe1_img                                0x0802ad24   Data       19430  main.o(.constdata)
    pipe2_img                                0x0802f90a   Data       19430  main.o(.constdata)
    Region$$Table$$Base                      0x080344fc   Number         0  anon$$obj.o(Region$$Table)
    Region$$Table$$Limit                     0x0803451c   Number         0  anon$$obj.o(Region$$Table)
    SystemCoreClock                          0x20000000   Data           4  system_stm32f4xx.o(.data)
    BUTTON_PORT                              0x20000008   Data           4  stm32f429i_discovery.o(.data)
    I2cxTimeout                              0x2000000c   Data           4  stm32f429i_discovery.o(.data)
    SpixTimeout                              0x20000010   Data           4  stm32f429i_discovery.o(.data)
    GPIO_PORT                                0x20000014   Data           8  stm32f429i_discovery.o(.data)
    LcdDrv                                   0x20000020   Data           4  stm32f429i_discovery_lcd.o(.data)
    Font24                                   0x20000024   Data           8  stm32f429i_discovery_lcd.o(.data)
    uwTickFreq                               0x20000030   Data           1  stm32f4xx_hal.o(.data)
    uwTickPrio                               0x20000034   Data           4  stm32f4xx_hal.o(.data)
    uwTick                                   0x20000038   Data           4  stm32f4xx_hal.o(.data)
    ili9341_drv                              0x2000003c   Data          56  ili9341.o(.data)
    gap                                      0x2000007c   Data           4  main.o(.data)
    back_bitmap                              0x20000084   Data          12  main.o(.data)
    __microlib_freelist                      0x20000094   Data           4  mvars.o(.data)
    __microlib_freelist_initialised          0x20000098   Data           4  mvars.o(.data)
    I2cHandle                                0x2000009c   Data          84  stm32f429i_discovery.o(.bss)
    LtdcHandler                              0x20000148   Data         168  stm32f429i_discovery_lcd.o(.bss)
    bird                                     0x20000398   Data         348  main.o(.bss)
    pipe1                                    0x200004f4   Data         356  main.o(.bss)
    pipe2                                    0x20000658   Data         356  main.o(.bss)
    __heap_base                              0x200007c0   Data           0  startup_stm32f429xx.o(HEAP)
    __heap_limit                             0x200107c0   Data           0  startup_stm32f429xx.o(HEAP)
    __initial_sp                             0x200207c0   Data           0  startup_stm32f429xx.o(STACK)



==============================================================================

Memory Map of the image

  Image Entry point : 0x080001ad

  Load Region LR_IROM1 (Base: 0x08000000, Size: 0x000345b8, Max: 0x00200000, ABSOLUTE)

    Execution Region ER_IROM1 (Base: 0x08000000, Size: 0x0003451c, Max: 0x00200000, ABSOLUTE)

    Base Addr    Size         Type   Attr      Idx    E Section Name        Object

    0x08000000   0x000001ac   Data   RO            3    RESET               startup_stm32f429xx.o
    0x080001ac   0x00000000   Code   RO         3993  * .ARM.Collect$$$$00000000  mc_w.l(entry.o)
    0x080001ac   0x00000004   Code   RO         4073    .ARM.Collect$$$$00000001  mc_w.l(entry2.o)
    0x080001b0   0x00000004   Code   RO         4076    .ARM.Collect$$$$00000004  mc_w.l(entry5.o)
    0x080001b4   0x00000000   Code   RO         4078    .ARM.Collect$$$$00000008  mc_w.l(entry7b.o)
    0x080001b4   0x00000000   Code   RO         4080    .ARM.Collect$$$$0000000A  mc_w.l(entry8b.o)
    0x080001b4   0x00000008   Code   RO         4081    .ARM.Collect$$$$0000000B  mc_w.l(entry9a.o)
    0x080001bc   0x00000000   Code   RO         4083    .ARM.Collect$$$$0000000D  mc_w.l(entry10a.o)
    0x080001bc   0x00000000   Code   RO         4085    .ARM.Collect$$$$0000000F  mc_w.l(entry11a.o)
    0x080001bc   0x00000004   Code   RO         4074    .ARM.Collect$$$$00002712  mc_w.l(entry2.o)
    0x080001c0   0x00000024   Code   RO            4    .text               startup_stm32f429xx.o
    0x080001e4   0x00000062   Code   RO         3996    .text               mc_w.l(uldiv.o)
    0x08000246   0x00000002   PAD
    0x08000248   0x00000024   Code   RO         3998    .text               mc_w.l(rand.o)
    0x0800026c   0x00000024   Code   RO         4001    .text               mc_w.l(memcpya.o)
    0x08000290   0x0000001e   Code   RO         4087    .text               mc_w.l(llshl.o)
    0x080002ae   0x00000020   Code   RO         4089    .text               mc_w.l(llushr.o)
    0x080002ce   0x00000002   PAD
    0x080002d0   0x00000024   Code   RO         4123    .text               mc_w.l(init.o)
    0x080002f4   0x00000064   Code   RO          357    i.BSP_LCD_DrawBitmap  stm32f429i_discovery_lcd.o
    0x08000358   0x0000000c   Code   RO          374    i.BSP_LCD_GetXSize  stm32f429i_discovery_lcd.o
    0x08000364   0x0000000c   Code   RO          375    i.BSP_LCD_GetYSize  stm32f429i_discovery_lcd.o
    0x08000370   0x00000094   Code   RO          376    i.BSP_LCD_Init      stm32f429i_discovery_lcd.o
    0x08000404   0x00000084   Code   RO          377    i.BSP_LCD_LayerDefaultInit  stm32f429i_discovery_lcd.o
    0x08000488   0x0000012c   Code   RO          378    i.BSP_LCD_MspInit   stm32f429i_discovery_lcd.o
    0x080005b4   0x0000000c   Code   RO          383    i.BSP_LCD_SelectLayer  stm32f429i_discovery_lcd.o
    0x080005c0   0x0000002c   Code   RO          390    i.BSP_LCD_SetLayerVisible  stm32f429i_discovery_lcd.o
    0x080005ec   0x0000005c   Code   RO          154    i.BSP_LED_Init      stm32f429i_discovery.o
    0x08000648   0x00000018   Code   RO          157    i.BSP_LED_Toggle    stm32f429i_discovery.o
    0x08000660   0x00000018   Code   RO          158    i.BSP_PB_GetState   stm32f429i_discovery.o
    0x08000678   0x00000080   Code   RO          159    i.BSP_PB_Init       stm32f429i_discovery.o
    0x080006f8   0x00000078   Code   RO          740    i.BSP_SDRAM_Init    stm32f429i_discovery_sdram.o
    0x08000770   0x00000088   Code   RO          741    i.BSP_SDRAM_Initialization_sequence  stm32f429i_discovery_sdram.o
    0x080007f8   0x00000164   Code   RO          743    i.BSP_SDRAM_MspInit  stm32f429i_discovery_sdram.o
    0x0800095c   0x00000002   Code   RO         3642    i.BusFault_Handler  stm32f4xx_it.o
    0x0800095e   0x00000002   PAD
    0x08000960   0x00000068   Code   RO          397    i.ConvertLineToRGB565  stm32f429i_discovery_lcd.o
    0x080009c8   0x00000096   Code   RO         1612    i.DMA2D_SetConfig   stm32f4xx_hal_dma2d.o
    0x08000a5e   0x00000002   PAD
    0x08000a60   0x00000028   Code   RO         1465    i.DMA_CalcBaseAndBitshift  stm32f4xx_hal_dma.o
    0x08000a88   0x00000054   Code   RO         1466    i.DMA_CheckFifoParam  stm32f4xx_hal_dma.o
    0x08000adc   0x00000002   Code   RO         3643    i.DebugMon_Handler  stm32f4xx_it.o
    0x08000ade   0x0000007c   Code   RO         3729    i.DrawSprite        graphics.o
    0x08000b5a   0x00000006   Code   RO         3644    i.EXTI0_IRQHandler  stm32f4xx_it.o
    0x08000b60   0x00000050   Code   RO         2184    i.FMC_SDRAM_Init    stm32f4xx_ll_fmc.o
    0x08000bb0   0x0000000c   Code   RO         2185    i.FMC_SDRAM_ProgramRefreshRate  stm32f4xx_ll_fmc.o
    0x08000bbc   0x00000048   Code   RO         2186    i.FMC_SDRAM_SendCommand  stm32f4xx_ll_fmc.o
    0x08000c04   0x00000080   Code   RO         2188    i.FMC_SDRAM_Timing_Init  stm32f4xx_ll_fmc.o
    0x08000c84   0x0000006c   Code   RO         3734    i.Grape_frame       graphics.o
    0x08000cf0   0x000000a8   Code   RO         1624    i.HAL_DMA2D_ConfigLayer  stm32f4xx_hal_dma2d.o
    0x08000d98   0x0000005a   Code   RO         1632    i.HAL_DMA2D_Init    stm32f4xx_hal_dma2d.o
    0x08000df2   0x00000002   Code   RO         1635    i.HAL_DMA2D_MspInit  stm32f4xx_hal_dma2d.o
    0x08000df4   0x0000010c   Code   RO         1636    i.HAL_DMA2D_PollForTransfer  stm32f4xx_hal_dma2d.o
    0x08000f00   0x00000034   Code   RO         1639    i.HAL_DMA2D_Start   stm32f4xx_hal_dma2d.o
    0x08000f34   0x00000056   Code   RO         1470    i.HAL_DMA_DeInit    stm32f4xx_hal_dma.o
    0x08000f8a   0x00000002   PAD
    0x08000f8c   0x000000d4   Code   RO         1474    i.HAL_DMA_Init      stm32f4xx_hal_dma.o
    0x08001060   0x00000024   Code   RO          827    i.HAL_Delay         stm32f4xx_hal.o
    0x08001084   0x00000002   Code   RO         1139    i.HAL_GPIO_EXTI_Callback  stm32f4xx_hal_gpio.o
    0x08001086   0x00000002   PAD
    0x08001088   0x00000018   Code   RO         1140    i.HAL_GPIO_EXTI_IRQHandler  stm32f4xx_hal_gpio.o
    0x080010a0   0x000001cc   Code   RO         1141    i.HAL_GPIO_Init     stm32f4xx_hal_gpio.o
    0x0800126c   0x0000000a   Code   RO         1143    i.HAL_GPIO_ReadPin  stm32f4xx_hal_gpio.o
    0x08001276   0x00000008   Code   RO         1144    i.HAL_GPIO_TogglePin  stm32f4xx_hal_gpio.o
    0x0800127e   0x0000000a   Code   RO         1145    i.HAL_GPIO_WritePin  stm32f4xx_hal_gpio.o
    0x08001288   0x0000000c   Code   RO          835    i.HAL_GetTick       stm32f4xx_hal.o
    0x08001294   0x00000010   Code   RO          839    i.HAL_IncTick       stm32f4xx_hal.o
    0x080012a4   0x00000034   Code   RO          840    i.HAL_Init          stm32f4xx_hal.o
    0x080012d8   0x00000040   Code   RO          841    i.HAL_InitTick      stm32f4xx_hal.o
    0x08001318   0x00000052   Code   RO         2347    i.HAL_LTDC_ConfigLayer  stm32f4xx_hal_ltdc.o
    0x0800136a   0x00000002   PAD
    0x0800136c   0x00000030   Code   RO         2359    i.HAL_LTDC_EnableDither  stm32f4xx_hal_ltdc.o
    0x0800139c   0x000000f4   Code   RO         2364    i.HAL_LTDC_Init     stm32f4xx_hal_ltdc.o
    0x08001490   0x00000002   Code   RO         2367    i.HAL_LTDC_MspInit  stm32f4xx_hal_ltdc.o
    0x08001492   0x00000002   Code   RO          843    i.HAL_MspInit       stm32f4xx_hal.o
    0x08001494   0x00000016   Code   RO         1008    i.HAL_NVIC_EnableIRQ  stm32f4xx_hal_cortex.o
    0x080014aa   0x00000002   PAD
    0x080014ac   0x00000040   Code   RO         1014    i.HAL_NVIC_SetPriority  stm32f4xx_hal_cortex.o
    0x080014ec   0x00000024   Code   RO         1015    i.HAL_NVIC_SetPriorityGrouping  stm32f4xx_hal_cortex.o
    0x08001510   0x00000070   Code   RO         3245    i.HAL_PWREx_EnableOverDrive  stm32f4xx_hal_pwr_ex.o
    0x08001580   0x00000234   Code   RO         3179    i.HAL_RCCEx_PeriphCLKConfig  stm32f4xx_hal_rcc_ex.o
    0x080017b4   0x00000130   Code   RO         3072    i.HAL_RCC_ClockConfig  stm32f4xx_hal_rcc.o
    0x080018e4   0x00000060   Code   RO         3081    i.HAL_RCC_GetSysClockFreq  stm32f4xx_hal_rcc.o
    0x08001944   0x0000031c   Code   RO         3084    i.HAL_RCC_OscConfig  stm32f4xx_hal_rcc.o
    0x08001c60   0x00000042   Code   RO         1210    i.HAL_SDRAM_Init    stm32f4xx_hal_sdram.o
    0x08001ca2   0x00000002   Code   RO         1212    i.HAL_SDRAM_MspInit  stm32f4xx_hal_sdram.o
    0x08001ca4   0x00000022   Code   RO         1213    i.HAL_SDRAM_ProgramRefreshRate  stm32f4xx_hal_sdram.o
    0x08001cc6   0x00000002   PAD
    0x08001cc8   0x00000030   Code   RO         1219    i.HAL_SDRAM_SendCommand  stm32f4xx_hal_sdram.o
    0x08001cf8   0x0000002e   Code   RO         1815    i.HAL_SPI_DeInit    stm32f4xx_hal_spi.o
    0x08001d26   0x00000006   Code   RO         1818    i.HAL_SPI_GetState  stm32f4xx_hal_spi.o
    0x08001d2c   0x0000008c   Code   RO         1820    i.HAL_SPI_Init      stm32f4xx_hal_spi.o
    0x08001db8   0x00000002   Code   RO         1821    i.HAL_SPI_MspDeInit  stm32f4xx_hal_spi.o
    0x08001dba   0x00000002   Code   RO         1822    i.HAL_SPI_MspInit   stm32f4xx_hal_spi.o
    0x08001dbc   0x000001f2   Code   RO         1823    i.HAL_SPI_Receive   stm32f4xx_hal_spi.o
    0x08001fae   0x0000019a   Code   RO         1828    i.HAL_SPI_Transmit  stm32f4xx_hal_spi.o
    0x08002148   0x0000026e   Code   RO         1829    i.HAL_SPI_TransmitReceive  stm32f4xx_hal_spi.o
    0x080023b6   0x00000028   Code   RO         1019    i.HAL_SYSTICK_Config  stm32f4xx_hal_cortex.o
    0x080023de   0x00000002   Code   RO         3645    i.HardFault_Handler  stm32f4xx_it.o
    0x080023e0   0x00000048   Code   RO         3499    i.LCD_Config        main.o
    0x08002428   0x00000004   Code   RO          173    i.LCD_Delay         stm32f429i_discovery.o
    0x0800242c   0x0000001c   Code   RO          401    i.LCD_DrawPixel     stm32f429i_discovery_lcd.o
    0x08002448   0x000000a8   Code   RO          174    i.LCD_IO_Init       stm32f429i_discovery.o
    0x080024f0   0x0000006c   Code   RO          175    i.LCD_IO_ReadData   stm32f429i_discovery.o
    0x0800255c   0x00000038   Code   RO          176    i.LCD_IO_WriteData  stm32f429i_discovery.o
    0x08002594   0x00000038   Code   RO          177    i.LCD_IO_WriteReg   stm32f429i_discovery.o
    0x080025cc   0x00000162   Code   RO         2383    i.LTDC_SetConfig    stm32f4xx_hal_ltdc.o
    0x0800272e   0x00000002   PAD
    0x08002730   0x0000003c   Code   RO         3500    i.LTDC_switch_framebuffer  main.o
    0x0800276c   0x00000002   Code   RO         3646    i.MemManage_Handler  stm32f4xx_it.o
    0x0800276e   0x00000002   Code   RO         3647    i.NMI_Handler       stm32f4xx_it.o
    0x08002770   0x00000020   Code   RO         1021    i.NVIC_SetPriority  stm32f4xx_hal_cortex.o
    0x08002790   0x00000002   Code   RO         3648    i.PendSV_Handler    stm32f4xx_it.o
    0x08002792   0x00000020   Code   RO         1846    i.SPI_CheckFlag_BSY  stm32f4xx_hal_spi.o
    0x080027b2   0x00000096   Code   RO         1866    i.SPI_WaitFlagStateUntilTimeout  stm32f4xx_hal_spi.o
    0x08002848   0x00000014   Code   RO          178    i.SPIx_Error        stm32f429i_discovery.o
    0x0800285c   0x0000009c   Code   RO          179    i.SPIx_Init         stm32f429i_discovery.o
    0x080028f8   0x00000024   Code   RO          180    i.SPIx_Write        stm32f429i_discovery.o
    0x0800291c   0x00000002   Code   RO         3649    i.SVC_Handler       stm32f4xx_it.o
    0x0800291e   0x0000000e   Code   RO         3650    i.SysTick_Handler   stm32f4xx_it.o
    0x0800292c   0x0000007c   Code   RO         3501    i.SystemClock_Config  main.o
    0x080029a8   0x00000054   Code   RO           14    i.SystemInit        system_stm32f4xx.o
    0x080029fc   0x00000024   Code   RO         3502    i.Toggle_Leds       main.o
    0x08002a20   0x00000022   Code   RO         3746    i.Update_animation  graphics.o
    0x08002a42   0x00000002   PAD
    0x08002a44   0x00000078   Code   RO         3747    i.Update_postion    graphics.o
    0x08002abc   0x00000002   Code   RO         3651    i.UsageFault_Handler  stm32f4xx_it.o
    0x08002abe   0x0000000e   Code   RO         4131    i.__scatterload_copy  mc_w.l(handlers.o)
    0x08002acc   0x00000002   Code   RO         4132    i.__scatterload_null  mc_w.l(handlers.o)
    0x08002ace   0x0000000e   Code   RO         4133    i.__scatterload_zeroinit  mc_w.l(handlers.o)
    0x08002adc   0x00000070   Code   RO         3750    i.collision         graphics.o
    0x08002b4c   0x00000018   Code   RO         3503    i.ct_screen_backbuffer_ptr  main.o
    0x08002b64   0x00000058   Code   RO         3504    i.ct_screen_init    main.o
    0x08002bbc   0x00000006   Code   RO         3428    i.ili9341_DisplayOff  ili9341.o
    0x08002bc2   0x00000006   Code   RO         3429    i.ili9341_DisplayOn  ili9341.o
    0x08002bc8   0x00000006   Code   RO         3430    i.ili9341_GetLcdPixelHeight  ili9341.o
    0x08002bce   0x00000004   Code   RO         3431    i.ili9341_GetLcdPixelWidth  ili9341.o
    0x08002bd2   0x00000292   Code   RO         3432    i.ili9341_Init      ili9341.o
    0x08002e64   0x00000012   Code   RO         3434    i.ili9341_ReadID    ili9341.o
    0x08002e76   0x00000002   PAD
    0x08002e78   0x00000088   Code   RO         3505    i.init_bird         main.o
    0x08002f00   0x000000b0   Code   RO         3506    i.init_pipes        main.o
    0x08002fb0   0x000001dc   Code   RO         3507    i.main              main.o
    0x0800318c   0x0000006c   Code   RO         4006    i.malloc            mc_w.l(malloc.o)
    0x080031f8   0x00000054   Code   RO         3508    i.process_input     main.o
    0x0800324c   0x00000010   Data   RO           15    .constdata          system_stm32f4xx.o
    0x0800325c   0x00000008   Data   RO          183    .constdata          stm32f429i_discovery.o
    0x08003264   0x00001ab8   Data   RO          407    .constdata          stm32f429i_discovery_lcd.o
    0x08004d1c   0x00000008   Data   RO         1480    .constdata          stm32f4xx_hal_dma.o
    0x08004d24   0x00025800   Data   RO         3510    .constdata          main.o
    0x0802a524   0x00000800   Data   RO         3511    .constdata          main.o
    0x0802ad24   0x000097d8   Data   RO         3512    .constdata          main.o
    0x080344fc   0x00000020   Data   RO         4129    Region$$Table       anon$$obj.o


    Execution Region RW_IRAM1 (Base: 0x20000000, Size: 0x000207c0, Max: 0x00030000, ABSOLUTE)

    Base Addr    Size         Type   Attr      Idx    E Section Name        Object

    0x20000000   0x00000004   Data   RW           17    .data               system_stm32f4xx.o
    0x20000004   0x00000018   Data   RW          184    .data               stm32f429i_discovery.o
    0x2000001c   0x00000010   Data   RW          412    .data               stm32f429i_discovery_lcd.o
    0x2000002c   0x00000001   Data   RW          750    .data               stm32f429i_discovery_sdram.o
    0x2000002d   0x00000003   PAD
    0x20000030   0x0000000c   Data   RW          847    .data               stm32f4xx_hal.o
    0x2000003c   0x00000038   Data   RW         3437    .data               ili9341.o
    0x20000074   0x0000001c   Data   RW         3513    .data               main.o
    0x20000090   0x00000004   Data   RW         3999    .data               mc_w.l(rand.o)
    0x20000094   0x00000004   Data   RW         4093    .data               mc_w.l(mvars.o)
    0x20000098   0x00000004   Data   RW         4094    .data               mc_w.l(mvars.o)
    0x2000009c   0x000000ac   Zero   RW          182    .bss                stm32f429i_discovery.o
    0x20000148   0x00000130   Zero   RW          406    .bss                stm32f429i_discovery_lcd.o
    0x20000278   0x00000120   Zero   RW          749    .bss                stm32f429i_discovery_sdram.o
    0x20000398   0x00000424   Zero   RW         3509    .bss                main.o
    0x200007bc   0x00000004   PAD
    0x200007c0   0x00010000   Zero   RW            2    HEAP                startup_stm32f429xx.o
    0x200107c0   0x00010000   Zero   RW            1    STACK               startup_stm32f429xx.o


==============================================================================

Image component sizes


      Code (inc. data)   RO Data    RW Data    ZI Data      Debug   Object Name

       498          6          0          0          0       6931   graphics.o
       698          0          0         56          0       8947   ili9341.o
      1276        132     194520         28       1060      10775   main.o
        36          8        428          0     131072        852   startup_stm32f429xx.o
       872        130          8         24        172      15327   stm32f429i_discovery.o
       892         96       6840         16        304      15709   stm32f429i_discovery_lcd.o
       612         54          0          1        288       3923   stm32f429i_discovery_sdram.o
       182         28          0         12          0       5199   stm32f4xx_hal.o
       194         14          0          0          0      30607   stm32f4xx_hal_cortex.o
       422         12          8          0          0       3704   stm32f4xx_hal_dma.o
       730          6          0          0          0       6267   stm32f4xx_hal_dma2d.o
       514         58          0          0          0       4996   stm32f4xx_hal_gpio.o
       730         12          0          0          0       4218   stm32f4xx_hal_ltdc.o
       112         14          0          0          0       1316   stm32f4xx_hal_pwr_ex.o
      1196         52          0          0          0       4014   stm32f4xx_hal_rcc.o
       564         36          0          0          0       1624   stm32f4xx_hal_rcc_ex.o
       150          0          0          0          0       3340   stm32f4xx_hal_sdram.o
      1908          0          0          0          0       9724   stm32f4xx_hal_spi.o
        36          0          0          0          0       4737   stm32f4xx_it.o
       292          4          0          0          0       3576   stm32f4xx_ll_fmc.o
        84         18         16          4          0     747519   system_stm32f4xx.o

    ----------------------------------------------------------------------
     12018        680     201852        144     132900     893305   Object Totals
         0          0         32          0          0          0   (incl. Generated)
        20          0          0          3          4          0   (incl. Padding)

    ----------------------------------------------------------------------

      Code (inc. data)   RO Data    RW Data    ZI Data      Debug   Library Member Name

         0          0          0          0          0          0   entry.o
         0          0          0          0          0          0   entry10a.o
         0          0          0          0          0          0   entry11a.o
         8          4          0          0          0          0   entry2.o
         4          0          0          0          0          0   entry5.o
         0          0          0          0          0          0   entry7b.o
         0          0          0          0          0          0   entry8b.o
         8          4          0          0          0          0   entry9a.o
        30          0          0          0          0          0   handlers.o
        36          8          0          0          0         68   init.o
        30          0          0          0          0         68   llshl.o
        32          0          0          0          0         68   llushr.o
       108         16          0          0          0         84   malloc.o
        36          0          0          0          0         68   memcpya.o
         0          0          0          8          0          0   mvars.o
        36         10          0          4          0        136   rand.o
        98          0          0          0          0         92   uldiv.o

    ----------------------------------------------------------------------
       430         42          0         12          0        584   Library Totals
         4          0          0          0          0          0   (incl. Padding)

    ----------------------------------------------------------------------

      Code (inc. data)   RO Data    RW Data    ZI Data      Debug   Library Name

       426         42          0         12          0        584   mc_w.l

    ----------------------------------------------------------------------
       430         42          0         12          0        584   Library Totals

    ----------------------------------------------------------------------

==============================================================================


      Code (inc. data)   RO Data    RW Data    ZI Data      Debug   

     12448        722     201852        156     132900     883637   Grand Totals
     12448        722     201852        156     132900     883637   ELF Image Totals
     12448        722     201852        156          0          0   ROM Totals

==============================================================================

    Total RO  Size (Code + RO Data)               214300 ( 209.28kB)
    Total RW  Size (RW Data + ZI Data)            133056 ( 129.94kB)
    Total ROM Size (Code + RO Data + RW Data)     214456 ( 209.43kB)

==============================================================================

